../Core/Src/main.c:113:5:main	8	static
../Core/Src/main.c:180:6:SystemClock_Config	96	static
../Core/Src/main.c:240:6:PeriphCommonClock_Config	152	static
../Core/Src/main.c:271:13:MX_ADC1_Init	48	static
../Core/Src/main.c:338:13:MX_ADC2_Init	32	static
../Core/Src/main.c:396:13:MX_ADC3_Init	32	static
../Core/Src/main.c:454:13:MX_DCMI_Init	8	static
../Core/Src/main.c:491:13:MX_DFSDM1_Init	8	static
../Core/Src/main.c:546:13:MX_I2C1_Init	8	static
../Core/Src/main.c:594:13:MX_I2C2_Init	8	static
../Core/Src/main.c:642:13:MX_LPUART1_UART_Init	8	static
../Core/Src/main.c:676:13:MX_USART1_UART_Init	8	static
../Core/Src/main.c:711:13:MX_USART2_UART_Init	8	static
../Core/Src/main.c:746:13:MX_QUADSPI_Init	8	static
../Core/Src/main.c:781:13:MX_RTC_Init	32	static
../Core/Src/main.c:845:13:MX_SAI1_Init	8	static
../Core/Src/main.c:920:13:MX_SDMMC1_SD_Init	8	static
../Core/Src/main.c:956:13:MX_SPI1_Init	8	static
../Core/Src/main.c:996:13:MX_SPI2_Init	8	static
../Core/Src/main.c:1032:13:MX_FMC_Init	40	static
../Core/Src/main.c:1125:13:MX_GPIO_Init	64	static
../Core/Src/main.c:1199:6:Error_Handler	4	static,ignoring_inline_asm
