Archive member included to satisfy reference by file (symbol)

C:/ST/STM32CubeIDE_1.18.0/STM32CubeIDE/plugins/com.st.stm32cube.ide.mcu.externaltools.gnu-tools-for-stm32.13.3.rel1.win32_1.0.0.202411081344/tools/bin/../lib/gcc/arm-none-eabi/13.3.1/../../../../arm-none-eabi/lib/thumb/v7e-m+fp/hard\libc_nano.a(libc_a-exit.o)
                              C:/ST/STM32CubeIDE_1.18.0/STM32CubeIDE/plugins/com.st.stm32cube.ide.mcu.externaltools.gnu-tools-for-stm32.13.3.rel1.win32_1.0.0.202411081344/tools/bin/../lib/gcc/arm-none-eabi/13.3.1/../../../../arm-none-eabi/lib/thumb/v7e-m+fp/hard/crt0.o (exit)
C:/ST/STM32CubeIDE_1.18.0/STM32CubeIDE/plugins/com.st.stm32cube.ide.mcu.externaltools.gnu-tools-for-stm32.13.3.rel1.win32_1.0.0.202411081344/tools/bin/../lib/gcc/arm-none-eabi/13.3.1/../../../../arm-none-eabi/lib/thumb/v7e-m+fp/hard\libc_nano.a(libc_a-findfp.o)
                              C:/ST/STM32CubeIDE_1.18.0/STM32CubeIDE/plugins/com.st.stm32cube.ide.mcu.externaltools.gnu-tools-for-stm32.13.3.rel1.win32_1.0.0.202411081344/tools/bin/../lib/gcc/arm-none-eabi/13.3.1/../../../../arm-none-eabi/lib/thumb/v7e-m+fp/hard\libc_nano.a(libc_a-exit.o) (__stdio_exit_handler)
C:/ST/STM32CubeIDE_1.18.0/STM32CubeIDE/plugins/com.st.stm32cube.ide.mcu.externaltools.gnu-tools-for-stm32.13.3.rel1.win32_1.0.0.202411081344/tools/bin/../lib/gcc/arm-none-eabi/13.3.1/../../../../arm-none-eabi/lib/thumb/v7e-m+fp/hard\libc_nano.a(libc_a-fwalk.o)
                              C:/ST/STM32CubeIDE_1.18.0/STM32CubeIDE/plugins/com.st.stm32cube.ide.mcu.externaltools.gnu-tools-for-stm32.13.3.rel1.win32_1.0.0.202411081344/tools/bin/../lib/gcc/arm-none-eabi/13.3.1/../../../../arm-none-eabi/lib/thumb/v7e-m+fp/hard\libc_nano.a(libc_a-findfp.o) (_fwalk_sglue)
C:/ST/STM32CubeIDE_1.18.0/STM32CubeIDE/plugins/com.st.stm32cube.ide.mcu.externaltools.gnu-tools-for-stm32.13.3.rel1.win32_1.0.0.202411081344/tools/bin/../lib/gcc/arm-none-eabi/13.3.1/../../../../arm-none-eabi/lib/thumb/v7e-m+fp/hard\libc_nano.a(libc_a-printf.o)
                              ./Core/Src/main.o (printf)
C:/ST/STM32CubeIDE_1.18.0/STM32CubeIDE/plugins/com.st.stm32cube.ide.mcu.externaltools.gnu-tools-for-stm32.13.3.rel1.win32_1.0.0.202411081344/tools/bin/../lib/gcc/arm-none-eabi/13.3.1/../../../../arm-none-eabi/lib/thumb/v7e-m+fp/hard\libc_nano.a(libc_a-puts.o)
                              ./Core/Src/main.o (puts)
C:/ST/STM32CubeIDE_1.18.0/STM32CubeIDE/plugins/com.st.stm32cube.ide.mcu.externaltools.gnu-tools-for-stm32.13.3.rel1.win32_1.0.0.202411081344/tools/bin/../lib/gcc/arm-none-eabi/13.3.1/../../../../arm-none-eabi/lib/thumb/v7e-m+fp/hard\libc_nano.a(libc_a-stdio.o)
                              C:/ST/STM32CubeIDE_1.18.0/STM32CubeIDE/plugins/com.st.stm32cube.ide.mcu.externaltools.gnu-tools-for-stm32.13.3.rel1.win32_1.0.0.202411081344/tools/bin/../lib/gcc/arm-none-eabi/13.3.1/../../../../arm-none-eabi/lib/thumb/v7e-m+fp/hard\libc_nano.a(libc_a-findfp.o) (__sread)
C:/ST/STM32CubeIDE_1.18.0/STM32CubeIDE/plugins/com.st.stm32cube.ide.mcu.externaltools.gnu-tools-for-stm32.13.3.rel1.win32_1.0.0.202411081344/tools/bin/../lib/gcc/arm-none-eabi/13.3.1/../../../../arm-none-eabi/lib/thumb/v7e-m+fp/hard\libc_nano.a(libc_a-wbuf.o)
                              C:/ST/STM32CubeIDE_1.18.0/STM32CubeIDE/plugins/com.st.stm32cube.ide.mcu.externaltools.gnu-tools-for-stm32.13.3.rel1.win32_1.0.0.202411081344/tools/bin/../lib/gcc/arm-none-eabi/13.3.1/../../../../arm-none-eabi/lib/thumb/v7e-m+fp/hard\libc_nano.a(libc_a-puts.o) (__swbuf_r)
C:/ST/STM32CubeIDE_1.18.0/STM32CubeIDE/plugins/com.st.stm32cube.ide.mcu.externaltools.gnu-tools-for-stm32.13.3.rel1.win32_1.0.0.202411081344/tools/bin/../lib/gcc/arm-none-eabi/13.3.1/../../../../arm-none-eabi/lib/thumb/v7e-m+fp/hard\libc_nano.a(libc_a-wsetup.o)
                              C:/ST/STM32CubeIDE_1.18.0/STM32CubeIDE/plugins/com.st.stm32cube.ide.mcu.externaltools.gnu-tools-for-stm32.13.3.rel1.win32_1.0.0.202411081344/tools/bin/../lib/gcc/arm-none-eabi/13.3.1/../../../../arm-none-eabi/lib/thumb/v7e-m+fp/hard\libc_nano.a(libc_a-puts.o) (__swsetup_r)
C:/ST/STM32CubeIDE_1.18.0/STM32CubeIDE/plugins/com.st.stm32cube.ide.mcu.externaltools.gnu-tools-for-stm32.13.3.rel1.win32_1.0.0.202411081344/tools/bin/../lib/gcc/arm-none-eabi/13.3.1/../../../../arm-none-eabi/lib/thumb/v7e-m+fp/hard\libc_nano.a(libc_a-memset.o)
                              C:/ST/STM32CubeIDE_1.18.0/STM32CubeIDE/plugins/com.st.stm32cube.ide.mcu.externaltools.gnu-tools-for-stm32.13.3.rel1.win32_1.0.0.202411081344/tools/bin/../lib/gcc/arm-none-eabi/13.3.1/../../../../arm-none-eabi/lib/thumb/v7e-m+fp/hard/crt0.o (memset)
C:/ST/STM32CubeIDE_1.18.0/STM32CubeIDE/plugins/com.st.stm32cube.ide.mcu.externaltools.gnu-tools-for-stm32.13.3.rel1.win32_1.0.0.202411081344/tools/bin/../lib/gcc/arm-none-eabi/13.3.1/../../../../arm-none-eabi/lib/thumb/v7e-m+fp/hard\libc_nano.a(libc_a-closer.o)
[...]
Memory Configuration

Name             Origin             Length             Attributes
RAM              0x20000000         0x00040000         xrw
RAM2             0x10000000         0x00010000         xrw
FLASH            0x08000000         0x00100000         xr
*default*        0x00000000         0xffffffff

Linker script and memory map

LOAD C:/ST/STM32CubeIDE_1.18.0/STM32CubeIDE/plugins/com.st.stm32cube.ide.mcu.externaltools.gnu-tools-for-stm32.13.3.rel1.win32_1.0.0.202411081344/tools/bin/../lib/gcc/arm-none-eabi/13.3.1/thumb/v7e-m+fp/hard/crti.o
LOAD C:/ST/STM32CubeIDE_1.18.0/STM32CubeIDE/plugins/com.st.stm32cube.ide.mcu.externaltools.gnu-tools-for-stm32.13.3.rel1.win32_1.0.0.202411081344/tools/bin/../lib/gcc/arm-none-eabi/13.3.1/thumb/v7e-m+fp/hard/crtbegin.o
LOAD C:/ST/STM32CubeIDE_1.18.0/STM32CubeIDE/plugins/com.st.stm32cube.ide.mcu.externaltools.gnu-tools-for-stm32.13.3.rel1.win32_1.0.0.202411081344/tools/bin/../lib/gcc/arm-none-eabi/13.3.1/../../../../arm-none-eabi/lib/thumb/v7e-m+fp/hard/crt0.o
LOAD ./Core/Src/main.o
LOAD ./Core/Src/stm32l4xx_hal_msp.o
LOAD ./Core/Src/stm32l4xx_it.o
LOAD ./Core/Src/syscalls.o
LOAD ./Core/Src/sysmem.o
LOAD ./Core/Src/system_stm32l4xx.o
LOAD ./Core/Startup/startup_stm32l496agix.o
LOAD ./Drivers/STM32L4xx_HAL_Driver/Src/stm32l4xx_hal.o
LOAD ./Drivers/STM32L4xx_HAL_Driver/Src/stm32l4xx_hal_adc.o
LOAD ./Drivers/STM32L4xx_HAL_Driver/Src/stm32l4xx_hal_adc_ex.o
LOAD ./Drivers/STM32L4xx_HAL_Driver/Src/stm32l4xx_hal_cortex.o
LOAD ./Drivers/STM32L4xx_HAL_Driver/Src/stm32l4xx_hal_dcmi.o
LOAD ./Drivers/STM32L4xx_HAL_Driver/Src/stm32l4xx_hal_dfsdm.o
LOAD ./Drivers/STM32L4xx_HAL_Driver/Src/stm32l4xx_hal_dma.o
LOAD ./Drivers/STM32L4xx_HAL_Driver/Src/stm32l4xx_hal_dma_ex.o
LOAD ./Drivers/STM32L4xx_HAL_Driver/Src/stm32l4xx_hal_exti.o
LOAD ./Drivers/STM32L4xx_HAL_Driver/Src/stm32l4xx_hal_flash.o
LOAD ./Drivers/STM32L4xx_HAL_Driver/Src/stm32l4xx_hal_flash_ex.o
LOAD ./Drivers/STM32L4xx_HAL_Driver/Src/stm32l4xx_hal_flash_ramfunc.o
LOAD ./Drivers/STM32L4xx_HAL_Driver/Src/stm32l4xx_hal_gpio.o
LOAD ./Drivers/STM32L4xx_HAL_Driver/Src/stm32l4xx_hal_i2c.o
LOAD ./Drivers/STM32L4xx_HAL_Driver/Src/stm32l4xx_hal_i2c_ex.o
LOAD ./Drivers/STM32L4xx_HAL_Driver/Src/stm32l4xx_hal_mmc.o
LOAD ./Drivers/STM32L4xx_HAL_Driver/Src/stm32l4xx_hal_mmc_ex.o
LOAD ./Drivers/STM32L4xx_HAL_Driver/Src/stm32l4xx_hal_nand.o
LOAD ./Drivers/STM32L4xx_HAL_Driver/Src/stm32l4xx_hal_nor.o
LOAD ./Drivers/STM32L4xx_HAL_Driver/Src/stm32l4xx_hal_pcd.o
LOAD ./Drivers/STM32L4xx_HAL_Driver/Src/stm32l4xx_hal_pcd_ex.o
LOAD ./Drivers/STM32L4xx_HAL_Driver/Src/stm32l4xx_hal_pwr.o
LOAD ./Drivers/STM32L4xx_HAL_Driver/Src/stm32l4xx_hal_pwr_ex.o
LOAD ./Drivers/STM32L4xx_HAL_Driver/Src/stm32l4xx_hal_qspi.o
LOAD ./Drivers/STM32L4xx_HAL_Driver/Src/stm32l4xx_hal_rcc.o
LOAD ./Drivers/STM32L4xx_HAL_Driver/Src/stm32l4xx_hal_rcc_ex.o
LOAD ./Drivers/STM32L4xx_HAL_Driver/Src/stm32l4xx_hal_sai.o
LOAD ./Drivers/STM32L4xx_HAL_Driver/Src/stm32l4xx_hal_sai_ex.o
LOAD ./Drivers/STM32L4xx_HAL_Driver/Src/stm32l4xx_hal_sd.o
LOAD ./Drivers/STM32L4xx_HAL_Driver/Src/stm32l4xx_hal_sd_ex.o
LOAD ./Drivers/STM32L4xx_HAL_Driver/Src/stm32l4xx_hal_spi.o
LOAD ./Drivers/STM32L4xx_HAL_Driver/Src/stm32l4xx_hal_spi_ex.o
LOAD ./Drivers/STM32L4xx_HAL_Driver/Src/stm32l4xx_hal_sram.o
LOAD ./Drivers/STM32L4xx_HAL_Driver/Src/stm32l4xx_hal_uart.o
LOAD ./Drivers/STM32L4xx_HAL_Driver/Src/stm32l4xx_hal_uart_ex.o
LOAD ./Drivers/STM32L4xx_HAL_Driver/Src/stm32l4xx_ll_fmc.o
LOAD ./Drivers/STM32L4xx_HAL_Driver/Src/stm32l4xx_ll_sdmmc.o
LOAD ./Drivers/STM32L4xx_HAL_Driver/Src/stm32l4xx_ll_usb.o
LOAD ./Middlewares/ST/STM32_USB_Device_Library/Class/CDC/Src/usbd_cdc.o
LOAD ./Middlewares/ST/STM32_USB_Device_Library/Core/Src/usbd_core.o
LOAD ./Middlewares/ST/STM32_USB_Device_Library/Core/Src/usbd_ctlreq.o
LOAD ./Middlewares/ST/STM32_USB_Device_Library/Core/Src/usbd_ioreq.o
LOAD ./USB_DEVICE/App/usb_device.o
LOAD ./USB_DEVICE/App/usbd_cdc_if.o
LOAD ./USB_DEVICE/App/usbd_desc.o
LOAD ./USB_DEVICE/Target/usbd_conf.o
START GROUP
LOAD C:/ST/STM32CubeIDE_1.18.0/STM32CubeIDE/plugins/com.st.stm32cube.ide.mcu.externaltools.gnu-tools-for-stm32.13.3.rel1.win32_1.0.0.202411081344/tools/bin/../lib/gcc/arm-none-eabi/13.3.1/../../../../arm-none-eabi/lib/thumb/v7e-m+fp/hard\libc_nano.a
LOAD C:/ST/STM32CubeIDE_1.18.0/STM32CubeIDE/plugins/com.st.stm32cube.ide.mcu.externaltools.gnu-tools-for-stm32.13.3.rel1.win32_1.0.0.202411081344/tools/bin/../lib/gcc/arm-none-eabi/13.3.1/../../../../arm-none-eabi/lib/thumb/v7e-m+fp/hard\libm.a
END GROUP
START GROUP
LOAD C:/ST/STM32CubeIDE_1.18.0/STM32CubeIDE/plugins/com.st.stm32cube.ide.mcu.externaltools.gnu-tools-for-stm32.13.3.rel1.win32_1.0.0.202411081344/tools/bin/../lib/gcc/arm-none-eabi/13.3.1/thumb/v7e-m+fp/hard\libgcc.a
LOAD C:/ST/STM32CubeIDE_1.18.0/STM32CubeIDE/plugins/com.st.stm32cube.ide.mcu.externaltools.gnu-tools-for-stm32.13.3.rel1.win32_1.0.0.202411081344/tools/bin/../lib/gcc/arm-none-eabi/13.3.1/../../../../arm-none-eabi/lib/thumb/v7e-m+fp/hard\libc_nano.a
END GROUP
START GROUP
LOAD C:/ST/STM32CubeIDE_1.18.0/STM32CubeIDE/plugins/com.st.stm32cube.ide.mcu.externaltools.gnu-tools-for-stm32.13.3.rel1.win32_1.0.0.202411081344/tools/bin/../lib/gcc/arm-none-eabi/13.3.1/thumb/v7e-m+fp/hard\libgcc.a
LOAD C:/ST/STM32CubeIDE_1.18.0/STM32CubeIDE/plugins/com.st.stm32cube.ide.mcu.externaltools.gnu-tools-for-stm32.13.3.rel1.win32_1.0.0.202411081344/tools/bin/../lib/gcc/arm-none-eabi/13.3.1/../../../../arm-none-eabi/lib/thumb/v7e-m+fp/hard\libc_nano.a
LOAD C:/ST/STM32CubeIDE_1.18.0/STM32CubeIDE/plugins/com.st.stm32cube.ide.mcu.externaltools.gnu-tools-for-stm32.13.3.rel1.win32_1.0.0.202411081344/tools/bin/../lib/gcc/arm-none-eabi/13.3.1/../../../../arm-none-eabi/lib/thumb/v7e-m+fp/hard\libnosys.a
END GROUP
START GROUP
LOAD C:/ST/STM32CubeIDE_1.18.0/STM32CubeIDE/plugins/com.st.stm32cube.ide.mcu.externaltools.gnu-tools-for-stm32.13.3.rel1.win32_1.0.0.202411081344/tools/bin/../lib/gcc/arm-none-eabi/13.3.1/thumb/v7e-m+fp/hard\libgcc.a
LOAD C:/ST/STM32CubeIDE_1.18.0/STM32CubeIDE/plugins/com.st.stm32cube.ide.mcu.externaltools.gnu-tools-for-stm32.13.3.rel1.win32_1.0.0.202411081344/tools/bin/../lib/gcc/arm-none-eabi/13.3.1/../../../../arm-none-eabi/lib/thumb/v7e-m+fp/hard\libc_nano.a
LOAD C:/ST/STM32CubeIDE_1.18.0/STM32CubeIDE/plugins/com.st.stm32cube.ide.mcu.externaltools.gnu-tools-for-stm32.13.3.rel1.win32_1.0.0.202411081344/tools/bin/../lib/gcc/arm-none-eabi/13.3.1/../../../../arm-none-eabi/lib/thumb/v7e-m+fp/hard\libnosys.a
END GROUP
LOAD C:/ST/STM32CubeIDE_1.18.0/STM32CubeIDE/plugins/com.st.stm32cube.ide.mcu.externaltools.gnu-tools-for-stm32.13.3.rel1.win32_1.0.0.202411081344/tools/bin/../lib/gcc/arm-none-eabi/13.3.1/thumb/v7e-m+fp/hard/crtend.o
LOAD C:/ST/STM32CubeIDE_1.18.0/STM32CubeIDE/plugins/com.st.stm32cube.ide.mcu.externaltools.gnu-tools-for-stm32.13.3.rel1.win32_1.0.0.202411081344/tools/bin/../lib/gcc/arm-none-eabi/13.3.1/thumb/v7e-m+fp/hard/crtn.o
                0x20040000                        _estack = (ORIGIN (RAM) + LENGTH (RAM))
                0x00000200                        _Min_Heap_Size = 0x200
                0x00000400                        _Min_Stack_Size = 0x400

.isr_vector     0x08000000      0x1ac
                0x08000000                        . = ALIGN (0x4)
 *(.isr_vector)
 .isr_vector    0x08000000      0x1ac ./Core/Startup/startup_stm32l496agix.o
                0x08000000                g_pfnVectors
                0x080001ac                        . = ALIGN (0x4)

.text           0x080001b0     0xed8c
                0x080001b0                        . = ALIGN (0x4)
 *(.text)
 .text          0x080001b0       0x40 C:/ST/STM32CubeIDE_1.18.0/STM32CubeIDE/plugins/com.st.stm32cube.ide.mcu.externaltools.gnu-tools-for-stm32.13.3.rel1.win32_1.0.0.202411081344/tools/bin/../lib/gcc/arm-none-eabi/13.3.1/thumb/v7e-m+fp/hard/crtbegin.o
 .text          0x080001f0       0xa0 C:/ST/STM32CubeIDE_1.18.0/STM32CubeIDE/plugins/com.st.stm32cube.ide.mcu.externaltools.gnu-tools-for-stm32.13.3.rel1.win32_1.0.0.202411081344/tools/bin/../lib/gcc/arm-none-eabi/13.3.1/../../../../arm-none-eabi/lib/thumb/v7e-m+fp/hard\libc_nano.a(libc_a-memchr.o)
                0x080001f0                memchr
 .text          0x08000290       0x30 C:/ST/STM32CubeIDE_1.18.0/STM32CubeIDE/plugins/com.st.stm32cube.ide.mcu.externaltools.gnu-tools-for-stm32.13.3.rel1.win32_1.0.0.202411081344/tools/bin/../lib/gcc/arm-none-eabi/13.3.1/thumb/v7e-m+fp/hard\libgcc.a(_aeabi_uldivmod.o)
                0x08000290                __aeabi_uldivmod
 .text          0x080002c0      0x2f8 C:/ST/STM32CubeIDE_1.18.0/STM32CubeIDE/plugins/com.st.stm32cube.ide.mcu.externaltools.gnu-tools-for-stm32.13.3.rel1.win32_1.0.0.202411081344/tools/bin/../lib/gcc/arm-none-eabi/13.3.1/thumb/v7e-m+fp/hard\libgcc.a(_udivmoddi4.o)
                0x080002c0                __udivmoddi4
 .text          0x080005b8        0x4 C:/ST/STM32CubeIDE_1.18.0/STM32CubeIDE/plugins/com.st.stm32cube.ide.mcu.externaltools.gnu-tools-for-stm32.13.3.rel1.win32_1.0.0.202411081344/tools/bin/../lib/gcc/arm-none-eabi/13.3.1/thumb/v7e-m+fp/hard\libgcc.a(_dvmd_tls.o)
                0x080005b8                __aeabi_idiv0
                0x080005b8                __aeabi_ldiv0
 *(.text*)
 .text._write   0x080005bc       0x4c ./Core/Src/main.o
                0x080005bc                _write
 .text.main     0x08000608       0x98 ./Core/Src/main.o
                0x08000608                main
 .text.SystemClock_Config
                0x080006a0       0xc4 ./Core/Src/main.o
                0x080006a0                SystemClock_Config
 .text.PeriphCommonClock_Config
                0x08000764       0x6c ./Core/Src/main.o
                0x08000764                PeriphCommonClock_Config
 .text.MX_ADC1_Init
                0x080007d0       0xec ./Core/Src/main.o
 .text.MX_ADC2_Init
                0x080008bc       0xc8 ./Core/Src/main.o
 .text.MX_ADC3_Init
                0x08000984       0xc8 ./Core/Src/main.o
 .text.MX_DCMI_Init
                0x08000a4c       0x68 ./Core/Src/main.o
 .text.MX_DFSDM1_Init
                0x08000ab4       0xd8 ./Core/Src/main.o
 .text.MX_I2C1_Init
                0x08000b8c       0x80 ./Core/Src/main.o
 .text.MX_I2C2_Init
                0x08000c0c       0x80 ./Core/Src/main.o
 .text.MX_LPUART1_UART_Init
                0x08000c8c       0x5c ./Core/Src/main.o
 .text.MX_USART1_UART_Init
                0x08000ce8       0x60 ./Core/Src/main.o
 .text.MX_USART2_UART_Init
                0x08000d48       0x60 ./Core/Src/main.o
 .text.MX_QUADSPI_Init
                0x08000da8       0x58 ./Core/Src/main.o
 .text.MX_SAI1_Init
                0x08000e00      0x150 ./Core/Src/main.o
 .text.MX_SDMMC1_SD_Init
                0x08000f50       0x60 ./Core/Src/main.o
 .text.MX_SPI1_Init
                0x08000fb0       0x7c ./Core/Src/main.o
 .text.MX_SPI2_Init
                0x0800102c       0x7c ./Core/Src/main.o
 .text.MX_FMC_Init
                0x080010a8      0x15c ./Core/Src/main.o
 .text.MX_GPIO_Init
                0x08001204      0x1dc ./Core/Src/main.o
 .text.Error_Handler
                0x080013e0        0xc ./Core/Src/main.o
                0x080013e0                Error_Handler
 .text.HAL_MspInit
                0x080013ec       0x48 ./Core/Src/stm32l4xx_hal_msp.o
                0x080013ec                HAL_MspInit
 .text.HAL_ADC_MspInit
                0x08001434      0x1a0 ./Core/Src/stm32l4xx_hal_msp.o
                0x08001434                HAL_ADC_MspInit
 .text.HAL_DCMI_MspInit
                0x080015d4      0x100 ./Core/Src/stm32l4xx_hal_msp.o
                0x080015d4                HAL_DCMI_MspInit
 .text.HAL_DFSDM_ChannelMspInit
                0x080016d4      0x110 ./Core/Src/stm32l4xx_hal_msp.o
                0x080016d4                HAL_DFSDM_ChannelMspInit
 .text.HAL_I2C_MspInit
                0x080017e4      0x18c ./Core/Src/stm32l4xx_hal_msp.o
                0x080017e4                HAL_I2C_MspInit
 .text.HAL_UART_MspInit
                0x08001970      0x260 ./Core/Src/stm32l4xx_hal_msp.o
                0x08001970                HAL_UART_MspInit
 .text.HAL_QSPI_MspInit
                0x08001bd0       0xc4 ./Core/Src/stm32l4xx_hal_msp.o
                0x08001bd0                HAL_QSPI_MspInit
 .text.HAL_SD_MspInit
                0x08001c94       0xc4 ./Core/Src/stm32l4xx_hal_msp.o
                0x08001c94                HAL_SD_MspInit
 .text.HAL_SPI_MspInit
                0x08001d58      0x160 ./Core/Src/stm32l4xx_hal_msp.o
                0x08001d58                HAL_SPI_MspInit
 .text.HAL_FMC_MspInit
                0x08001eb8       0xdc ./Core/Src/stm32l4xx_hal_msp.o
 .text.HAL_SRAM_MspInit
                0x08001f94       0x14 ./Core/Src/stm32l4xx_hal_msp.o
                0x08001f94                HAL_SRAM_MspInit
 .text.HAL_SAI_MspInit
                0x08001fa8       0xf4 ./Core/Src/stm32l4xx_hal_msp.o
                0x08001fa8                HAL_SAI_MspInit
 .text.NMI_Handler
                0x0800209c        0x8 ./Core/Src/stm32l4xx_it.o
                0x0800209c                NMI_Handler
 .text.HardFault_Handler
                0x080020a4        0x8 ./Core/Src/stm32l4xx_it.o
                0x080020a4                HardFault_Handler
 .text.MemManage_Handler
                0x080020ac        0x8 ./Core/Src/stm32l4xx_it.o
                0x080020ac                MemManage_Handler
 .text.BusFault_Handler
                0x080020b4        0x8 ./Core/Src/stm32l4xx_it.o
                0x080020b4                BusFault_Handler
 .text.UsageFault_Handler
                0x080020bc        0x8 ./Core/Src/stm32l4xx_it.o
                0x080020bc                UsageFault_Handler
 .text.SVC_Handler
                0x080020c4        0xe ./Core/Src/stm32l4xx_it.o
                0x080020c4                SVC_Handler
 .text.DebugMon_Handler
                0x080020d2        0xe ./Core/Src/stm32l4xx_it.o
                0x080020d2                DebugMon_Handler
 .text.PendSV_Handler
                0x080020e0        0xe ./Core/Src/stm32l4xx_it.o
                0x080020e0                PendSV_Handler
 .text.SysTick_Handler
                0x080020ee        0xc ./Core/Src/stm32l4xx_it.o
                0x080020ee                SysTick_Handler
 *fill*         0x080020fa        0x2 
 .text.OTG_FS_IRQHandler
                0x080020fc       0x14 ./Core/Src/stm32l4xx_it.o
                0x080020fc                OTG_FS_IRQHandler
 .text._read    0x08002110       0x3a ./Core/Src/syscalls.o
                0x08002110                _read
 .text._close   0x0800214a       0x18 ./Core/Src/syscalls.o
                0x0800214a                _close
 .text._fstat   0x08002162       0x20 ./Core/Src/syscalls.o
                0x08002162                _fstat
 .text._isatty  0x08002182       0x16 ./Core/Src/syscalls.o
                0x08002182                _isatty
 .text._lseek   0x08002198       0x1a ./Core/Src/syscalls.o
                0x08002198                _lseek
 *fill*         0x080021b2        0x2 
 .text._sbrk    0x080021b4       0x6c ./Core/Src/sysmem.o
                0x080021b4                _sbrk
 .text.SystemInit
                0x08002220       0x24 ./Core/Src/system_stm32l4xx.o
                0x08002220                SystemInit
 .text.Reset_Handler
                0x08002244       0x50 ./Core/Startup/startup_stm32l496agix.o
                0x08002244                Reset_Handler
 .text.Default_Handler
                0x08002294        0x2 ./Core/Startup/startup_stm32l496agix.o
                0x08002294                RTC_Alarm_IRQHandler
                0x08002294                EXTI2_IRQHandler
                0x08002294                TIM8_TRG_COM_IRQHandler
                0x08002294                TIM8_CC_IRQHandler
                0x08002294                TIM1_CC_IRQHandler
                0x08002294                TSC_IRQHandler
                0x08002294                TAMP_STAMP_IRQHandler
                0x08002294                CAN2_RX1_IRQHandler
                0x08002294                EXTI3_IRQHandler
                0x08002294                LPTIM2_IRQHandler
                0x08002294                DFSDM1_FLT1_IRQHandler
                0x08002294                I2C3_ER_IRQHandler
                0x08002294                DFSDM1_FLT2_IRQHandler
                0x08002294                EXTI0_IRQHandler
                0x08002294                I2C2_EV_IRQHandler
                0x08002294                CAN1_RX0_IRQHandler
                0x08002294                FPU_IRQHandler
                0x08002294                TIM1_UP_TIM16_IRQHandler
                0x08002294                CAN2_SCE_IRQHandler
                0x08002294                ADC1_2_IRQHandler
                0x08002294                SPI1_IRQHandler
                0x08002294                TIM6_DAC_IRQHandler
                0x08002294                DCMI_IRQHandler
                0x08002294                CAN2_RX0_IRQHandler
                0x08002294                TIM8_UP_IRQHandler
                0x08002294                DMA2_Channel2_IRQHandler
                0x08002294                DMA1_Channel4_IRQHandler
                0x08002294                SAI2_IRQHandler
                0x08002294                DFSDM1_FLT3_IRQHandler
                0x08002294                USART3_IRQHandler
                0x08002294                DMA1_Channel7_IRQHandler
                0x08002294                CAN1_RX1_IRQHandler
                0x08002294                LCD_IRQHandler
                0x08002294                UART5_IRQHandler
                0x08002294                ADC3_IRQHandler
                0x08002294                TIM4_IRQHandler
                0x08002294                DMA2_Channel1_IRQHandler
                0x08002294                QUADSPI_IRQHandler
                0x08002294                I2C1_EV_IRQHandler
                0x08002294                DMA1_Channel6_IRQHandler
                0x08002294                UART4_IRQHandler
                0x08002294                DMA2_Channel4_IRQHandler
                0x08002294                TIM3_IRQHandler
                0x08002294                RCC_IRQHandler
                0x08002294                DMA1_Channel1_IRQHandler
                0x08002294                Default_Handler
                0x08002294                DMA2_Channel7_IRQHandler
                0x08002294                EXTI15_10_IRQHandler
                0x08002294                TIM7_IRQHandler
                0x08002294                SDMMC1_IRQHandler
                0x08002294                CAN2_TX_IRQHandler
                0x08002294                TIM5_IRQHandler
                0x08002294                I2C3_EV_IRQHandler
                0x08002294                EXTI9_5_IRQHandler
                0x08002294                RTC_WKUP_IRQHandler
                0x08002294                PVD_PVM_IRQHandler
                0x08002294                SPI2_IRQHandler
                0x08002294                CAN1_TX_IRQHandler
                0x08002294                DMA2_Channel5_IRQHandler
                0x08002294                CRS_IRQHandler
                0x08002294                DMA1_Channel5_IRQHandler
                0x08002294                EXTI4_IRQHandler
                0x08002294                RNG_IRQHandler
                0x08002294                TIM1_TRG_COM_TIM17_IRQHandler
                0x08002294                DMA1_Channel3_IRQHandler
                0x08002294                COMP_IRQHandler
                0x08002294                WWDG_IRQHandler
                0x08002294                I2C4_EV_IRQHandler
                0x08002294                LPUART1_IRQHandler
                0x08002294                DMA2_Channel6_IRQHandler
                0x08002294                TIM2_IRQHandler
                0x08002294                EXTI1_IRQHandler
                0x08002294                USART2_IRQHandler
                0x08002294                DFSDM1_FLT0_IRQHandler
                0x08002294                I2C2_ER_IRQHandler
                0x08002294                DMA1_Channel2_IRQHandler
                0x08002294                TIM8_BRK_IRQHandler
                0x08002294                CAN1_SCE_IRQHandler
                0x08002294                FLASH_IRQHandler
                0x08002294                USART1_IRQHandler
                0x08002294                SPI3_IRQHandler
                0x08002294                I2C1_ER_IRQHandler
                0x08002294                FMC_IRQHandler
                0x08002294                SWPMI1_IRQHandler
                0x08002294                LPTIM1_IRQHandler
                0x08002294                I2C4_ER_IRQHandler
                0x08002294                SAI1_IRQHandler
                0x08002294                DMA2_Channel3_IRQHandler
                0x08002294                TIM1_BRK_TIM15_IRQHandler
 .text.HAL_Init
                0x08002296       0x30 ./Drivers/STM32L4xx_HAL_Driver/Src/stm32l4xx_hal.o
                0x08002296                HAL_Init
 *fill*         0x080022c6        0x2 
 .text.HAL_InitTick
                0x080022c8       0x78 ./Drivers/STM32L4xx_HAL_Driver/Src/stm32l4xx_hal.o
                0x080022c8                HAL_InitTick
 .text.HAL_IncTick
                0x08002340       0x28 ./Drivers/STM32L4xx_HAL_Driver/Src/stm32l4xx_hal.o
                0x08002340                HAL_IncTick
 .text.HAL_GetTick
                0x08002368       0x18 ./Drivers/STM32L4xx_HAL_Driver/Src/stm32l4xx_hal.o
                0x08002368                HAL_GetTick
 .text.HAL_Delay
                0x08002380       0x48 ./Drivers/STM32L4xx_HAL_Driver/Src/stm32l4xx_hal.o
                0x08002380                HAL_Delay
 .text.LL_ADC_SetCommonClock
                0x080023c8       0x26 ./Drivers/STM32L4xx_HAL_Driver/Src/stm32l4xx_hal_adc.o
 .text.LL_ADC_SetCommonPathInternalCh
                0x080023ee       0x26 ./Drivers/STM32L4xx_HAL_Driver/Src/stm32l4xx_hal_adc.o
 .text.LL_ADC_GetCommonPathInternalCh
                0x08002414       0x1c ./Drivers/STM32L4xx_HAL_Driver/Src/stm32l4xx_hal_adc.o
 .text.LL_ADC_SetOffset
                0x08002430       0x48 ./Drivers/STM32L4xx_HAL_Driver/Src/stm32l4xx_hal_adc.o
 .text.LL_ADC_GetOffsetChannel
                0x08002478       0x2c ./Drivers/STM32L4xx_HAL_Driver/Src/stm32l4xx_hal_adc.o
 .text.LL_ADC_SetOffsetState
                0x080024a4       0x36 ./Drivers/STM32L4xx_HAL_Driver/Src/stm32l4xx_hal_adc.o
 .text.LL_ADC_SetSamplingTimeCommonConfig
                0x080024da       0x26 ./Drivers/STM32L4xx_HAL_Driver/Src/stm32l4xx_hal_adc.o
 .text.LL_ADC_REG_SetSequencerRanks
                0x08002500       0x58 ./Drivers/STM32L4xx_HAL_Driver/Src/stm32l4xx_hal_adc.o
 .text.LL_ADC_SetChannelSamplingTime
                0x08002558       0x56 ./Drivers/STM32L4xx_HAL_Driver/Src/stm32l4xx_hal_adc.o
 *fill*         0x080025ae        0x2 
 .text.LL_ADC_SetChannelSingleDiff
                0x080025b0       0x48 ./Drivers/STM32L4xx_HAL_Driver/Src/stm32l4xx_hal_adc.o
 .text.LL_ADC_DisableDeepPowerDown
                0x080025f8       0x24 ./Drivers/STM32L4xx_HAL_Driver/Src/stm32l4xx_hal_adc.o
 .text.LL_ADC_IsDeepPowerDownEnabled
                0x0800261c       0x28 ./Drivers/STM32L4xx_HAL_Driver/Src/stm32l4xx_hal_adc.o
 .text.LL_ADC_EnableInternalRegulator
                0x08002644       0x28 ./Drivers/STM32L4xx_HAL_Driver/Src/stm32l4xx_hal_adc.o
 .text.LL_ADC_IsInternalRegulatorEnabled
                0x0800266c       0x28 ./Drivers/STM32L4xx_HAL_Driver/Src/stm32l4xx_hal_adc.o
 .text.LL_ADC_IsEnabled
                0x08002694       0x26 ./Drivers/STM32L4xx_HAL_Driver/Src/stm32l4xx_hal_adc.o
 .text.LL_ADC_REG_IsConversionOngoing
                0x080026ba       0x26 ./Drivers/STM32L4xx_HAL_Driver/Src/stm32l4xx_hal_adc.o
 .text.LL_ADC_INJ_IsConversionOngoing
                0x080026e0       0x26 ./Drivers/STM32L4xx_HAL_Driver/Src/stm32l4xx_hal_adc.o
 *fill*         0x08002706        0x2 
 .text.HAL_ADC_Init
                0x08002708      0x2a8 ./Drivers/STM32L4xx_HAL_Driver/Src/stm32l4xx_hal_adc.o
                0x08002708                HAL_ADC_Init
 .text.HAL_ADC_ConfigChannel
                0x080029b0      0x818 ./Drivers/STM32L4xx_HAL_Driver/Src/stm32l4xx_hal_adc.o
                0x080029b0                HAL_ADC_ConfigChannel
 .text.LL_ADC_IsEnabled
                0x080031c8       0x26 ./Drivers/STM32L4xx_HAL_Driver/Src/stm32l4xx_hal_adc_ex.o
 .text.LL_ADC_REG_IsConversionOngoing
                0x080031ee       0x26 ./Drivers/STM32L4xx_HAL_Driver/Src/stm32l4xx_hal_adc_ex.o
 .text.HAL_ADCEx_MultiModeConfigChannel
                0x08003214      0x160 ./Drivers/STM32L4xx_HAL_Driver/Src/stm32l4xx_hal_adc_ex.o
                0x08003214                HAL_ADCEx_MultiModeConfigChannel
 .text.__NVIC_SetPriorityGrouping
                0x08003374       0x48 ./Drivers/STM32L4xx_HAL_Driver/Src/stm32l4xx_hal_cortex.o
 .text.__NVIC_GetPriorityGrouping
                0x080033bc       0x1c ./Drivers/STM32L4xx_HAL_Driver/Src/stm32l4xx_hal_cortex.o
 .text.__NVIC_EnableIRQ
                0x080033d8       0x3c ./Drivers/STM32L4xx_HAL_Driver/Src/stm32l4xx_hal_cortex.o
 .text.__NVIC_SetPriority
                0x08003414       0x54 ./Drivers/STM32L4xx_HAL_Driver/Src/stm32l4xx_hal_cortex.o
 .text.NVIC_EncodePriority
                0x08003468       0x66 ./Drivers/STM32L4xx_HAL_Driver/Src/stm32l4xx_hal_cortex.o
 *fill*         0x080034ce        0x2 
 .text.SysTick_Config
                0x080034d0       0x44 ./Drivers/STM32L4xx_HAL_Driver/Src/stm32l4xx_hal_cortex.o
 .text.HAL_NVIC_SetPriorityGrouping
                0x08003514       0x16 ./Drivers/STM32L4xx_HAL_Driver/Src/stm32l4xx_hal_cortex.o
                0x08003514                HAL_NVIC_SetPriorityGrouping
 .text.HAL_NVIC_SetPriority
                0x0800352a       0x38 ./Drivers/STM32L4xx_HAL_Driver/Src/stm32l4xx_hal_cortex.o
                0x0800352a                HAL_NVIC_SetPriority
 .text.HAL_NVIC_EnableIRQ
                0x08003562       0x1c ./Drivers/STM32L4xx_HAL_Driver/Src/stm32l4xx_hal_cortex.o
                0x08003562                HAL_NVIC_EnableIRQ
 .text.HAL_SYSTICK_Config
                0x0800357e       0x18 ./Drivers/STM32L4xx_HAL_Driver/Src/stm32l4xx_hal_cortex.o
                0x0800357e                HAL_SYSTICK_Config
 *fill*         0x08003596        0x2 
 .text.HAL_DCMI_Init
                0x08003598      0x10c ./Drivers/STM32L4xx_HAL_Driver/Src/stm32l4xx_hal_dcmi.o
                0x08003598                HAL_DCMI_Init
 .text.HAL_DFSDM_ChannelInit
                0x080036a4      0x180 ./Drivers/STM32L4xx_HAL_Driver/Src/stm32l4xx_hal_dfsdm.o
                0x080036a4                HAL_DFSDM_ChannelInit
 .text.DFSDM_GetChannelFromInstance
                0x08003824       0x98 ./Drivers/STM32L4xx_HAL_Driver/Src/stm32l4xx_hal_dfsdm.o
 .text.HAL_GPIO_Init
                0x080038bc      0x324 ./Drivers/STM32L4xx_HAL_Driver/Src/stm32l4xx_hal_gpio.o
                0x080038bc                HAL_GPIO_Init
 .text.HAL_GPIO_WritePin
                0x08003be0       0x30 ./Drivers/STM32L4xx_HAL_Driver/Src/stm32l4xx_hal_gpio.o
                0x08003be0                HAL_GPIO_WritePin
 .text.HAL_I2C_Init
                0x08003c10      0x136 ./Drivers/STM32L4xx_HAL_Driver/Src/stm32l4xx_hal_i2c.o
                0x08003c10                HAL_I2C_Init
 .text.HAL_I2CEx_ConfigAnalogFilter
                0x08003d46       0x96 ./Drivers/STM32L4xx_HAL_Driver/Src/stm32l4xx_hal_i2c_ex.o
                0x08003d46                HAL_I2CEx_ConfigAnalogFilter
 .text.HAL_I2CEx_ConfigDigitalFilter
                0x08003ddc       0x98 ./Drivers/STM32L4xx_HAL_Driver/Src/stm32l4xx_hal_i2c_ex.o
                0x08003ddc                HAL_I2CEx_ConfigDigitalFilter
 .text.HAL_PCD_Init
                0x08003e74      0x21e ./Drivers/STM32L4xx_HAL_Driver/Src/stm32l4xx_hal_pcd.o
                0x08003e74                HAL_PCD_Init
 .text.HAL_PCD_Start
                0x08004092       0x5e ./Drivers/STM32L4xx_HAL_Driver/Src/stm32l4xx_hal_pcd.o
                0x08004092                HAL_PCD_Start
 .text.HAL_PCD_IRQHandler
                0x080040f0      0x92c ./Drivers/STM32L4xx_HAL_Driver/Src/stm32l4xx_hal_pcd.o
                0x080040f0                HAL_PCD_IRQHandler
 .text.HAL_PCD_SetAddress
                0x08004a1c       0x48 ./Drivers/STM32L4xx_HAL_Driver/Src/stm32l4xx_hal_pcd.o
                0x08004a1c                HAL_PCD_SetAddress
 .text.HAL_PCD_EP_Open
                0x08004a64       0xd4 ./Drivers/STM32L4xx_HAL_Driver/Src/stm32l4xx_hal_pcd.o
                0x08004a64                HAL_PCD_EP_Open
 .text.HAL_PCD_EP_Close
                0x08004b38       0x94 ./Drivers/STM32L4xx_HAL_Driver/Src/stm32l4xx_hal_pcd.o
                0x08004b38                HAL_PCD_EP_Close
 .text.HAL_PCD_EP_Receive
                0x08004bcc       0x64 ./Drivers/STM32L4xx_HAL_Driver/Src/stm32l4xx_hal_pcd.o
                0x08004bcc                HAL_PCD_EP_Receive
 .text.HAL_PCD_EP_GetRxCount
                0x08004c30       0x30 ./Drivers/STM32L4xx_HAL_Driver/Src/stm32l4xx_hal_pcd.o
                0x08004c30                HAL_PCD_EP_GetRxCount
 .text.HAL_PCD_EP_Transmit
                0x08004c60       0x62 ./Drivers/STM32L4xx_HAL_Driver/Src/stm32l4xx_hal_pcd.o
                0x08004c60                HAL_PCD_EP_Transmit
 .text.HAL_PCD_EP_SetStall
                0x08004cc2       0xc4 ./Drivers/STM32L4xx_HAL_Driver/Src/stm32l4xx_hal_pcd.o
                0x08004cc2                HAL_PCD_EP_SetStall
 .text.HAL_PCD_EP_ClrStall
                0x08004d86       0xac ./Drivers/STM32L4xx_HAL_Driver/Src/stm32l4xx_hal_pcd.o
                0x08004d86                HAL_PCD_EP_ClrStall
 .text.HAL_PCD_EP_Abort
                0x08004e32       0x62 ./Drivers/STM32L4xx_HAL_Driver/Src/stm32l4xx_hal_pcd.o
                0x08004e32                HAL_PCD_EP_Abort
 .text.PCD_WriteEmptyTxFifo
                0x08004e94      0x110 ./Drivers/STM32L4xx_HAL_Driver/Src/stm32l4xx_hal_pcd.o
 .text.PCD_EP_OutXfrComplete_int
                0x08004fa4       0x9c ./Drivers/STM32L4xx_HAL_Driver/Src/stm32l4xx_hal_pcd.o
 .text.PCD_EP_OutSetupPacket_int
                0x08005040       0x68 ./Drivers/STM32L4xx_HAL_Driver/Src/stm32l4xx_hal_pcd.o
 .text.HAL_PCDEx_SetTxFiFo
                0x080050a8       0x8e ./Drivers/STM32L4xx_HAL_Driver/Src/stm32l4xx_hal_pcd_ex.o
                0x080050a8                HAL_PCDEx_SetTxFiFo
 .text.HAL_PCDEx_SetRxFiFo
                0x08005136       0x22 ./Drivers/STM32L4xx_HAL_Driver/Src/stm32l4xx_hal_pcd_ex.o
                0x08005136                HAL_PCDEx_SetRxFiFo
 .text.HAL_PCDEx_ActivateLPM
                0x08005158       0x48 ./Drivers/STM32L4xx_HAL_Driver/Src/stm32l4xx_hal_pcd_ex.o
                0x08005158                HAL_PCDEx_ActivateLPM
 .text.HAL_PWR_EnableBkUpAccess
                0x080051a0       0x20 ./Drivers/STM32L4xx_HAL_Driver/Src/stm32l4xx_hal_pwr.o
                0x080051a0                HAL_PWR_EnableBkUpAccess
 .text.HAL_PWREx_GetVoltageRange
                0x080051c0       0x1c ./Drivers/STM32L4xx_HAL_Driver/Src/stm32l4xx_hal_pwr_ex.o
                0x080051c0                HAL_PWREx_GetVoltageRange
 .text.HAL_PWREx_ControlVoltageScaling
                0x080051dc       0xac ./Drivers/STM32L4xx_HAL_Driver/Src/stm32l4xx_hal_pwr_ex.o
                0x080051dc                HAL_PWREx_ControlVoltageScaling
 .text.HAL_PWREx_EnableVddUSB
                0x08005288       0x20 ./Drivers/STM32L4xx_HAL_Driver/Src/stm32l4xx_hal_pwr_ex.o
                0x08005288                HAL_PWREx_EnableVddUSB
 .text.HAL_PWREx_EnableVddIO2
                0x080052a8       0x20 ./Drivers/STM32L4xx_HAL_Driver/Src/stm32l4xx_hal_pwr_ex.o
                0x080052a8                HAL_PWREx_EnableVddIO2
 .text.HAL_QSPI_Init
                0x080052c8       0xf8 ./Drivers/STM32L4xx_HAL_Driver/Src/stm32l4xx_hal_qspi.o
                0x080052c8                HAL_QSPI_Init
 .text.HAL_QSPI_SetTimeout
                0x080053c0       0x1c ./Drivers/STM32L4xx_HAL_Driver/Src/stm32l4xx_hal_qspi.o
                0x080053c0                HAL_QSPI_SetTimeout
 .text.QSPI_WaitFlagStateUntilTimeout
                0x080053dc       0x6e ./Drivers/STM32L4xx_HAL_Driver/Src/stm32l4xx_hal_qspi.o
 *fill*         0x0800544a        0x2 
 .text.HAL_RCC_OscConfig
                0x0800544c      0x834 ./Drivers/STM32L4xx_HAL_Driver/Src/stm32l4xx_hal_rcc.o
                0x0800544c                HAL_RCC_OscConfig
 .text.HAL_RCC_ClockConfig
                0x08005c80      0x200 ./Drivers/STM32L4xx_HAL_Driver/Src/stm32l4xx_hal_rcc.o
                0x08005c80                HAL_RCC_ClockConfig
 .text.HAL_RCC_GetSysClockFreq
                0x08005e80      0x118 ./Drivers/STM32L4xx_HAL_Driver/Src/stm32l4xx_hal_rcc.o
                0x08005e80                HAL_RCC_GetSysClockFreq
 .text.HAL_RCC_GetHCLKFreq
                0x08005f98       0x18 ./Drivers/STM32L4xx_HAL_Driver/Src/stm32l4xx_hal_rcc.o
                0x08005f98                HAL_RCC_GetHCLKFreq
 .text.HAL_RCC_GetPCLK1Freq
                0x08005fb0       0x2c ./Drivers/STM32L4xx_HAL_Driver/Src/stm32l4xx_hal_rcc.o
                0x08005fb0                HAL_RCC_GetPCLK1Freq
 .text.HAL_RCC_GetPCLK2Freq
                0x08005fdc       0x2c ./Drivers/STM32L4xx_HAL_Driver/Src/stm32l4xx_hal_rcc.o
                0x08005fdc                HAL_RCC_GetPCLK2Freq
 .text.RCC_SetFlashLatencyFromMSIRange
                0x08006008       0xc0 ./Drivers/STM32L4xx_HAL_Driver/Src/stm32l4xx_hal_rcc.o
 .text.HAL_RCCEx_PeriphCLKConfig
                0x080060c8      0x5f8 ./Drivers/STM32L4xx_HAL_Driver/Src/stm32l4xx_hal_rcc_ex.o
                0x080060c8                HAL_RCCEx_PeriphCLKConfig
 .text.HAL_RCCEx_GetPeriphCLKFreq
                0x080066c0      0xb70 ./Drivers/STM32L4xx_HAL_Driver/Src/stm32l4xx_hal_rcc_ex.o
                0x080066c0                HAL_RCCEx_GetPeriphCLKFreq
 .text.HAL_RCCEx_EnableMSIPLLMode
                0x08007230       0x20 ./Drivers/STM32L4xx_HAL_Driver/Src/stm32l4xx_hal_rcc_ex.o
                0x08007230                HAL_RCCEx_EnableMSIPLLMode
 .text.RCCEx_PLLSAI1_Config
                0x08007250      0x1e4 ./Drivers/STM32L4xx_HAL_Driver/Src/stm32l4xx_hal_rcc_ex.o
 .text.RCCEx_PLLSAI2_Config
                0x08007434      0x1b8 ./Drivers/STM32L4xx_HAL_Driver/Src/stm32l4xx_hal_rcc_ex.o
 .text.RCCEx_GetSAIxPeriphCLKFreq
                0x080075ec      0x204 ./Drivers/STM32L4xx_HAL_Driver/Src/stm32l4xx_hal_rcc_ex.o
 .text.HAL_SAI_Init
                0x080077f0      0x2e4 ./Drivers/STM32L4xx_HAL_Driver/Src/stm32l4xx_hal_sai.o
                0x080077f0                HAL_SAI_Init
 .text.SAI_Disable
                0x08007ad4       0x74 ./Drivers/STM32L4xx_HAL_Driver/Src/stm32l4xx_hal_sai.o
 .text.HAL_SD_Init
                0x08007b48       0x76 ./Drivers/STM32L4xx_HAL_Driver/Src/stm32l4xx_hal_sd.o
                0x08007b48                HAL_SD_Init
 *fill*         0x08007bbe        0x2 
 .text.HAL_SD_InitCard
                0x08007bc0      0x14c ./Drivers/STM32L4xx_HAL_Driver/Src/stm32l4xx_hal_sd.o
                0x08007bc0                HAL_SD_InitCard
 .text.HAL_SD_GetCardCSD
                0x08007d0c      0x348 ./Drivers/STM32L4xx_HAL_Driver/Src/stm32l4xx_hal_sd.o
                0x08007d0c                HAL_SD_GetCardCSD
 .text.HAL_SD_ConfigWideBusOperation
                0x08008054      0x178 ./Drivers/STM32L4xx_HAL_Driver/Src/stm32l4xx_hal_sd.o
                0x08008054                HAL_SD_ConfigWideBusOperation
 .text.SD_InitCard
                0x080081cc      0x180 ./Drivers/STM32L4xx_HAL_Driver/Src/stm32l4xx_hal_sd.o
 .text.SD_PowerON
                0x0800834c      0x11c ./Drivers/STM32L4xx_HAL_Driver/Src/stm32l4xx_hal_sd.o
 .text.SD_WideBus_Enable
                0x08008468       0x96 ./Drivers/STM32L4xx_HAL_Driver/Src/stm32l4xx_hal_sd.o
 .text.SD_WideBus_Disable
                0x080084fe       0x96 ./Drivers/STM32L4xx_HAL_Driver/Src/stm32l4xx_hal_sd.o
 .text.SD_FindSCR
                0x08008594      0x194 ./Drivers/STM32L4xx_HAL_Driver/Src/stm32l4xx_hal_sd.o
 .text.HAL_SPI_Init
                0x08008728      0x146 ./Drivers/STM32L4xx_HAL_Driver/Src/stm32l4xx_hal_spi.o
                0x08008728                HAL_SPI_Init
 .text.HAL_SRAM_Init
                0x0800886e       0x90 ./Drivers/STM32L4xx_HAL_Driver/Src/stm32l4xx_hal_sram.o
                0x0800886e                HAL_SRAM_Init
 .text.HAL_UART_Init
                0x080088fe       0x9c ./Drivers/STM32L4xx_HAL_Driver/Src/stm32l4xx_hal_uart.o
                0x080088fe                HAL_UART_Init
 .text.HAL_UART_Transmit
                0x0800899a      0x112 ./Drivers/STM32L4xx_HAL_Driver/Src/stm32l4xx_hal_uart.o
                0x0800899a                HAL_UART_Transmit
 .text.UART_SetConfig
                0x08008aac      0x570 ./Drivers/STM32L4xx_HAL_Driver/Src/stm32l4xx_hal_uart.o
                0x08008aac                UART_SetConfig
 .text.UART_AdvFeatureConfig
                0x0800901c      0x144 ./Drivers/STM32L4xx_HAL_Driver/Src/stm32l4xx_hal_uart.o
                0x0800901c                UART_AdvFeatureConfig
 .text.UART_CheckIdleState
                0x08009160      0x150 ./Drivers/STM32L4xx_HAL_Driver/Src/stm32l4xx_hal_uart.o
                0x08009160                UART_CheckIdleState
 .text.UART_WaitOnFlagUntilTimeout
                0x080092b0       0xda ./Drivers/STM32L4xx_HAL_Driver/Src/stm32l4xx_hal_uart.o
                0x080092b0                UART_WaitOnFlagUntilTimeout
 .text.UART_EndRxTransfer
                0x0800938a       0xc8 ./Drivers/STM32L4xx_HAL_Driver/Src/stm32l4xx_hal_uart.o
 *fill*         0x08009452        0x2 
 .text.FMC_NORSRAM_Init
                0x08009454      0x120 ./Drivers/STM32L4xx_HAL_Driver/Src/stm32l4xx_ll_fmc.o
                0x08009454                FMC_NORSRAM_Init
 .text.FMC_NORSRAM_Timing_Init
                0x08009574       0x92 ./Drivers/STM32L4xx_HAL_Driver/Src/stm32l4xx_ll_fmc.o
                0x08009574                FMC_NORSRAM_Timing_Init
 *fill*         0x08009606        0x2 
 .text.FMC_NORSRAM_Extended_Timing_Init
                0x08009608       0x70 ./Drivers/STM32L4xx_HAL_Driver/Src/stm32l4xx_ll_fmc.o
                0x08009608                FMC_NORSRAM_Extended_Timing_Init
 .text.SDMMC_Init
                0x08009678       0x5a ./Drivers/STM32L4xx_HAL_Driver/Src/stm32l4xx_ll_sdmmc.o
                0x08009678                SDMMC_Init
 .text.SDMMC_ReadFIFO
                0x080096d2       0x1a ./Drivers/STM32L4xx_HAL_Driver/Src/stm32l4xx_ll_sdmmc.o
                0x080096d2                SDMMC_ReadFIFO
 .text.SDMMC_PowerState_ON
                0x080096ec       0x1e ./Drivers/STM32L4xx_HAL_Driver/Src/stm32l4xx_ll_sdmmc.o
                0x080096ec                SDMMC_PowerState_ON
 .text.SDMMC_GetPowerState
                0x0800970a       0x1c ./Drivers/STM32L4xx_HAL_Driver/Src/stm32l4xx_ll_sdmmc.o
                0x0800970a                SDMMC_GetPowerState
 .text.SDMMC_SendCommand
                0x08009726       0x54 ./Drivers/STM32L4xx_HAL_Driver/Src/stm32l4xx_ll_sdmmc.o
                0x08009726                SDMMC_SendCommand
 .text.SDMMC_GetCommandResponse
                0x0800977a       0x1a ./Drivers/STM32L4xx_HAL_Driver/Src/stm32l4xx_ll_sdmmc.o
                0x0800977a                SDMMC_GetCommandResponse
 .text.SDMMC_GetResponse
                0x08009794       0x26 ./Drivers/STM32L4xx_HAL_Driver/Src/stm32l4xx_ll_sdmmc.o
                0x08009794                SDMMC_GetResponse
 .text.SDMMC_ConfigData
                0x080097ba       0x58 ./Drivers/STM32L4xx_HAL_Driver/Src/stm32l4xx_ll_sdmmc.o
                0x080097ba                SDMMC_ConfigData
 .text.SDMMC_CmdBlockLength
                0x08009812       0x44 ./Drivers/STM32L4xx_HAL_Driver/Src/stm32l4xx_ll_sdmmc.o
                0x08009812                SDMMC_CmdBlockLength
 .text.SDMMC_CmdSelDesel
                0x08009856       0x46 ./Drivers/STM32L4xx_HAL_Driver/Src/stm32l4xx_ll_sdmmc.o
                0x08009856                SDMMC_CmdSelDesel
 .text.SDMMC_CmdGoIdleState
                0x0800989c       0x3c ./Drivers/STM32L4xx_HAL_Driver/Src/stm32l4xx_ll_sdmmc.o
                0x0800989c                SDMMC_CmdGoIdleState
 .text.SDMMC_CmdOperCond
                0x080098d8       0x3e ./Drivers/STM32L4xx_HAL_Driver/Src/stm32l4xx_ll_sdmmc.o
                0x080098d8                SDMMC_CmdOperCond
 .text.SDMMC_CmdAppCommand
                0x08009916       0x44 ./Drivers/STM32L4xx_HAL_Driver/Src/stm32l4xx_ll_sdmmc.o
                0x08009916                SDMMC_CmdAppCommand
 .text.SDMMC_CmdAppOperCommand
                0x0800995a       0x46 ./Drivers/STM32L4xx_HAL_Driver/Src/stm32l4xx_ll_sdmmc.o
                0x0800995a                SDMMC_CmdAppOperCommand
 .text.SDMMC_CmdBusWidth
                0x080099a0       0x44 ./Drivers/STM32L4xx_HAL_Driver/Src/stm32l4xx_ll_sdmmc.o
                0x080099a0                SDMMC_CmdBusWidth
 .text.SDMMC_CmdSendSCR
                0x080099e4       0x42 ./Drivers/STM32L4xx_HAL_Driver/Src/stm32l4xx_ll_sdmmc.o
                0x080099e4                SDMMC_CmdSendSCR
 .text.SDMMC_CmdSendCID
                0x08009a26       0x3c ./Drivers/STM32L4xx_HAL_Driver/Src/stm32l4xx_ll_sdmmc.o
                0x08009a26                SDMMC_CmdSendCID
 .text.SDMMC_CmdSendCSD
                0x08009a62       0x3e ./Drivers/STM32L4xx_HAL_Driver/Src/stm32l4xx_ll_sdmmc.o
                0x08009a62                SDMMC_CmdSendCSD
 .text.SDMMC_CmdSetRelAdd
                0x08009aa0       0x42 ./Drivers/STM32L4xx_HAL_Driver/Src/stm32l4xx_ll_sdmmc.o
                0x08009aa0                SDMMC_CmdSetRelAdd
 *fill*         0x08009ae2        0x2 
 .text.SDMMC_GetCmdResp1
                0x08009ae4      0x1dc ./Drivers/STM32L4xx_HAL_Driver/Src/stm32l4xx_ll_sdmmc.o
                0x08009ae4                SDMMC_GetCmdResp1
 .text.SDMMC_GetCmdResp2
                0x08009cc0       0x90 ./Drivers/STM32L4xx_HAL_Driver/Src/stm32l4xx_ll_sdmmc.o
                0x08009cc0                SDMMC_GetCmdResp2
 .text.SDMMC_GetCmdResp3
                0x08009d50       0x7c ./Drivers/STM32L4xx_HAL_Driver/Src/stm32l4xx_ll_sdmmc.o
                0x08009d50                SDMMC_GetCmdResp3
 .text.SDMMC_GetCmdResp6
                0x08009dcc       0xec ./Drivers/STM32L4xx_HAL_Driver/Src/stm32l4xx_ll_sdmmc.o
                0x08009dcc                SDMMC_GetCmdResp6
 .text.SDMMC_GetCmdResp7
                0x08009eb8       0x9c ./Drivers/STM32L4xx_HAL_Driver/Src/stm32l4xx_ll_sdmmc.o
                0x08009eb8                SDMMC_GetCmdResp7
 .text.SDMMC_GetCmdError
                0x08009f54       0x58 ./Drivers/STM32L4xx_HAL_Driver/Src/stm32l4xx_ll_sdmmc.o
 .text.USB_CoreInit
                0x08009fac       0x5a ./Drivers/STM32L4xx_HAL_Driver/Src/stm32l4xx_ll_usb.o
                0x08009fac                USB_CoreInit
 *fill*         0x0800a006        0x2 
 .text.USB_SetTurnaroundTime
                0x0800a008      0x138 ./Drivers/STM32L4xx_HAL_Driver/Src/stm32l4xx_ll_usb.o
                0x0800a008                USB_SetTurnaroundTime
 .text.USB_EnableGlobalInt
                0x0800a140       0x22 ./Drivers/STM32L4xx_HAL_Driver/Src/stm32l4xx_ll_usb.o
                0x0800a140                USB_EnableGlobalInt
 .text.USB_DisableGlobalInt
                0x0800a162       0x22 ./Drivers/STM32L4xx_HAL_Driver/Src/stm32l4xx_ll_usb.o
                0x0800a162                USB_DisableGlobalInt
 .text.USB_SetCurrentMode
                0x0800a184       0x98 ./Drivers/STM32L4xx_HAL_Driver/Src/stm32l4xx_ll_usb.o
                0x0800a184                USB_SetCurrentMode
 .text.USB_DevInit
                0x0800a21c      0x290 ./Drivers/STM32L4xx_HAL_Driver/Src/stm32l4xx_ll_usb.o
                0x0800a21c                USB_DevInit
 .text.USB_FlushTxFifo
                0x0800a4ac       0x64 ./Drivers/STM32L4xx_HAL_Driver/Src/stm32l4xx_ll_usb.o
                0x0800a4ac                USB_FlushTxFifo
 .text.USB_FlushRxFifo
                0x0800a510       0x5c ./Drivers/STM32L4xx_HAL_Driver/Src/stm32l4xx_ll_usb.o
                0x0800a510                USB_FlushRxFifo
 .text.USB_SetDevSpeed
                0x0800a56c       0x32 ./Drivers/STM32L4xx_HAL_Driver/Src/stm32l4xx_ll_usb.o
                0x0800a56c                USB_SetDevSpeed
 .text.USB_GetDevSpeed
                0x0800a59e       0x3e ./Drivers/STM32L4xx_HAL_Driver/Src/stm32l4xx_ll_usb.o
                0x0800a59e                USB_GetDevSpeed
 .text.USB_ActivateEndpoint
                0x0800a5dc      0x10e ./Drivers/STM32L4xx_HAL_Driver/Src/stm32l4xx_ll_usb.o
                0x0800a5dc                USB_ActivateEndpoint
 *fill*         0x0800a6ea        0x2 
 .text.USB_DeactivateEndpoint
                0x0800a6ec      0x1b8 ./Drivers/STM32L4xx_HAL_Driver/Src/stm32l4xx_ll_usb.o
                0x0800a6ec                USB_DeactivateEndpoint
 .text.USB_EPStartXfer
                0x0800a8a4      0x470 ./Drivers/STM32L4xx_HAL_Driver/Src/stm32l4xx_ll_usb.o
                0x0800a8a4                USB_EPStartXfer
 .text.USB_EPStopXfer
                0x0800ad14      0x154 ./Drivers/STM32L4xx_HAL_Driver/Src/stm32l4xx_ll_usb.o
                0x0800ad14                USB_EPStopXfer
 .text.USB_WritePacket
                0x0800ae68       0x74 ./Drivers/STM32L4xx_HAL_Driver/Src/stm32l4xx_ll_usb.o
                0x0800ae68                USB_WritePacket
 .text.USB_ReadPacket
                0x0800aedc       0xb0 ./Drivers/STM32L4xx_HAL_Driver/Src/stm32l4xx_ll_usb.o
                0x0800aedc                USB_ReadPacket
 .text.USB_EPSetStall
                0x0800af8c       0xdc ./Drivers/STM32L4xx_HAL_Driver/Src/stm32l4xx_ll_usb.o
                0x0800af8c                USB_EPSetStall
 .text.USB_EPClearStall
                0x0800b068       0xcc ./Drivers/STM32L4xx_HAL_Driver/Src/stm32l4xx_ll_usb.o
                0x0800b068                USB_EPClearStall
 .text.USB_SetDevAddress
                0x0800b134       0x4c ./Drivers/STM32L4xx_HAL_Driver/Src/stm32l4xx_ll_usb.o
                0x0800b134                USB_SetDevAddress
 .text.USB_DevConnect
                0x0800b180       0x42 ./Drivers/STM32L4xx_HAL_Driver/Src/stm32l4xx_ll_usb.o
                0x0800b180                USB_DevConnect
 .text.USB_DevDisconnect
                0x0800b1c2       0x42 ./Drivers/STM32L4xx_HAL_Driver/Src/stm32l4xx_ll_usb.o
                0x0800b1c2                USB_DevDisconnect
 .text.USB_ReadInterrupts
                0x0800b204       0x26 ./Drivers/STM32L4xx_HAL_Driver/Src/stm32l4xx_ll_usb.o
                0x0800b204                USB_ReadInterrupts
 .text.USB_ReadDevAllOutEpInterrupt
                0x0800b22a       0x34 ./Drivers/STM32L4xx_HAL_Driver/Src/stm32l4xx_ll_usb.o
                0x0800b22a                USB_ReadDevAllOutEpInterrupt
 .text.USB_ReadDevAllInEpInterrupt
                0x0800b25e       0x34 ./Drivers/STM32L4xx_HAL_Driver/Src/stm32l4xx_ll_usb.o
                0x0800b25e                USB_ReadDevAllInEpInterrupt
 .text.USB_ReadDevOutEPInterrupt
                0x0800b292       0x3c ./Drivers/STM32L4xx_HAL_Driver/Src/stm32l4xx_ll_usb.o
                0x0800b292                USB_ReadDevOutEPInterrupt
 .text.USB_ReadDevInEPInterrupt
                0x0800b2ce       0x5c ./Drivers/STM32L4xx_HAL_Driver/Src/stm32l4xx_ll_usb.o
                0x0800b2ce                USB_ReadDevInEPInterrupt
 .text.USB_GetMode
                0x0800b32a       0x1c ./Drivers/STM32L4xx_HAL_Driver/Src/stm32l4xx_ll_usb.o
                0x0800b32a                USB_GetMode
 .text.USB_ActivateSetup
                0x0800b346       0x46 ./Drivers/STM32L4xx_HAL_Driver/Src/stm32l4xx_ll_usb.o
                0x0800b346                USB_ActivateSetup
 .text.USB_EP0_OutStart
                0x0800b38c       0x90 ./Drivers/STM32L4xx_HAL_Driver/Src/stm32l4xx_ll_usb.o
                0x0800b38c                USB_EP0_OutStart
 .text.USB_CoreReset
                0x0800b41c       0x62 ./Drivers/STM32L4xx_HAL_Driver/Src/stm32l4xx_ll_usb.o
 *fill*         0x0800b47e        0x2 
 .text.USBD_CDC_Init
                0x0800b480      0x1f0 ./Middlewares/ST/STM32_USB_Device_Library/Class/CDC/Src/usbd_cdc.o
 .text.USBD_CDC_DeInit
                0x0800b670      0x104 ./Middlewares/ST/STM32_USB_Device_Library/Class/CDC/Src/usbd_cdc.o
 .text.USBD_CDC_Setup
                0x0800b774      0x1b8 ./Middlewares/ST/STM32_USB_Device_Library/Class/CDC/Src/usbd_cdc.o
 .text.USBD_CDC_DataIn
                0x0800b92c       0xfe ./Middlewares/ST/STM32_USB_Device_Library/Class/CDC/Src/usbd_cdc.o
 .text.USBD_CDC_DataOut
                0x0800ba2a       0x70 ./Middlewares/ST/STM32_USB_Device_Library/Class/CDC/Src/usbd_cdc.o
 .text.USBD_CDC_EP0_RxReady
                0x0800ba9a       0x74 ./Middlewares/ST/STM32_USB_Device_Library/Class/CDC/Src/usbd_cdc.o
 *fill*         0x0800bb0e        0x2 
 .text.USBD_CDC_GetFSCfgDesc
                0x0800bb10       0x70 ./Middlewares/ST/STM32_USB_Device_Library/Class/CDC/Src/usbd_cdc.o
 .text.USBD_CDC_GetHSCfgDesc
                0x0800bb80       0x70 ./Middlewares/ST/STM32_USB_Device_Library/Class/CDC/Src/usbd_cdc.o
 .text.USBD_CDC_GetOtherSpeedCfgDesc
                0x0800bbf0       0x70 ./Middlewares/ST/STM32_USB_Device_Library/Class/CDC/Src/usbd_cdc.o
 .text.USBD_CDC_GetDeviceQualifierDescriptor
                0x0800bc60       0x20 ./Middlewares/ST/STM32_USB_Device_Library/Class/CDC/Src/usbd_cdc.o
                0x0800bc60                USBD_CDC_GetDeviceQualifierDescriptor
 .text.USBD_CDC_RegisterInterface
                0x0800bc80       0x34 ./Middlewares/ST/STM32_USB_Device_Library/Class/CDC/Src/usbd_cdc.o
                0x0800bc80                USBD_CDC_RegisterInterface
 .text.USBD_CDC_SetTxBuffer
                0x0800bcb4       0x44 ./Middlewares/ST/STM32_USB_Device_Library/Class/CDC/Src/usbd_cdc.o
                0x0800bcb4                USBD_CDC_SetTxBuffer
 .text.USBD_CDC_SetRxBuffer
                0x0800bcf8       0x3a ./Middlewares/ST/STM32_USB_Device_Library/Class/CDC/Src/usbd_cdc.o
                0x0800bcf8                USBD_CDC_SetRxBuffer
 *fill*         0x0800bd32        0x2 
 .text.USBD_CDC_ReceivePacket
                0x0800bd34       0x6c ./Middlewares/ST/STM32_USB_Device_Library/Class/CDC/Src/usbd_cdc.o
                0x0800bd34                USBD_CDC_ReceivePacket
 .text.USBD_Init
                0x0800bda0       0x60 ./Middlewares/ST/STM32_USB_Device_Library/Core/Src/usbd_core.o
                0x0800bda0                USBD_Init
 .text.USBD_RegisterClass
                0x0800be00       0x6c ./Middlewares/ST/STM32_USB_Device_Library/Core/Src/usbd_core.o
                0x0800be00                USBD_RegisterClass
 .text.USBD_Start
                0x0800be6c       0x18 ./Middlewares/ST/STM32_USB_Device_Library/Core/Src/usbd_core.o
                0x0800be6c                USBD_Start
 .text.USBD_RunTestMode
                0x0800be84       0x16 ./Middlewares/ST/STM32_USB_Device_Library/Core/Src/usbd_core.o
                0x0800be84                USBD_RunTestMode
 .text.USBD_SetClassConfig
                0x0800be9a       0x38 ./Middlewares/ST/STM32_USB_Device_Library/Core/Src/usbd_core.o
                0x0800be9a                USBD_SetClassConfig
 .text.USBD_ClrClassConfig
                0x0800bed2       0x34 ./Middlewares/ST/STM32_USB_Device_Library/Core/Src/usbd_core.o
                0x0800bed2                USBD_ClrClassConfig
 .text.USBD_LL_SetupStage
                0x0800bf06       0xaa ./Middlewares/ST/STM32_USB_Device_Library/Core/Src/usbd_core.o
                0x0800bf06                USBD_LL_SetupStage
 .text.USBD_LL_DataOutStage
                0x0800bfb0      0x166 ./Middlewares/ST/STM32_USB_Device_Library/Core/Src/usbd_core.o
                0x0800bfb0                USBD_LL_DataOutStage
 .text.USBD_LL_DataInStage
                0x0800c116      0x164 ./Middlewares/ST/STM32_USB_Device_Library/Core/Src/usbd_core.o
                0x0800c116                USBD_LL_DataInStage
 .text.USBD_LL_Reset
                0x0800c27a       0xa4 ./Middlewares/ST/STM32_USB_Device_Library/Core/Src/usbd_core.o
                0x0800c27a                USBD_LL_Reset
 .text.USBD_LL_SetSpeed
                0x0800c31e       0x20 ./Middlewares/ST/STM32_USB_Device_Library/Core/Src/usbd_core.o
                0x0800c31e                USBD_LL_SetSpeed
 .text.USBD_LL_Suspend
                0x0800c33e       0x38 ./Middlewares/ST/STM32_USB_Device_Library/Core/Src/usbd_core.o
                0x0800c33e                USBD_LL_Suspend
 .text.USBD_LL_Resume
                0x0800c376       0x30 ./Middlewares/ST/STM32_USB_Device_Library/Core/Src/usbd_core.o
                0x0800c376                USBD_LL_Resume
 .text.USBD_LL_SOF
                0x0800c3a6       0x40 ./Middlewares/ST/STM32_USB_Device_Library/Core/Src/usbd_core.o
                0x0800c3a6                USBD_LL_SOF
 .text.USBD_LL_IsoINIncomplete
                0x0800c3e6       0x64 ./Middlewares/ST/STM32_USB_Device_Library/Core/Src/usbd_core.o
                0x0800c3e6                USBD_LL_IsoINIncomplete
 .text.USBD_LL_IsoOUTIncomplete
                0x0800c44a       0x64 ./Middlewares/ST/STM32_USB_Device_Library/Core/Src/usbd_core.o
                0x0800c44a                USBD_LL_IsoOUTIncomplete
 .text.USBD_LL_DevConnected
                0x0800c4ae       0x16 ./Middlewares/ST/STM32_USB_Device_Library/Core/Src/usbd_core.o
                0x0800c4ae                USBD_LL_DevConnected
 .text.USBD_LL_DevDisconnected
                0x0800c4c4       0x46 ./Middlewares/ST/STM32_USB_Device_Library/Core/Src/usbd_core.o
                0x0800c4c4                USBD_LL_DevDisconnected
 .text.USBD_CoreFindIF
                0x0800c50a       0x1a ./Middlewares/ST/STM32_USB_Device_Library/Core/Src/usbd_core.o
                0x0800c50a                USBD_CoreFindIF
 .text.USBD_CoreFindEP
                0x0800c524       0x1a ./Middlewares/ST/STM32_USB_Device_Library/Core/Src/usbd_core.o
                0x0800c524                USBD_CoreFindEP
 .text.USBD_GetEpDesc
                0x0800c53e       0x70 ./Middlewares/ST/STM32_USB_Device_Library/Core/Src/usbd_core.o
                0x0800c53e                USBD_GetEpDesc
 .text.USBD_GetNextDesc
                0x0800c5ae       0x38 ./Middlewares/ST/STM32_USB_Device_Library/Core/Src/usbd_core.o
                0x0800c5ae                USBD_GetNextDesc
 .text.SWAPBYTE
                0x0800c5e6       0x3e ./Middlewares/ST/STM32_USB_Device_Library/Core/Src/usbd_ctlreq.o
 .text.USBD_StdDevReq
                0x0800c624       0xe4 ./Middlewares/ST/STM32_USB_Device_Library/Core/Src/usbd_ctlreq.o
                0x0800c624                USBD_StdDevReq
 .text.USBD_StdItfReq
                0x0800c708       0xd8 ./Middlewares/ST/STM32_USB_Device_Library/Core/Src/usbd_ctlreq.o
                0x0800c708                USBD_StdItfReq
 .text.USBD_StdEPReq
                0x0800c7e0      0x33a ./Middlewares/ST/STM32_USB_Device_Library/Core/Src/usbd_ctlreq.o
                0x0800c7e0                USBD_StdEPReq
 *fill*         0x0800cb1a        0x2 
 .text.USBD_GetDescriptor
                0x0800cb1c      0x328 ./Middlewares/ST/STM32_USB_Device_Library/Core/Src/usbd_ctlreq.o
 .text.USBD_SetAddress
                0x0800ce44       0x88 ./Middlewares/ST/STM32_USB_Device_Library/Core/Src/usbd_ctlreq.o
 .text.USBD_SetConfig
                0x0800cecc      0x154 ./Middlewares/ST/STM32_USB_Device_Library/Core/Src/usbd_ctlreq.o
 .text.USBD_GetConfig
                0x0800d020       0x6c ./Middlewares/ST/STM32_USB_Device_Library/Core/Src/usbd_ctlreq.o
 .text.USBD_GetStatus
                0x0800d08c       0x68 ./Middlewares/ST/STM32_USB_Device_Library/Core/Src/usbd_ctlreq.o
 .text.USBD_SetFeature
                0x0800d0f4       0x52 ./Middlewares/ST/STM32_USB_Device_Library/Core/Src/usbd_ctlreq.o
 .text.USBD_ClrFeature
                0x0800d146       0x44 ./Middlewares/ST/STM32_USB_Device_Library/Core/Src/usbd_ctlreq.o
 .text.USBD_ParseSetupRequest
                0x0800d18a       0x74 ./Middlewares/ST/STM32_USB_Device_Library/Core/Src/usbd_ctlreq.o
                0x0800d18a                USBD_ParseSetupRequest
 .text.USBD_CtlError
                0x0800d1fe       0x22 ./Middlewares/ST/STM32_USB_Device_Library/Core/Src/usbd_ctlreq.o
                0x0800d1fe                USBD_CtlError
 .text.USBD_GetString
                0x0800d220       0xa4 ./Middlewares/ST/STM32_USB_Device_Library/Core/Src/usbd_ctlreq.o
                0x0800d220                USBD_GetString
 .text.USBD_GetLen
                0x0800d2c4       0x34 ./Middlewares/ST/STM32_USB_Device_Library/Core/Src/usbd_ctlreq.o
 .text.USBD_CtlSendData
                0x0800d2f8       0x36 ./Middlewares/ST/STM32_USB_Device_Library/Core/Src/usbd_ioreq.o
                0x0800d2f8                USBD_CtlSendData
 .text.USBD_CtlContinueSendData
                0x0800d32e       0x22 ./Middlewares/ST/STM32_USB_Device_Library/Core/Src/usbd_ioreq.o
                0x0800d32e                USBD_CtlContinueSendData
 .text.USBD_CtlPrepareRx
                0x0800d350       0x3a ./Middlewares/ST/STM32_USB_Device_Library/Core/Src/usbd_ioreq.o
                0x0800d350                USBD_CtlPrepareRx
 .text.USBD_CtlContinueRx
                0x0800d38a       0x22 ./Middlewares/ST/STM32_USB_Device_Library/Core/Src/usbd_ioreq.o
                0x0800d38a                USBD_CtlContinueRx
 .text.USBD_CtlSendStatus
                0x0800d3ac       0x26 ./Middlewares/ST/STM32_USB_Device_Library/Core/Src/usbd_ioreq.o
                0x0800d3ac                USBD_CtlSendStatus
 .text.USBD_CtlReceiveStatus
                0x0800d3d2       0x26 ./Middlewares/ST/STM32_USB_Device_Library/Core/Src/usbd_ioreq.o
                0x0800d3d2                USBD_CtlReceiveStatus
 .text.MX_USB_DEVICE_Init
                0x0800d3f8       0x60 ./USB_DEVICE/App/usb_device.o
                0x0800d3f8                MX_USB_DEVICE_Init
 .text.CDC_Init_FS
                0x0800d458       0x28 ./USB_DEVICE/App/usbd_cdc_if.o
 .text.CDC_DeInit_FS
                0x0800d480       0x10 ./USB_DEVICE/App/usbd_cdc_if.o
 .text.CDC_Control_FS
                0x0800d490       0xbc ./USB_DEVICE/App/usbd_cdc_if.o
 .text.CDC_Receive_FS
                0x0800d54c       0x28 ./USB_DEVICE/App/usbd_cdc_if.o
 .text.CDC_TransmitCplt_FS
                0x0800d574       0x22 ./USB_DEVICE/App/usbd_cdc_if.o
 *fill*         0x0800d596        0x2 
 .text.USBD_FS_DeviceDescriptor
                0x0800d598       0x24 ./USB_DEVICE/App/usbd_desc.o
                0x0800d598                USBD_FS_DeviceDescriptor
 .text.USBD_FS_LangIDStrDescriptor
                0x0800d5bc       0x24 ./USB_DEVICE/App/usbd_desc.o
                0x0800d5bc                USBD_FS_LangIDStrDescriptor
 .text.USBD_FS_ProductStrDescriptor
                0x0800d5e0       0x3c ./USB_DEVICE/App/usbd_desc.o
                0x0800d5e0                USBD_FS_ProductStrDescriptor
 .text.USBD_FS_ManufacturerStrDescriptor
                0x0800d61c       0x28 ./USB_DEVICE/App/usbd_desc.o
                0x0800d61c                USBD_FS_ManufacturerStrDescriptor
 .text.USBD_FS_SerialStrDescriptor
                0x0800d644       0x24 ./USB_DEVICE/App/usbd_desc.o
                0x0800d644                USBD_FS_SerialStrDescriptor
 .text.USBD_FS_ConfigStrDescriptor
                0x0800d668       0x3c ./USB_DEVICE/App/usbd_desc.o
                0x0800d668                USBD_FS_ConfigStrDescriptor
 .text.USBD_FS_InterfaceStrDescriptor
                0x0800d6a4       0x3c ./USB_DEVICE/App/usbd_desc.o
                0x0800d6a4                USBD_FS_InterfaceStrDescriptor
 .text.USBD_FS_USR_BOSDescriptor
                0x0800d6e0       0x24 ./USB_DEVICE/App/usbd_desc.o
                0x0800d6e0                USBD_FS_USR_BOSDescriptor
 .text.Get_SerialNum
                0x0800d704       0x58 ./USB_DEVICE/App/usbd_desc.o
 .text.IntToUnicode
                0x0800d75c       0x7e ./USB_DEVICE/App/usbd_desc.o
 *fill*         0x0800d7da        0x2 
 .text.HAL_PCD_MspInit
                0x0800d7dc       0xcc ./USB_DEVICE/Target/usbd_conf.o
                0x0800d7dc                HAL_PCD_MspInit
 .text.HAL_PCD_SetupStageCallback
                0x0800d8a8       0x24 ./USB_DEVICE/Target/usbd_conf.o
                0x0800d8a8                HAL_PCD_SetupStageCallback
 .text.HAL_PCD_DataOutStageCallback
                0x0800d8cc       0x36 ./USB_DEVICE/Target/usbd_conf.o
                0x0800d8cc                HAL_PCD_DataOutStageCallback
 .text.HAL_PCD_DataInStageCallback
                0x0800d902       0x34 ./USB_DEVICE/Target/usbd_conf.o
                0x0800d902                HAL_PCD_DataInStageCallback
 .text.HAL_PCD_SOFCallback
                0x0800d936       0x1c ./USB_DEVICE/Target/usbd_conf.o
                0x0800d936                HAL_PCD_SOFCallback
 .text.HAL_PCD_ResetCallback
                0x0800d952       0x3c ./USB_DEVICE/Target/usbd_conf.o
                0x0800d952                HAL_PCD_ResetCallback
 *fill*         0x0800d98e        0x2 
 .text.HAL_PCD_SuspendCallback
                0x0800d990       0x4c ./USB_DEVICE/Target/usbd_conf.o
                0x0800d990                HAL_PCD_SuspendCallback
 .text.HAL_PCD_ResumeCallback
                0x0800d9dc       0x50 ./USB_DEVICE/Target/usbd_conf.o
                0x0800d9dc                HAL_PCD_ResumeCallback
 .text.HAL_PCD_ISOOUTIncompleteCallback
                0x0800da2c       0x24 ./USB_DEVICE/Target/usbd_conf.o
                0x0800da2c                HAL_PCD_ISOOUTIncompleteCallback
 .text.HAL_PCD_ISOINIncompleteCallback
                0x0800da50       0x24 ./USB_DEVICE/Target/usbd_conf.o
                0x0800da50                HAL_PCD_ISOINIncompleteCallback
 .text.HAL_PCD_ConnectCallback
                0x0800da74       0x1c ./USB_DEVICE/Target/usbd_conf.o
                0x0800da74                HAL_PCD_ConnectCallback
 .text.HAL_PCD_DisconnectCallback
                0x0800da90       0x1c ./USB_DEVICE/Target/usbd_conf.o
                0x0800da90                HAL_PCD_DisconnectCallback
 .text.USBD_LL_Init
                0x0800daac       0x98 ./USB_DEVICE/Target/usbd_conf.o
                0x0800daac                USBD_LL_Init
 .text.USBD_LL_Start
                0x0800db44       0x64 ./USB_DEVICE/Target/usbd_conf.o
                0x0800db44                USBD_LL_Start
 .text.USBD_LL_OpenEP
                0x0800dba8       0x7c ./USB_DEVICE/Target/usbd_conf.o
                0x0800dba8                USBD_LL_OpenEP
 .text.USBD_LL_CloseEP
                0x0800dc24       0x6c ./USB_DEVICE/Target/usbd_conf.o
                0x0800dc24                USBD_LL_CloseEP
 .text.USBD_LL_StallEP
                0x0800dc90       0x6c ./USB_DEVICE/Target/usbd_conf.o
                0x0800dc90                USBD_LL_StallEP
 .text.USBD_LL_ClearStallEP
                0x0800dcfc       0x6c ./USB_DEVICE/Target/usbd_conf.o
                0x0800dcfc                USBD_LL_ClearStallEP
 .text.USBD_LL_IsStallEP
                0x0800dd68       0x58 ./USB_DEVICE/Target/usbd_conf.o
                0x0800dd68                USBD_LL_IsStallEP
 .text.USBD_LL_SetUSBAddress
                0x0800ddc0       0x6c ./USB_DEVICE/Target/usbd_conf.o
                0x0800ddc0                USBD_LL_SetUSBAddress
 .text.USBD_LL_Transmit
                0x0800de2c       0x70 ./USB_DEVICE/Target/usbd_conf.o
                0x0800de2c                USBD_LL_Transmit
 .text.USBD_LL_PrepareReceive
                0x0800de9c       0x70 ./USB_DEVICE/Target/usbd_conf.o
                0x0800de9c                USBD_LL_PrepareReceive
 .text.USBD_LL_GetRxDataSize
                0x0800df0c       0x26 ./USB_DEVICE/Target/usbd_conf.o
                0x0800df0c                USBD_LL_GetRxDataSize
 *fill*         0x0800df32        0x2 
 .text.HAL_PCDEx_LPM_Callback
                0x0800df34       0x9c ./USB_DEVICE/Target/usbd_conf.o
                0x0800df34                HAL_PCDEx_LPM_Callback
 .text.USBD_static_malloc
                0x0800dfd0       0x1c ./USB_DEVICE/Target/usbd_conf.o
                0x0800dfd0                USBD_static_malloc
 .text.USBD_static_free
                0x0800dfec       0x14 ./USB_DEVICE/Target/usbd_conf.o
                0x0800dfec                USBD_static_free
 .text.SystemClockConfig_Resume
                0x0800e000        0xc ./USB_DEVICE/Target/usbd_conf.o
 .text.std      0x0800e00c       0x6c C:/ST/STM32CubeIDE_1.18.0/STM32CubeIDE/plugins/com.st.stm32cube.ide.mcu.externaltools.gnu-tools-for-stm32.13.3.rel1.win32_1.0.0.202411081344/tools/bin/../lib/gcc/arm-none-eabi/13.3.1/../../../../arm-none-eabi/lib/thumb/v7e-m+fp/hard\libc_nano.a(libc_a-findfp.o)
 .text.stdio_exit_handler
                0x0800e078       0x18 C:/ST/STM32CubeIDE_1.18.0/STM32CubeIDE/plugins/com.st.stm32cube.ide.mcu.externaltools.gnu-tools-for-stm32.13.3.rel1.win32_1.0.0.202411081344/tools/bin/../lib/gcc/arm-none-eabi/13.3.1/../../../../arm-none-eabi/lib/thumb/v7e-m+fp/hard\libc_nano.a(libc_a-findfp.o)
 .text.cleanup_stdio
                0x0800e090       0x40 C:/ST/STM32CubeIDE_1.18.0/STM32CubeIDE/plugins/com.st.stm32cube.ide.mcu.externaltools.gnu-tools-for-stm32.13.3.rel1.win32_1.0.0.202411081344/tools/bin/../lib/gcc/arm-none-eabi/13.3.1/../../../../arm-none-eabi/lib/thumb/v7e-m+fp/hard\libc_nano.a(libc_a-findfp.o)
 .text.global_stdio_init.part.0
                0x0800e0d0       0x3c C:/ST/STM32CubeIDE_1.18.0/STM32CubeIDE/plugins/com.st.stm32cube.ide.mcu.externaltools.gnu-tools-for-stm32.13.3.rel1.win32_1.0.0.202411081344/tools/bin/../lib/gcc/arm-none-eabi/13.3.1/../../../../arm-none-eabi/lib/thumb/v7e-m+fp/hard\libc_nano.a(libc_a-findfp.o)
 .text.__sfp_lock_acquire
                0x0800e10c        0xc C:/ST/STM32CubeIDE_1.18.0/STM32CubeIDE/plugins/com.st.stm32cube.ide.mcu.externaltools.gnu-tools-for-stm32.13.3.rel1.win32_1.0.0.202411081344/tools/bin/../lib/gcc/arm-none-eabi/13.3.1/../../../../arm-none-eabi/lib/thumb/v7e-m+fp/hard\libc_nano.a(libc_a-findfp.o)
                0x0800e10c                __sfp_lock_acquire
 .text.__sfp_lock_release
                0x0800e118        0xc C:/ST/STM32CubeIDE_1.18.0/STM32CubeIDE/plugins/com.st.stm32cube.ide.mcu.externaltools.gnu-tools-for-stm32.13.3.rel1.win32_1.0.0.202411081344/tools/bin/../lib/gcc/arm-none-eabi/13.3.1/../../../../arm-none-eabi/lib/thumb/v7e-m+fp/hard\libc_nano.a(libc_a-findfp.o)
                0x0800e118                __sfp_lock_release
 .text.__sinit  0x0800e124       0x30 C:/ST/STM32CubeIDE_1.18.0/STM32CubeIDE/plugins/com.st.stm32cube.ide.mcu.externaltools.gnu-tools-for-stm32.13.3.rel1.win32_1.0.0.202411081344/tools/bin/../lib/gcc/arm-none-eabi/13.3.1/../../../../arm-none-eabi/lib/thumb/v7e-m+fp/hard\libc_nano.a(libc_a-findfp.o)
                0x0800e124                __sinit
 .text._fwalk_sglue
                0x0800e154       0x3c C:/ST/STM32CubeIDE_1.18.0/STM32CubeIDE/plugins/com.st.stm32cube.ide.mcu.externaltools.gnu-tools-for-stm32.13.3.rel1.win32_1.0.0.202411081344/tools/bin/../lib/gcc/arm-none-eabi/13.3.1/../../../../arm-none-eabi/lib/thumb/v7e-m+fp/hard\libc_nano.a(libc_a-fwalk.o)
                0x0800e154                _fwalk_sglue
 .text.printf   0x0800e190       0x24 C:/ST/STM32CubeIDE_1.18.0/STM32CubeIDE/plugins/com.st.stm32cube.ide.mcu.externaltools.gnu-tools-for-stm32.13.3.rel1.win32_1.0.0.202411081344/tools/bin/../lib/gcc/arm-none-eabi/13.3.1/../../../../arm-none-eabi/lib/thumb/v7e-m+fp/hard\libc_nano.a(libc_a-printf.o)
                0x0800e190                iprintf
                0x0800e190                printf
 .text._puts_r  0x0800e1b4       0xaa C:/ST/STM32CubeIDE_1.18.0/STM32CubeIDE/plugins/com.st.stm32cube.ide.mcu.externaltools.gnu-tools-for-stm32.13.3.rel1.win32_1.0.0.202411081344/tools/bin/../lib/gcc/arm-none-eabi/13.3.1/../../../../arm-none-eabi/lib/thumb/v7e-m+fp/hard\libc_nano.a(libc_a-puts.o)
                0x0800e1b4                _puts_r
 *fill*         0x0800e25e        0x2 
 .text.puts     0x0800e260       0x10 C:/ST/STM32CubeIDE_1.18.0/STM32CubeIDE/plugins/com.st.stm32cube.ide.mcu.externaltools.gnu-tools-for-stm32.13.3.rel1.win32_1.0.0.202411081344/tools/bin/../lib/gcc/arm-none-eabi/13.3.1/../../../../arm-none-eabi/lib/thumb/v7e-m+fp/hard\libc_nano.a(libc_a-puts.o)
                0x0800e260                puts
 .text.__sread  0x0800e270       0x22 C:/ST/STM32CubeIDE_1.18.0/STM32CubeIDE/plugins/com.st.stm32cube.ide.mcu.externaltools.gnu-tools-for-stm32.13.3.rel1.win32_1.0.0.202411081344/tools/bin/../lib/gcc/arm-none-eabi/13.3.1/../../../../arm-none-eabi/lib/thumb/v7e-m+fp/hard\libc_nano.a(libc_a-stdio.o)
                0x0800e270                __sread
 .text.__swrite
                0x0800e292       0x38 C:/ST/STM32CubeIDE_1.18.0/STM32CubeIDE/plugins/com.st.stm32cube.ide.mcu.externaltools.gnu-tools-for-stm32.13.3.rel1.win32_1.0.0.202411081344/tools/bin/../lib/gcc/arm-none-eabi/13.3.1/../../../../arm-none-eabi/lib/thumb/v7e-m+fp/hard\libc_nano.a(libc_a-stdio.o)
                0x0800e292                __swrite
 .text.__sseek  0x0800e2ca       0x24 C:/ST/STM32CubeIDE_1.18.0/STM32CubeIDE/plugins/com.st.stm32cube.ide.mcu.externaltools.gnu-tools-for-stm32.13.3.rel1.win32_1.0.0.202411081344/tools/bin/../lib/gcc/arm-none-eabi/13.3.1/../../../../arm-none-eabi/lib/thumb/v7e-m+fp/hard\libc_nano.a(libc_a-stdio.o)
                0x0800e2ca                __sseek
 .text.__sclose
                0x0800e2ee        0x8 C:/ST/STM32CubeIDE_1.18.0/STM32CubeIDE/plugins/com.st.stm32cube.ide.mcu.externaltools.gnu-tools-for-stm32.13.3.rel1.win32_1.0.0.202411081344/tools/bin/../lib/gcc/arm-none-eabi/13.3.1/../../../../arm-none-eabi/lib/thumb/v7e-m+fp/hard\libc_nano.a(libc_a-stdio.o)
                0x0800e2ee                __sclose
 .text.__swbuf_r
                0x0800e2f6       0x7c C:/ST/STM32CubeIDE_1.18.0/STM32CubeIDE/plugins/com.st.stm32cube.ide.mcu.externaltools.gnu-tools-for-stm32.13.3.rel1.win32_1.0.0.202411081344/tools/bin/../lib/gcc/arm-none-eabi/13.3.1/../../../../arm-none-eabi/lib/thumb/v7e-m+fp/hard\libc_nano.a(libc_a-wbuf.o)
                0x0800e2f6                __swbuf_r
 *fill*         0x0800e372        0x2 
 .text.__swsetup_r
                0x0800e374       0xac C:/ST/STM32CubeIDE_1.18.0/STM32CubeIDE/plugins/com.st.stm32cube.ide.mcu.externaltools.gnu-tools-for-stm32.13.3.rel1.win32_1.0.0.202411081344/tools/bin/../lib/gcc/arm-none-eabi/13.3.1/../../../../arm-none-eabi/lib/thumb/v7e-m+fp/hard\libc_nano.a(libc_a-wsetup.o)
                0x0800e374                __swsetup_r
 .text.memset   0x0800e420       0x10 C:/ST/STM32CubeIDE_1.18.0/STM32CubeIDE/plugins/com.st.stm32cube.ide.mcu.externaltools.gnu-tools-for-stm32.13.3.rel1.win32_1.0.0.202411081344/tools/bin/../lib/gcc/arm-none-eabi/13.3.1/../../../../arm-none-eabi/lib/thumb/v7e-m+fp/hard\libc_nano.a(libc_a-memset.o)
                0x0800e420                memset
 .text._close_r
                0x0800e430       0x20 C:/ST/STM32CubeIDE_1.18.0/STM32CubeIDE/plugins/com.st.stm32cube.ide.mcu.externaltools.gnu-tools-for-stm32.13.3.rel1.win32_1.0.0.202411081344/tools/bin/../lib/gcc/arm-none-eabi/13.3.1/../../../../arm-none-eabi/lib/thumb/v7e-m+fp/hard\libc_nano.a(libc_a-closer.o)
                0x0800e430                _close_r
 .text._lseek_r
                0x0800e450       0x24 C:/ST/STM32CubeIDE_1.18.0/STM32CubeIDE/plugins/com.st.stm32cube.ide.mcu.externaltools.gnu-tools-for-stm32.13.3.rel1.win32_1.0.0.202411081344/tools/bin/../lib/gcc/arm-none-eabi/13.3.1/../../../../arm-none-eabi/lib/thumb/v7e-m+fp/hard\libc_nano.a(libc_a-lseekr.o)
                0x0800e450                _lseek_r
 .text._read_r  0x0800e474       0x24 C:/ST/STM32CubeIDE_1.18.0/STM32CubeIDE/plugins/com.st.stm32cube.ide.mcu.externaltools.gnu-tools-for-stm32.13.3.rel1.win32_1.0.0.202411081344/tools/bin/../lib/gcc/arm-none-eabi/13.3.1/../../../../arm-none-eabi/lib/thumb/v7e-m+fp/hard\libc_nano.a(libc_a-readr.o)
                0x0800e474                _read_r
 .text._write_r
                0x0800e498       0x24 C:/ST/STM32CubeIDE_1.18.0/STM32CubeIDE/plugins/com.st.stm32cube.ide.mcu.externaltools.gnu-tools-for-stm32.13.3.rel1.win32_1.0.0.202411081344/tools/bin/../lib/gcc/arm-none-eabi/13.3.1/../../../../arm-none-eabi/lib/thumb/v7e-m+fp/hard\libc_nano.a(libc_a-writer.o)
                0x0800e498                _write_r
 .text.__errno  0x0800e4bc        0xc C:/ST/STM32CubeIDE_1.18.0/STM32CubeIDE/plugins/com.st.stm32cube.ide.mcu.externaltools.gnu-tools-for-stm32.13.3.rel1.win32_1.0.0.202411081344/tools/bin/../lib/gcc/arm-none-eabi/13.3.1/../../../../arm-none-eabi/lib/thumb/v7e-m+fp/hard\libc_nano.a(libc_a-errno.o)
                0x0800e4bc                __errno
 .text.__libc_init_array
                0x0800e4c8       0x48 C:/ST/STM32CubeIDE_1.18.0/STM32CubeIDE/plugins/com.st.stm32cube.ide.mcu.externaltools.gnu-tools-for-stm32.13.3.rel1.win32_1.0.0.202411081344/tools/bin/../lib/gcc/arm-none-eabi/13.3.1/../../../../arm-none-eabi/lib/thumb/v7e-m+fp/hard\libc_nano.a(libc_a-init.o)
                0x0800e4c8                __libc_init_array
 .text.__retarget_lock_init_recursive
                0x0800e510        0x2 C:/ST/STM32CubeIDE_1.18.0/STM32CubeIDE/plugins/com.st.stm32cube.ide.mcu.externaltools.gnu-tools-for-stm32.13.3.rel1.win32_1.0.0.202411081344/tools/bin/../lib/gcc/arm-none-eabi/13.3.1/../../../../arm-none-eabi/lib/thumb/v7e-m+fp/hard\libc_nano.a(libc_a-lock.o)
                0x0800e510                __retarget_lock_init_recursive
 .text.__retarget_lock_acquire_recursive
                0x0800e512        0x2 C:/ST/STM32CubeIDE_1.18.0/STM32CubeIDE/plugins/com.st.stm32cube.ide.mcu.externaltools.gnu-tools-for-stm32.13.3.rel1.win32_1.0.0.202411081344/tools/bin/../lib/gcc/arm-none-eabi/13.3.1/../../../../arm-none-eabi/lib/thumb/v7e-m+fp/hard\libc_nano.a(libc_a-lock.o)
                0x0800e512                __retarget_lock_acquire_recursive
 .text.__retarget_lock_release_recursive
                0x0800e514        0x2 C:/ST/STM32CubeIDE_1.18.0/STM32CubeIDE/plugins/com.st.stm32cube.ide.mcu.externaltools.gnu-tools-for-stm32.13.3.rel1.win32_1.0.0.202411081344/tools/bin/../lib/gcc/arm-none-eabi/13.3.1/../../../../arm-none-eabi/lib/thumb/v7e-m+fp/hard\libc_nano.a(libc_a-lock.o)
                0x0800e514                __retarget_lock_release_recursive
 *fill*         0x0800e516        0x2 
 .text._free_r  0x0800e518       0x94 C:/ST/STM32CubeIDE_1.18.0/STM32CubeIDE/plugins/com.st.stm32cube.ide.mcu.externaltools.gnu-tools-for-stm32.13.3.rel1.win32_1.0.0.202411081344/tools/bin/../lib/gcc/arm-none-eabi/13.3.1/../../../../arm-none-eabi/lib/thumb/v7e-m+fp/hard\libc_nano.a(libc_a-freer.o)
                0x0800e518                _free_r
 .text.sbrk_aligned
                0x0800e5ac       0x44 C:/ST/STM32CubeIDE_1.18.0/STM32CubeIDE/plugins/com.st.stm32cube.ide.mcu.externaltools.gnu-tools-for-stm32.13.3.rel1.win32_1.0.0.202411081344/tools/bin/../lib/gcc/arm-none-eabi/13.3.1/../../../../arm-none-eabi/lib/thumb/v7e-m+fp/hard\libc_nano.a(libc_a-mallocr.o)
 .text._malloc_r
                0x0800e5f0      0x100 C:/ST/STM32CubeIDE_1.18.0/STM32CubeIDE/plugins/com.st.stm32cube.ide.mcu.externaltools.gnu-tools-for-stm32.13.3.rel1.win32_1.0.0.202411081344/tools/bin/../lib/gcc/arm-none-eabi/13.3.1/../../../../arm-none-eabi/lib/thumb/v7e-m+fp/hard\libc_nano.a(libc_a-mallocr.o)
                0x0800e5f0                _malloc_r
 .text.__malloc_lock
                0x0800e6f0        0xc C:/ST/STM32CubeIDE_1.18.0/STM32CubeIDE/plugins/com.st.stm32cube.ide.mcu.externaltools.gnu-tools-for-stm32.13.3.rel1.win32_1.0.0.202411081344/tools/bin/../lib/gcc/arm-none-eabi/13.3.1/../../../../arm-none-eabi/lib/thumb/v7e-m+fp/hard\libc_nano.a(libc_a-mlock.o)
                0x0800e6f0                __malloc_lock
 .text.__malloc_unlock
                0x0800e6fc        0xc C:/ST/STM32CubeIDE_1.18.0/STM32CubeIDE/plugins/com.st.stm32cube.ide.mcu.externaltools.gnu-tools-for-stm32.13.3.rel1.win32_1.0.0.202411081344/tools/bin/../lib/gcc/arm-none-eabi/13.3.1/../../../../arm-none-eabi/lib/thumb/v7e-m+fp/hard\libc_nano.a(libc_a-mlock.o)
                0x0800e6fc                __malloc_unlock
 .text.__sfputc_r
                0x0800e708       0x2e C:/ST/STM32CubeIDE_1.18.0/STM32CubeIDE/plugins/com.st.stm32cube.ide.mcu.externaltools.gnu-tools-for-stm32.13.3.rel1.win32_1.0.0.202411081344/tools/bin/../lib/gcc/arm-none-eabi/13.3.1/../../../../arm-none-eabi/lib/thumb/v7e-m+fp/hard\libc_nano.a(libc_a-nano-vfprintf.o)
 .text.__sfputs_r
                0x0800e736       0x24 C:/ST/STM32CubeIDE_1.18.0/STM32CubeIDE/plugins/com.st.stm32cube.ide.mcu.externaltools.gnu-tools-for-stm32.13.3.rel1.win32_1.0.0.202411081344/tools/bin/../lib/gcc/arm-none-eabi/13.3.1/../../../../arm-none-eabi/lib/thumb/v7e-m+fp/hard\libc_nano.a(libc_a-nano-vfprintf.o)
                0x0800e736                __sfputs_r
 *fill*         0x0800e75a        0x2 
 .text._vfprintf_r
                0x0800e75c      0x230 C:/ST/STM32CubeIDE_1.18.0/STM32CubeIDE/plugins/com.st.stm32cube.ide.mcu.externaltools.gnu-tools-for-stm32.13.3.rel1.win32_1.0.0.202411081344/tools/bin/../lib/gcc/arm-none-eabi/13.3.1/../../../../arm-none-eabi/lib/thumb/v7e-m+fp/hard\libc_nano.a(libc_a-nano-vfprintf.o)
                0x0800e75c                _vfprintf_r
                0x0800e75c                _vfiprintf_r
 .text._printf_common
                0x0800e98c       0xda C:/ST/STM32CubeIDE_1.18.0/STM32CubeIDE/plugins/com.st.stm32cube.ide.mcu.externaltools.gnu-tools-for-stm32.13.3.rel1.win32_1.0.0.202411081344/tools/bin/../lib/gcc/arm-none-eabi/13.3.1/../../../../arm-none-eabi/lib/thumb/v7e-m+fp/hard\libc_nano.a(libc_a-nano-vfprintf_i.o)
                0x0800e98c                _printf_common
 *fill*         0x0800ea66        0x2 
 .text._printf_i
                0x0800ea68      0x23c C:/ST/STM32CubeIDE_1.18.0/STM32CubeIDE/plugins/com.st.stm32cube.ide.mcu.externaltools.gnu-tools-for-stm32.13.3.rel1.win32_1.0.0.202411081344/tools/bin/../lib/gcc/arm-none-eabi/13.3.1/../../../../arm-none-eabi/lib/thumb/v7e-m+fp/hard\libc_nano.a(libc_a-nano-vfprintf_i.o)
                0x0800ea68                _printf_i
 .text.__sflush_r
                0x0800eca4      0x108 C:/ST/STM32CubeIDE_1.18.0/STM32CubeIDE/plugins/com.st.stm32cube.ide.mcu.externaltools.gnu-tools-for-stm32.13.3.rel1.win32_1.0.0.202411081344/tools/bin/../lib/gcc/arm-none-eabi/13.3.1/../../../../arm-none-eabi/lib/thumb/v7e-m+fp/hard\libc_nano.a(libc_a-fflush.o)
                0x0800eca4                __sflush_r
 .text._fflush_r
                0x0800edac       0x50 C:/ST/STM32CubeIDE_1.18.0/STM32CubeIDE/plugins/com.st.stm32cube.ide.mcu.externaltools.gnu-tools-for-stm32.13.3.rel1.win32_1.0.0.202411081344/tools/bin/../lib/gcc/arm-none-eabi/13.3.1/../../../../arm-none-eabi/lib/thumb/v7e-m+fp/hard\libc_nano.a(libc_a-fflush.o)
                0x0800edac                _fflush_r
 .text.__swhatbuf_r
                0x0800edfc       0x4c C:/ST/STM32CubeIDE_1.18.0/STM32CubeIDE/plugins/com.st.stm32cube.ide.mcu.externaltools.gnu-tools-for-stm32.13.3.rel1.win32_1.0.0.202411081344/tools/bin/../lib/gcc/arm-none-eabi/13.3.1/../../../../arm-none-eabi/lib/thumb/v7e-m+fp/hard\libc_nano.a(libc_a-makebuf.o)
                0x0800edfc                __swhatbuf_r
 .text.__smakebuf_r
                0x0800ee48       0x78 C:/ST/STM32CubeIDE_1.18.0/STM32CubeIDE/plugins/com.st.stm32cube.ide.mcu.externaltools.gnu-tools-for-stm32.13.3.rel1.win32_1.0.0.202411081344/tools/bin/../lib/gcc/arm-none-eabi/13.3.1/../../../../arm-none-eabi/lib/thumb/v7e-m+fp/hard\libc_nano.a(libc_a-makebuf.o)
                0x0800ee48                __smakebuf_r
 .text._fstat_r
                0x0800eec0       0x24 C:/ST/STM32CubeIDE_1.18.0/STM32CubeIDE/plugins/com.st.stm32cube.ide.mcu.externaltools.gnu-tools-for-stm32.13.3.rel1.win32_1.0.0.202411081344/tools/bin/../lib/gcc/arm-none-eabi/13.3.1/../../../../arm-none-eabi/lib/thumb/v7e-m+fp/hard\libc_nano.a(libc_a-fstatr.o)
                0x0800eec0                _fstat_r
 .text._isatty_r
                0x0800eee4       0x20 C:/ST/STM32CubeIDE_1.18.0/STM32CubeIDE/plugins/com.st.stm32cube.ide.mcu.externaltools.gnu-tools-for-stm32.13.3.rel1.win32_1.0.0.202411081344/tools/bin/../lib/gcc/arm-none-eabi/13.3.1/../../../../arm-none-eabi/lib/thumb/v7e-m+fp/hard\libc_nano.a(libc_a-isattyr.o)
                0x0800eee4                _isatty_r
 .text._sbrk_r  0x0800ef04       0x20 C:/ST/STM32CubeIDE_1.18.0/STM32CubeIDE/plugins/com.st.stm32cube.ide.mcu.externaltools.gnu-tools-for-stm32.13.3.rel1.win32_1.0.0.202411081344/tools/bin/../lib/gcc/arm-none-eabi/13.3.1/../../../../arm-none-eabi/lib/thumb/v7e-m+fp/hard\libc_nano.a(libc_a-sbrkr.o)
                0x0800ef04                _sbrk_r
 *(.glue_7)
 .glue_7        0x0800ef24        0x0 linker stubs
 *(.glue_7t)
 .glue_7t       0x0800ef24        0x0 linker stubs
 *(.eh_frame)
 .eh_frame      0x0800ef24        0x0 C:/ST/STM32CubeIDE_1.18.0/STM32CubeIDE/plugins/com.st.stm32cube.ide.mcu.externaltools.gnu-tools-for-stm32.13.3.rel1.win32_1.0.0.202411081344/tools/bin/../lib/gcc/arm-none-eabi/13.3.1/thumb/v7e-m+fp/hard/crtbegin.o
 *(.init)
 .init          0x0800ef24        0x4 C:/ST/STM32CubeIDE_1.18.0/STM32CubeIDE/plugins/com.st.stm32cube.ide.mcu.externaltools.gnu-tools-for-stm32.13.3.rel1.win32_1.0.0.202411081344/tools/bin/../lib/gcc/arm-none-eabi/13.3.1/thumb/v7e-m+fp/hard/crti.o
                0x0800ef24                _init
 .init          0x0800ef28        0x8 C:/ST/STM32CubeIDE_1.18.0/STM32CubeIDE/plugins/com.st.stm32cube.ide.mcu.externaltools.gnu-tools-for-stm32.13.3.rel1.win32_1.0.0.202411081344/tools/bin/../lib/gcc/arm-none-eabi/13.3.1/thumb/v7e-m+fp/hard/crtn.o
 *(.fini)
 .fini          0x0800ef30        0x4 C:/ST/STM32CubeIDE_1.18.0/STM32CubeIDE/plugins/com.st.stm32cube.ide.mcu.externaltools.gnu-tools-for-stm32.13.3.rel1.win32_1.0.0.202411081344/tools/bin/../lib/gcc/arm-none-eabi/13.3.1/thumb/v7e-m+fp/hard/crti.o
                0x0800ef30                _fini
 .fini          0x0800ef34        0x8 C:/ST/STM32CubeIDE_1.18.0/STM32CubeIDE/plugins/com.st.stm32cube.ide.mcu.externaltools.gnu-tools-for-stm32.13.3.rel1.win32_1.0.0.202411081344/tools/bin/../lib/gcc/arm-none-eabi/13.3.1/thumb/v7e-m+fp/hard/crtn.o
                0x0800ef3c                        . = ALIGN (0x4)
                0x0800ef3c                        _etext = .

.vfp11_veneer   0x0800ef3c        0x0
 .vfp11_veneer  0x0800ef3c        0x0 linker stubs

.v4_bx          0x0800ef3c        0x0
 .v4_bx         0x0800ef3c        0x0 linker stubs

.iplt           0x0800ef3c        0x0
 .iplt          0x0800ef3c        0x0 C:/ST/STM32CubeIDE_1.18.0/STM32CubeIDE/plugins/com.st.stm32cube.ide.mcu.externaltools.gnu-tools-for-stm32.13.3.rel1.win32_1.0.0.202411081344/tools/bin/../lib/gcc/arm-none-eabi/13.3.1/thumb/v7e-m+fp/hard/crtbegin.o

.rodata         0x0800ef3c       0xec
                0x0800ef3c                        . = ALIGN (0x4)
 *(.rodata)
 .rodata        0x0800ef3c       0x26 ./Core/Src/main.o
 *fill*         0x0800ef62        0x2 
 .rodata        0x0800ef64       0x46 ./USB_DEVICE/App/usbd_desc.o
 *(.rodata*)
 *fill*         0x0800efaa        0x2 
 .rodata.AHBPrescTable
                0x0800efac       0x10 ./Core/Src/system_stm32l4xx.o
                0x0800efac                AHBPrescTable
 .rodata.APBPrescTable
                0x0800efbc        0x8 ./Core/Src/system_stm32l4xx.o
                0x0800efbc                APBPrescTable
 .rodata.MSIRangeTable
                0x0800efc4       0x30 ./Core/Src/system_stm32l4xx.o
                0x0800efc4                MSIRangeTable
 .rodata._vfprintf_r.str1.1
                0x0800eff4       0x33 C:/ST/STM32CubeIDE_1.18.0/STM32CubeIDE/plugins/com.st.stm32cube.ide.mcu.externaltools.gnu-tools-for-stm32.13.3.rel1.win32_1.0.0.202411081344/tools/bin/../lib/gcc/arm-none-eabi/13.3.1/../../../../arm-none-eabi/lib/thumb/v7e-m+fp/hard\libc_nano.a(libc_a-nano-vfprintf.o)
                                 0x11 (size before relaxing)
 .rodata._printf_i.str1.1
                0x0800f027       0x22 C:/ST/STM32CubeIDE_1.18.0/STM32CubeIDE/plugins/com.st.stm32cube.ide.mcu.externaltools.gnu-tools-for-stm32.13.3.rel1.win32_1.0.0.202411081344/tools/bin/../lib/gcc/arm-none-eabi/13.3.1/../../../../arm-none-eabi/lib/thumb/v7e-m+fp/hard\libc_nano.a(libc_a-nano-vfprintf_i.o)
                0x0800f04c                        . = ALIGN (0x4)
 *fill*         0x0800f027        0x1 

.ARM.extab      0x0800f028        0x0
                0x0800f028                        . = ALIGN (0x4)
 *(.ARM.extab* .gnu.linkonce.armextab.*)
                0x0800f028                        . = ALIGN (0x4)

.ARM            0x0800f028        0x8
                0x0800f028                        . = ALIGN (0x4)
                0x0800f028                        __exidx_start = .
 *(.ARM.exidx*)
 .ARM.exidx     0x0800f028        0x8 C:/ST/STM32CubeIDE_1.18.0/STM32CubeIDE/plugins/com.st.stm32cube.ide.mcu.externaltools.gnu-tools-for-stm32.13.3.rel1.win32_1.0.0.202411081344/tools/bin/../lib/gcc/arm-none-eabi/13.3.1/../../../../arm-none-eabi/lib/thumb/v7e-m+fp/hard\libc_nano.a(libc_a-memchr.o)
 .ARM.exidx     0x0800f030        0x0 C:/ST/STM32CubeIDE_1.18.0/STM32CubeIDE/plugins/com.st.stm32cube.ide.mcu.externaltools.gnu-tools-for-stm32.13.3.rel1.win32_1.0.0.202411081344/tools/bin/../lib/gcc/arm-none-eabi/13.3.1/thumb/v7e-m+fp/hard\libgcc.a(_udivmoddi4.o)
                                  0x8 (size before relaxing)
                0x0800f030                        __exidx_end = .
                0x0800f030                        . = ALIGN (0x4)

.preinit_array  0x0800f030        0x0
                0x0800f030                        . = ALIGN (0x4)
                0x0800f030                        PROVIDE (__preinit_array_start = .)
 *(.preinit_array*)
                0x0800f030                        PROVIDE (__preinit_array_end = .)
                0x0800f030                        . = ALIGN (0x4)

.init_array     0x0800f030        0x4
                0x0800f030                        . = ALIGN (0x4)
                0x0800f030                        PROVIDE (__init_array_start = .)
 *(SORT_BY_NAME(.init_array.*))
 *(.init_array*)
 .init_array    0x0800f030        0x4 C:/ST/STM32CubeIDE_1.18.0/STM32CubeIDE/plugins/com.st.stm32cube.ide.mcu.externaltools.gnu-tools-for-stm32.13.3.rel1.win32_1.0.0.202411081344/tools/bin/../lib/gcc/arm-none-eabi/13.3.1/thumb/v7e-m+fp/hard/crtbegin.o
                0x0800f034                        PROVIDE (__init_array_end = .)
                0x0800f034                        . = ALIGN (0x4)

.fini_array     0x0800f034        0x4
                0x0800f034                        . = ALIGN (0x4)
                [!provide]                        PROVIDE (__fini_array_start = .)
 *(SORT_BY_NAME(.fini_array.*))
 *(.fini_array*)
 .fini_array    0x0800f034        0x4 C:/ST/STM32CubeIDE_1.18.0/STM32CubeIDE/plugins/com.st.stm32cube.ide.mcu.externaltools.gnu-tools-for-stm32.13.3.rel1.win32_1.0.0.202411081344/tools/bin/../lib/gcc/arm-none-eabi/13.3.1/thumb/v7e-m+fp/hard/crtbegin.o
                [!provide]                        PROVIDE (__fini_array_end = .)
                0x0800f038                        . = ALIGN (0x4)
                0x0800f038                        _sidata = LOADADDR (.data)

.rel.dyn        0x0800f038        0x0
 .rel.iplt      0x0800f038        0x0 C:/ST/STM32CubeIDE_1.18.0/STM32CubeIDE/plugins/com.st.stm32cube.ide.mcu.externaltools.gnu-tools-for-stm32.13.3.rel1.win32_1.0.0.202411081344/tools/bin/../lib/gcc/arm-none-eabi/13.3.1/thumb/v7e-m+fp/hard/crtbegin.o

.data           0x20000000      0x168 load address 0x0800f038
                0x20000000                        . = ALIGN (0x4)
                0x20000000                        _sdata = .
 *(.data)
 *(.data*)
 .data.SystemCoreClock
                0x20000000        0x4 ./Core/Src/system_stm32l4xx.o
                0x20000000                SystemCoreClock
 .data.uwTickPrio
                0x20000004        0x4 ./Drivers/STM32L4xx_HAL_Driver/Src/stm32l4xx_hal.o
                0x20000004                uwTickPrio
 .data.uwTickFreq
                0x20000008        0x1 ./Drivers/STM32L4xx_HAL_Driver/Src/stm32l4xx_hal.o
                0x20000008                uwTickFreq
 *fill*         0x20000009        0x3 
 .data.USBD_CDC_DeviceQualifierDesc
                0x2000000c        0xa ./Middlewares/ST/STM32_USB_Device_Library/Class/CDC/Src/usbd_cdc.o
 *fill*         0x20000016        0x2 
 .data.USBD_CDC
                0x20000018       0x38 ./Middlewares/ST/STM32_USB_Device_Library/Class/CDC/Src/usbd_cdc.o
                0x20000018                USBD_CDC
 .data.USBD_CDC_CfgDesc
                0x20000050       0x43 ./Middlewares/ST/STM32_USB_Device_Library/Class/CDC/Src/usbd_cdc.o
 .data.CDCInEpAdd
                0x20000093        0x1 ./Middlewares/ST/STM32_USB_Device_Library/Class/CDC/Src/usbd_cdc.o
 .data.CDCOutEpAdd
                0x20000094        0x1 ./Middlewares/ST/STM32_USB_Device_Library/Class/CDC/Src/usbd_cdc.o
 .data.CDCCmdEpAdd
                0x20000095        0x1 ./Middlewares/ST/STM32_USB_Device_Library/Class/CDC/Src/usbd_cdc.o
 *fill*         0x20000096        0x2 
 .data.USBD_Interface_fops_FS
                0x20000098       0x14 ./USB_DEVICE/App/usbd_cdc_if.o
                0x20000098                USBD_Interface_fops_FS
 .data.FS_Desc  0x200000ac       0x20 ./USB_DEVICE/App/usbd_desc.o
                0x200000ac                FS_Desc
 .data.USBD_FS_DeviceDesc
                0x200000cc       0x12 ./USB_DEVICE/App/usbd_desc.o
                0x200000cc                USBD_FS_DeviceDesc
 *fill*         0x200000de        0x2 
 .data.USBD_FS_BOSDesc
                0x200000e0        0xc ./USB_DEVICE/App/usbd_desc.o
                0x200000e0                USBD_FS_BOSDesc
 .data.USBD_LangIDDesc
                0x200000ec        0x4 ./USB_DEVICE/App/usbd_desc.o
                0x200000ec                USBD_LangIDDesc
 .data.USBD_StringSerial
                0x200000f0       0x1a ./USB_DEVICE/App/usbd_desc.o
                0x200000f0                USBD_StringSerial
 *fill*         0x2000010a        0x2 
 .data.__sglue  0x2000010c        0xc C:/ST/STM32CubeIDE_1.18.0/STM32CubeIDE/plugins/com.st.stm32cube.ide.mcu.externaltools.gnu-tools-for-stm32.13.3.rel1.win32_1.0.0.202411081344/tools/bin/../lib/gcc/arm-none-eabi/13.3.1/../../../../arm-none-eabi/lib/thumb/v7e-m+fp/hard\libc_nano.a(libc_a-findfp.o)
                0x2000010c                __sglue
 .data._impure_ptr
                0x20000118        0x4 C:/ST/STM32CubeIDE_1.18.0/STM32CubeIDE/plugins/com.st.stm32cube.ide.mcu.externaltools.gnu-tools-for-stm32.13.3.rel1.win32_1.0.0.202411081344/tools/bin/../lib/gcc/arm-none-eabi/13.3.1/../../../../arm-none-eabi/lib/thumb/v7e-m+fp/hard\libc_nano.a(libc_a-impure.o)
                0x20000118                _impure_ptr
 .data._impure_data
                0x2000011c       0x4c C:/ST/STM32CubeIDE_1.18.0/STM32CubeIDE/plugins/com.st.stm32cube.ide.mcu.externaltools.gnu-tools-for-stm32.13.3.rel1.win32_1.0.0.202411081344/tools/bin/../lib/gcc/arm-none-eabi/13.3.1/../../../../arm-none-eabi/lib/thumb/v7e-m+fp/hard\libc_nano.a(libc_a-impure.o)
                0x2000011c                _impure_data
 *(.RamFunc)
 *(.RamFunc*)
                0x20000168                        . = ALIGN (0x4)
                0x20000168                        _edata = .

.igot.plt       0x20000168        0x0 load address 0x0800f1a0
 .igot.plt      0x20000168        0x0 C:/ST/STM32CubeIDE_1.18.0/STM32CubeIDE/plugins/com.st.stm32cube.ide.mcu.externaltools.gnu-tools-for-stm32.13.3.rel1.win32_1.0.0.202411081344/tools/bin/../lib/gcc/arm-none-eabi/13.3.1/thumb/v7e-m+fp/hard/crtbegin.o
                0x20000168                        . = ALIGN (0x4)

.bss            0x20000168     0x2514 load address 0x0800f1a0
                0x20000168                        _sbss = .
                0x20000168                        __bss_start__ = _sbss
 *(.bss)
 .bss           0x20000168       0x1c C:/ST/STM32CubeIDE_1.18.0/STM32CubeIDE/plugins/com.st.stm32cube.ide.mcu.externaltools.gnu-tools-for-stm32.13.3.rel1.win32_1.0.0.202411081344/tools/bin/../lib/gcc/arm-none-eabi/13.3.1/thumb/v7e-m+fp/hard/crtbegin.o
 *(.bss*)
 .bss.hadc1     0x20000184       0x68 ./Core/Src/main.o
                0x20000184                hadc1
 .bss.hadc2     0x200001ec       0x68 ./Core/Src/main.o
                0x200001ec                hadc2
 .bss.hadc3     0x20000254       0x68 ./Core/Src/main.o
                0x20000254                hadc3
 .bss.hdcmi     0x200002bc       0x64 ./Core/Src/main.o
                0x200002bc                hdcmi
 .bss.hdfsdm1_channel1
                0x20000320       0x38 ./Core/Src/main.o
                0x20000320                hdfsdm1_channel1
 .bss.hdfsdm1_channel2
                0x20000358       0x38 ./Core/Src/main.o
                0x20000358                hdfsdm1_channel2
 .bss.hi2c1     0x20000390       0x54 ./Core/Src/main.o
                0x20000390                hi2c1
 .bss.hi2c2     0x200003e4       0x54 ./Core/Src/main.o
                0x200003e4                hi2c2
 .bss.hlpuart1  0x20000438       0x88 ./Core/Src/main.o
                0x20000438                hlpuart1
 .bss.huart1    0x200004c0       0x88 ./Core/Src/main.o
                0x200004c0                huart1
 .bss.huart2    0x20000548       0x88 ./Core/Src/main.o
                0x20000548                huart2
 .bss.hqspi     0x200005d0       0x4c ./Core/Src/main.o
                0x200005d0                hqspi
 .bss.hsai_BlockA1
                0x2000061c       0x84 ./Core/Src/main.o
                0x2000061c                hsai_BlockA1
 .bss.hsai_BlockB1
                0x200006a0       0x84 ./Core/Src/main.o
                0x200006a0                hsai_BlockB1
 .bss.hsd1      0x20000724       0x84 ./Core/Src/main.o
                0x20000724                hsd1
 .bss.hspi1     0x200007a8       0x64 ./Core/Src/main.o
                0x200007a8                hspi1
 .bss.hspi2     0x2000080c       0x64 ./Core/Src/main.o
                0x2000080c                hspi2
 .bss.hsram1    0x20000870       0x50 ./Core/Src/main.o
                0x20000870                hsram1
 .bss.hsram2    0x200008c0       0x50 ./Core/Src/main.o
                0x200008c0                hsram2
 .bss.HAL_RCC_ADC_CLK_ENABLED
                0x20000910        0x4 ./Core/Src/stm32l4xx_hal_msp.o
 .bss.DFSDM1_Init
                0x20000914        0x4 ./Core/Src/stm32l4xx_hal_msp.o
 .bss.FMC_Initialized
                0x20000918        0x4 ./Core/Src/stm32l4xx_hal_msp.o
 .bss.SAI1_client