Archive member included to satisfy reference by file (symbol)

C:/ST/STM32CubeIDE_1.18.0/STM32CubeIDE/plugins/com.st.stm32cube.ide.mcu.externaltools.gnu-tools-for-stm32.13.3.rel1.win32_1.0.0.202411081344/tools/bin/../lib/gcc/arm-none-eabi/13.3.1/../../../../arm-none-eabi/lib/thumb/v7e-m+fp/hard\libc_nano.a(libc_a-exit.o)
                              C:/ST/STM32CubeIDE_1.18.0/STM32CubeIDE/plugins/com.st.stm32cube.ide.mcu.externaltools.gnu-tools-for-stm32.13.3.rel1.win32_1.0.0.202411081344/tools/bin/../lib/gcc/arm-none-eabi/13.3.1/../../../../arm-none-eabi/lib/thumb/v7e-m+fp/hard/crt0.o (exit)
C:/ST/STM32CubeIDE_1.18.0/STM32CubeIDE/plugins/com.st.stm32cube.ide.mcu.externaltools.gnu-tools-for-stm32.13.3.rel1.win32_1.0.0.202411081344/tools/bin/../lib/gcc/arm-none-eabi/13.3.1/../../../../arm-none-eabi/lib/thumb/v7e-m+fp/hard\libc_nano.a(libc_a-findfp.o)
                              C:/ST/STM32CubeIDE_1.18.0/STM32CubeIDE/plugins/com.st.stm32cube.ide.mcu.externaltools.gnu-tools-for-stm32.13.3.rel1.win32_1.0.0.202411081344/tools/bin/../lib/gcc/arm-none-eabi/13.3.1/../../../../arm-none-eabi/lib/thumb/v7e-m+fp/hard\libc_nano.a(libc_a-exit.o) (__stdio_exit_handler)
C:/ST/STM32CubeIDE_1.18.0/STM32CubeIDE/plugins/com.st.stm32cube.ide.mcu.externaltools.gnu-tools-for-stm32.13.3.rel1.win32_1.0.0.202411081344/tools/bin/../lib/gcc/arm-none-eabi/13.3.1/../../../../arm-none-eabi/lib/thumb/v7e-m+fp/hard\libc_nano.a(libc_a-fwalk.o)
                              C:/ST/STM32CubeIDE_1.18.0/STM32CubeIDE/plugins/com.st.stm32cube.ide.mcu.externaltools.gnu-tools-for-stm32.13.3.rel1.win32_1.0.0.202411081344/tools/bin/../lib/gcc/arm-none-eabi/13.3.1/../../../../arm-none-eabi/lib/thumb/v7e-m+fp/hard\libc_nano.a(libc_a-findfp.o) (_fwalk_sglue)
C:/ST/STM32CubeIDE_1.18.0/STM32CubeIDE/plugins/com.st.stm32cube.ide.mcu.externaltools.gnu-tools-for-stm32.13.3.rel1.win32_1.0.0.202411081344/tools/bin/../lib/gcc/arm-none-eabi/13.3.1/../../../../arm-none-eabi/lib/thumb/v7e-m+fp/hard\libc_nano.a(libc_a-printf.o)
                              ./Core/Src/main.o (printf)
C:/ST/STM32CubeIDE_1.18.0/STM32CubeIDE/plugins/com.st.stm32cube.ide.mcu.externaltools.gnu-tools-for-stm32.13.3.rel1.win32_1.0.0.202411081344/tools/bin/../lib/gcc/arm-none-eabi/13.3.1/../../../../arm-none-eabi/lib/thumb/v7e-m+fp/hard\libc_nano.a(libc_a-puts.o)
                              ./Core/Src/main.o (puts)
C:/ST/STM32CubeIDE_1.18.0/STM32CubeIDE/plugins/com.st.stm32cube.ide.mcu.externaltools.gnu-tools-for-stm32.13.3.rel1.win32_1.0.0.202411081344/tools/bin/../lib/gcc/arm-none-eabi/13.3.1/../../../../arm-none-eabi/lib/thumb/v7e-m+fp/hard\libc_nano.a(libc_a-stdio.o)
                              C:/ST/STM32CubeIDE_1.18.0/STM32CubeIDE/plugins/com.st.stm32cube.ide.mcu.externaltools.gnu-tools-for-stm32.13.3.rel1.win32_1.0.0.202411081344/tools/bin/../lib/gcc/arm-none-eabi/13.3.1/../../../../arm-none-eabi/lib/thumb/v7e-m+fp/hard\libc_nano.a(libc_a-findfp.o) (__sread)
C:/ST/STM32CubeIDE_1.18.0/STM32CubeIDE/plugins/com.st.stm32cube.ide.mcu.externaltools.gnu-tools-for-stm32.13.3.rel1.win32_1.0.0.202411081344/tools/bin/../lib/gcc/arm-none-eabi/13.3.1/../../../../arm-none-eabi/lib/thumb/v7e-m+fp/hard\libc_nano.a(libc_a-wbuf.o)
                              C:/ST/STM32CubeIDE_1.18.0/STM32CubeIDE/plugins/com.st.stm32cube.ide.mcu.externaltools.gnu-tools-for-stm32.13.3.rel1.win32_1.0.0.202411081344/tools/bin/../lib/gcc/arm-none-eabi/13.3.1/../../../../arm-none-eabi/lib/thumb/v7e-m+fp/hard\libc_nano.a(libc_a-puts.o) (__swbuf_r)
C:/ST/STM32CubeIDE_1.18.0/STM32CubeIDE/plugins/com.st.stm32cube.ide.mcu.externaltools.gnu-tools-for-stm32.13.3.rel1.win32_1.0.0.202411081344/tools/bin/../lib/gcc/arm-none-eabi/13.3.1/../../../../arm-none-eabi/lib/thumb/v7e-m+fp/hard\libc_nano.a(libc_a-wsetup.o)
                              C:/ST/STM32CubeIDE_1.18.0/STM32CubeIDE/plugins/com.st.stm32cube.ide.mcu.externaltools.gnu-tools-for-stm32.13.3.rel1.win32_1.0.0.202411081344/tools/bin/../lib/gcc/arm-none-eabi/13.3.1/../../../../arm-none-eabi/lib/thumb/v7e-m+fp/hard\libc_nano.a(libc_a-puts.o) (__swsetup_r)
C:/ST/STM32CubeIDE_1.18.0/STM32CubeIDE/plugins/com.st.stm32cube.ide.mcu.externaltools.gnu-tools-for-stm32.13.3.rel1.win32_1.0.0.202411081344/tools/bin/../lib/gcc/arm-none-eabi/13.3.1/../../../../arm-none-eabi/lib/thumb/v7e-m+fp/hard\libc_nano.a(libc_a-memset.o)
                              C:/ST/STM32CubeIDE_1.18.0/STM32CubeIDE/plugins/com.st.stm32cube.ide.mcu.externaltools.gnu-tools-for-stm32.13.3.rel1.win32_1.0.0.202411081344/tools/bin/../lib/gcc/arm-none-eabi/13.3.1/../../../../arm-none-eabi/lib/thumb/v7e-m+fp/hard/crt0.o (memset)
C:/ST/STM32CubeIDE_1.18.0/STM32CubeIDE/plugins/com.st.stm32cube.ide.mcu.externaltools.gnu-tools-for-stm32.13.3.rel1.win32_1.0.0.202411081344/tools/bin/../lib/gcc/arm-none-eabi/13.3.1/../../../../arm-none-eabi/lib/thumb/v7e-m+fp/hard\libc_nano.a(libc_a-closer.o)
[...]
Memory Configuration

Name             Origin             Length             Attributes
RAM              0x20000000         0x00040000         xrw
RAM2             0x10000000         0x00010000         xrw
FLASH            0x08000000         0x00100000         xr
*default*        0x00000000         0xffffffff

Linker script and memory map

LOAD C:/ST/STM32CubeIDE_1.18.0/STM32CubeIDE/plugins/com.st.stm32cube.ide.mcu.externaltools.gnu-tools-for-stm32.13.3.rel1.win32_1.0.0.202411081344/tools/bin/../lib/gcc/arm-none-eabi/13.3.1/thumb/v7e-m+fp/hard/crti.o
LOAD C:/ST/STM32CubeIDE_1.18.0/STM32CubeIDE/plugins/com.st.stm32cube.ide.mcu.externaltools.gnu-tools-for-stm32.13.3.rel1.win32_1.0.0.202411081344/tools/bin/../lib/gcc/arm-none-eabi/13.3.1/thumb/v7e-m+fp/hard/crtbegin.o
LOAD C:/ST/STM32CubeIDE_1.18.0/STM32CubeIDE/plugins/com.st.stm32cube.ide.mcu.externaltools.gnu-tools-for-stm32.13.3.rel1.win32_1.0.0.202411081344/tools/bin/../lib/gcc/arm-none-eabi/13.3.1/../../../../arm-none-eabi/lib/thumb/v7e-m+fp/hard/crt0.o
LOAD ./Core/Src/main.o
LOAD ./Core/Src/stm32l4xx_hal_msp.o
LOAD ./Core/Src/stm32l4xx_it.o
LOAD ./Core/Src/syscalls.o
LOAD ./Core/Src/sysmem.o
LOAD ./Core/Src/system_stm32l4xx.o
LOAD ./Core/Startup/startup_stm32l496agix.o
LOAD ./Drivers/STM32L4xx_HAL_Driver/Src/stm32l4xx_hal.o
LOAD ./Drivers/STM32L4xx_HAL_Driver/Src/stm32l4xx_hal_adc.o
LOAD ./Drivers/STM32L4xx_HAL_Driver/Src/stm32l4xx_hal_adc_ex.o
LOAD ./Drivers/STM32L4xx_HAL_Driver/Src/stm32l4xx_hal_cortex.o
LOAD ./Drivers/STM32L4xx_HAL_Driver/Src/stm32l4xx_hal_dcmi.o
LOAD ./Drivers/STM32L4xx_HAL_Driver/Src/stm32l4xx_hal_dfsdm.o
LOAD ./Drivers/STM32L4xx_HAL_Driver/Src/stm32l4xx_hal_dma.o
LOAD ./Drivers/STM32L4xx_HAL_Driver/Src/stm32l4xx_hal_dma_ex.o
LOAD ./Drivers/STM32L4xx_HAL_Driver/Src/stm32l4xx_hal_exti.o
LOAD ./Drivers/STM32L4xx_HAL_Driver/Src/stm32l4xx_hal_flash.o
LOAD ./Drivers/STM32L4xx_HAL_Driver/Src/stm32l4xx_hal_flash_ex.o
LOAD ./Drivers/STM32L4xx_HAL_Driver/Src/stm32l4xx_hal_flash_ramfunc.o
LOAD ./Drivers/STM32L4xx_HAL_Driver/Src/stm32l4xx_hal_gpio.o
LOAD ./Drivers/STM32L4xx_HAL_Driver/Src/stm32l4xx_hal_i2c.o
LOAD ./Drivers/STM32L4xx_HAL_Driver/Src/stm32l4xx_hal_i2c_ex.o
LOAD ./Drivers/STM32L4xx_HAL_Driver/Src/stm32l4xx_hal_mmc.o
LOAD ./Drivers/STM32L4xx_HAL_Driver/Src/stm32l4xx_hal_mmc_ex.o
LOAD ./Drivers/STM32L4xx_HAL_Driver/Src/stm32l4xx_hal_nand.o
LOAD ./Drivers/STM32L4xx_HAL_Driver/Src/stm32l4xx_hal_nor.o
LOAD ./Drivers/STM32L4xx_HAL_Driver/Src/stm32l4xx_hal_pcd.o
LOAD ./Drivers/STM32L4xx_HAL_Driver/Src/stm32l4xx_hal_pcd_ex.o
LOAD ./Drivers/STM32L4xx_HAL_Driver/Src/stm32l4xx_hal_pwr.o
LOAD ./Drivers/STM32L4xx_HAL_Driver/Src/stm32l4xx_hal_pwr_ex.o
LOAD ./Drivers/STM32L4xx_HAL_Driver/Src/stm32l4xx_hal_qspi.o
LOAD ./Drivers/STM32L4xx_HAL_Driver/Src/stm32l4xx_hal_rcc.o
LOAD ./Drivers/STM32L4xx_HAL_Driver/Src/stm32l4xx_hal_rcc_ex.o
LOAD ./Drivers/STM32L4xx_HAL_Driver/Src/stm32l4xx_hal_sai.o
LOAD ./Drivers/STM32L4xx_HAL_Driver/Src/stm32l4xx_hal_sai_ex.o
LOAD ./Drivers/STM32L4xx_HAL_Driver/Src/stm32l4xx_hal_sd.o
LOAD ./Drivers/STM32L4xx_HAL_Driver/Src/stm32l4xx_hal_sd_ex.o
LOAD ./Drivers/STM32L4xx_HAL_Driver/Src/stm32l4xx_hal_spi.o
LOAD ./Drivers/STM32L4xx_HAL_Driver/Src/stm32l4xx_hal_spi_ex.o
LOAD ./Drivers/STM32L4xx_HAL_Driver/Src/stm32l4xx_hal_sram.o
LOAD ./Drivers/STM32L4xx_HAL_Driver/Src/stm32l4xx_hal_uart.o
LOAD ./Drivers/STM32L4xx_HAL_Driver/Src/stm32l4xx_hal_uart_ex.o
LOAD ./Drivers/STM32L4xx_HAL_Driver/Src/stm32l4xx_ll_fmc.o
LOAD ./Drivers/STM32L4xx_HAL_Driver/Src/stm32l4xx_ll_sdmmc.o
LOAD ./Drivers/STM32L4xx_HAL_Driver/Src/stm32l4xx_ll_usb.o
LOAD ./Middlewares/ST/STM32_USB_Device_Library/Class/CDC/Src/usbd_cdc.o
LOAD ./Middlewares/ST/STM32_USB_Device_Library/Core/Src/usbd_core.o
LOAD ./Middlewares/ST/STM32_USB_Device_Library/Core/Src/usbd_ctlreq.o
LOAD ./Middlewares/ST/STM32_USB_Device_Library/Core/Src/usbd_ioreq.o
LOAD ./USB_DEVICE/App/usb_device.o
LOAD ./USB_DEVICE/App/usbd_cdc_if.o
LOAD ./USB_DEVICE/App/usbd_desc.o
LOAD ./USB_DEVICE/Target/usbd_conf.o
START GROUP
LOAD C:/ST/STM32CubeIDE_1.18.0/STM32CubeIDE/plugins/com.st.stm32cube.ide.mcu.externaltools.gnu-tools-for-stm32.13.3.rel1.win32_1.0.0.202411081344/tools/bin/../lib/gcc/arm-none-eabi/13.3.1/../../../../arm-none-eabi/lib/thumb/v7e-m+fp/hard\libc_nano.a
LOAD C:/ST/STM32CubeIDE_1.18.0/STM32CubeIDE/plugins/com.st.stm32cube.ide.mcu.externaltools.gnu-tools-for-stm32.13.3.rel1.win32_1.0.0.202411081344/tools/bin/../lib/gcc/arm-none-eabi/13.3.1/../../../../arm-none-eabi/lib/thumb/v7e-m+fp/hard\libm.a
END GROUP
START GROUP
LOAD C:/ST/STM32CubeIDE_1.18.0/STM32CubeIDE/plugins/com.st.stm32cube.ide.mcu.externaltools.gnu-tools-for-stm32.13.3.rel1.win32_1.0.0.202411081344/tools/bin/../lib/gcc/arm-none-eabi/13.3.1/thumb/v7e-m+fp/hard\libgcc.a
LOAD C:/ST/STM32CubeIDE_1.18.0/STM32CubeIDE/plugins/com.st.stm32cube.ide.mcu.externaltools.gnu-tools-for-stm32.13.3.rel1.win32_1.0.0.202411081344/tools/bin/../lib/gcc/arm-none-eabi/13.3.1/../../../../arm-none-eabi/lib/thumb/v7e-m+fp/hard\libc_nano.a
END GROUP
START GROUP
LOAD C:/ST/STM32CubeIDE_1.18.0/STM32CubeIDE/plugins/com.st.stm32cube.ide.mcu.externaltools.gnu-tools-for-stm32.13.3.rel1.win32_1.0.0.202411081344/tools/bin/../lib/gcc/arm-none-eabi/13.3.1/thumb/v7e-m+fp/hard\libgcc.a
LOAD C:/ST/STM32CubeIDE_1.18.0/STM32CubeIDE/plugins/com.st.stm32cube.ide.mcu.externaltools.gnu-tools-for-stm32.13.3.rel1.win32_1.0.0.202411081344/tools/bin/../lib/gcc/arm-none-eabi/13.3.1/../../../../arm-none-eabi/lib/thumb/v7e-m+fp/hard\libc_nano.a
LOAD C:/ST/STM32CubeIDE_1.18.0/STM32CubeIDE/plugins/com.st.stm32cube.ide.mcu.externaltools.gnu-tools-for-stm32.13.3.rel1.win32_1.0.0.202411081344/tools/bin/../lib/gcc/arm-none-eabi/13.3.1/../../../../arm-none-eabi/lib/thumb/v7e-m+fp/hard\libnosys.a
END GROUP
START GROUP
LOAD C:/ST/STM32CubeIDE_1.18.0/STM32CubeIDE/plugins/com.st.stm32cube.ide.mcu.externaltools.gnu-tools-for-stm32.13.3.rel1.win32_1.0.0.202411081344/tools/bin/../lib/gcc/arm-none-eabi/13.3.1/thumb/v7e-m+fp/hard\libgcc.a
LOAD C:/ST/STM32CubeIDE_1.18.0/STM32CubeIDE/plugins/com.st.stm32cube.ide.mcu.externaltools.gnu-tools-for-stm32.13.3.rel1.win32_1.0.0.202411081344/tools/bin/../lib/gcc/arm-none-eabi/13.3.1/../../../../arm-none-eabi/lib/thumb/v7e-m+fp/hard\libc_nano.a
LOAD C:/ST/STM32CubeIDE_1.18.0/STM32CubeIDE/plugins/com.st.stm32cube.ide.mcu.externaltools.gnu-tools-for-stm32.13.3.rel1.win32_1.0.0.202411081344/tools/bin/../lib/gcc/arm-none-eabi/13.3.1/../../../../arm-none-eabi/lib/thumb/v7e-m+fp/hard\libnosys.a
END GROUP
LOAD C:/ST/STM32CubeIDE_1.18.0/STM32CubeIDE/plugins/com.st.stm32cube.ide.mcu.externaltools.gnu-tools-for-stm32.13.3.rel1.win32_1.0.0.202411081344/tools/bin/../lib/gcc/arm-none-eabi/13.3.1/thumb/v7e-m+fp/hard/crtend.o
LOAD C:/ST/STM32CubeIDE_1.18.0/STM32CubeIDE/plugins/com.st.stm32cube.ide.mcu.externaltools.gnu-tools-for-stm32.13.3.rel1.win32_1.0.0.202411081344/tools/bin/../lib/gcc/arm-none-eabi/13.3.1/thumb/v7e-m+fp/hard/crtn.o
                0x20040000                        _estack = (ORIGIN (RAM) + LENGTH (RAM))
                0x00000200                        _Min_Heap_Size = 0x200
                0x00000400                        _Min_Stack_Size = 0x400

.isr_vector     0x08000000      0x1ac
                0x08000000                        . = ALIGN (0x4)
 *(.isr_vector)
 .isr_vector    0x08000000      0x1ac ./Core/Startup/startup_stm32l496agix.o
                0x08000000                g_pfnVectors
                0x080001ac                        . = ALIGN (0x4)

.text           0x080001b0     0xed98
                0x080001b0                        . = ALIGN (0x4)
 *(.text)
 .text          0x080001b0       0x40 C:/ST/STM32CubeIDE_1.18.0/STM32CubeIDE/plugins/com.st.stm32cube.ide.mcu.externaltools.gnu-tools-for-stm32.13.3.rel1.win32_1.0.0.202411081344/tools/bin/../lib/gcc/arm-none-eabi/13.3.1/thumb/v7e-m+fp/hard/crtbegin.o
 .text          0x080001f0       0xa0 C:/ST/STM32CubeIDE_1.18.0/STM32CubeIDE/plugins/com.st.stm32cube.ide.mcu.externaltools.gnu-tools-for-stm32.13.3.rel1.win32_1.0.0.202411081344/tools/bin/../lib/gcc/arm-none-eabi/13.3.1/../../../../arm-none-eabi/lib/thumb/v7e-m+fp/hard\libc_nano.a(libc_a-memchr.o)
                0x080001f0                memchr
 .text          0x08000290       0x30 C:/ST/STM32CubeIDE_1.18.0/STM32CubeIDE/plugins/com.st.stm32cube.ide.mcu.externaltools.gnu-tools-for-stm32.13.3.rel1.win32_1.0.0.202411081344/tools/bin/../lib/gcc/arm-none-eabi/13.3.1/thumb/v7e-m+fp/hard\libgcc.a(_aeabi_uldivmod.o)
                0x08000290                __aeabi_uldivmod
 .text          0x080002c0      0x2f8 C:/ST/STM32CubeIDE_1.18.0/STM32CubeIDE/plugins/com.st.stm32cube.ide.mcu.externaltools.gnu-tools-for-stm32.13.3.rel1.win32_1.0.0.202411081344/tools/bin/../lib/gcc/arm-none-eabi/13.3.1/thumb/v7e-m+fp/hard\libgcc.a(_udivmoddi4.o)
                0x080002c0                __udivmoddi4
 .text          0x080005b8        0x4 C:/ST/STM32CubeIDE_1.18.0/STM32CubeIDE/plugins/com.st.stm32cube.ide.mcu.externaltools.gnu-tools-for-stm32.13.3.rel1.win32_1.0.0.202411081344/tools/bin/../lib/gcc/arm-none-eabi/13.3.1/thumb/v7e-m+fp/hard\libgcc.a(_dvmd_tls.o)
                0x080005b8                __aeabi_idiv0
                0x080005b8                __aeabi_ldiv0
 *(.text*)
 .text._write   0x080005bc       0x4c ./Core/Src/main.o
                0x080005bc                _write
 .text.main     0x08000608       0xa4 ./Core/Src/main.o
                0x08000608                main
 .text.SystemClock_Config
                0x080006ac       0xc4 ./Core/Src/main.o
                0x080006ac                SystemClock_Config
 .text.PeriphCommonClock_Config
                0x08000770       0x6c ./Core/Src/main.o
                0x08000770                PeriphCommonClock_Config
 .text.MX_ADC1_Init
                0x080007dc       0xec ./Core/Src/main.o
 .text.MX_ADC2_Init
                0x080008c8       0xc8 ./Core/Src/main.o
 .text.MX_ADC3_Init
                0x08000990       0xc8 ./Core/Src/main.o
 .text.MX_DCMI_Init
                0x08000a58       0x68 ./Core/Src/main.o
 .text.MX_DFSDM1_Init
                0x08000ac0       0xd8 ./Core/Src/main.o
 .text.MX_I2C1_Init
                0x08000b98       0x80 ./Core/Src/main.o
 .text.MX_I2C2_Init
                0x08000c18       0x80 ./Core/Src/main.o
 .text.MX_LPUART1_UART_Init
                0x08000c98       0x5c ./Core/Src/main.o
 .text.MX_USART1_UART_Init
                0x08000cf4       0x60 ./Core/Src/main.o
 .text.MX_USART2_UART_Init
                0x08000d54       0x60 ./Core/Src/main.o
 .text.MX_QUADSPI_Init
                0x08000db4       0x58 ./Core/Src/main.o
 .text.MX_SAI1_Init
                0x08000e0c      0x150 ./Core/Src/main.o
 .text.MX_SDMMC1_SD_Init
                0x08000f5c       0x60 ./Core/Src/main.o
 .text.MX_SPI1_Init
                0x08000fbc       0x7c ./Core/Src/main.o
 .text.MX_SPI2_Init
                0x08001038       0x7c ./Core/Src/main.o
 .text.MX_FMC_Init
                0x080010b4      0x15c ./Core/Src/main.o
 .text.MX_GPIO_Init
                0x08001210      0x1dc ./Core/Src/main.o
 .text.Error_Handler
                0x080013ec        0xc ./Core/Src/main.o
                0x080013ec                Error_Handler
 .text.HAL_MspInit
                0x080013f8       0x48 ./Core/Src/stm32l4xx_hal_msp.o
                0x080013f8                HAL_MspInit
 .text.HAL_ADC_MspInit
                0x08001440      0x1a0 ./Core/Src/stm32l4xx_hal_msp.o
                0x08001440                HAL_ADC_MspInit
 .text.HAL_DCMI_MspInit
                0x080015e0      0x100 ./Core/Src/stm32l4xx_hal_msp.o
                0x080015e0                HAL_DCMI_MspInit
 .text.HAL_DFSDM_ChannelMspInit
                0x080016e0      0x110 ./Core/Src/stm32l4xx_hal_msp.o
                0x080016e0                HAL_DFSDM_ChannelMspInit
 .text.HAL_I2C_MspInit
                0x080017f0      0x18c ./Core/Src/stm32l4xx_hal_msp.o
                0x080017f0                HAL_I2C_MspInit
 .text.HAL_UART_MspInit
                0x0800197c      0x260 ./Core/Src/stm32l4xx_hal_msp.o
                0x0800197c                HAL_UART_MspInit
 .text.HAL_QSPI_MspInit
                0x08001bdc       0xc4 ./Core/Src/stm32l4xx_hal_msp.o
                0x08001bdc                HAL_QSPI_MspInit
 .text.HAL_SD_MspInit
                0x08001ca0       0xc4 ./Core/Src/stm32l4xx_hal_msp.o
                0x08001ca0                HAL_SD_MspInit
 .text.HAL_SPI_MspInit
                0x08001d64      0x160 ./Core/Src/stm32l4xx_hal_msp.o
                0x08001d64                HAL_SPI_MspInit
 .text.HAL_FMC_MspInit
                0x08001ec4       0xdc ./Core/Src/stm32l4xx_hal_msp.o
 .text.HAL_SRAM_MspInit
                0x08001fa0       0x14 ./Core/Src/stm32l4xx_hal_msp.o
                0x08001fa0                HAL_SRAM_MspInit
 .text.HAL_SAI_MspInit
                0x08001fb4       0xf4 ./Core/Src/stm32l4xx_hal_msp.o
                0x08001fb4                HAL_SAI_MspInit
 .text.NMI_Handler
                0x080020a8        0x8 ./Core/Src/stm32l4xx_it.o
                0x080020a8                NMI_Handler
 .text.HardFault_Handler
                0x080020b0        0x8 ./Core/Src/stm32l4xx_it.o
                0x080020b0                HardFault_Handler
 .text.MemManage_Handler
                0x080020b8        0x8 ./Core/Src/stm32l4xx_it.o
                0x080020b8                MemManage_Handler
 .text.BusFault_Handler
                0x080020c0        0x8 ./Core/Src/stm32l4xx_it.o
                0x080020c0                BusFault_Handler
 .text.UsageFault_Handler
                0x080020c8        0x8 ./Core/Src/stm32l4xx_it.o
                0x080020c8                UsageFault_Handler
 .text.SVC_Handler
                0x080020d0        0xe ./Core/Src/stm32l4xx_it.o
                0x080020d0                SVC_Handler
 .text.DebugMon_Handler
                0x080020de        0xe ./Core/Src/stm32l4xx_it.o
                0x080020de                DebugMon_Handler
 .text.PendSV_Handler
                0x080020ec        0xe ./Core/Src/stm32l4xx_it.o
                0x080020ec                PendSV_Handler
 .text.SysTick_Handler
                0x080020fa        0xc ./Core/Src/stm32l4xx_it.o
                0x080020fa                SysTick_Handler
 *fill*         0x08002106        0x2 
 .text.OTG_FS_IRQHandler
                0x08002108       0x14 ./Core/Src/stm32l4xx_it.o
                0x08002108                OTG_FS_IRQHandler
 .text._read    0x0800211c       0x3a ./Core/Src/syscalls.o
                0x0800211c                _read
 .text._close   0x08002156       0x18 ./Core/Src/syscalls.o
                0x08002156                _close
 .text._fstat   0x0800216e       0x20 ./Core/Src/syscalls.o
                0x0800216e                _fstat
 .text._isatty  0x0800218e       0x16 ./Core/Src/syscalls.o
                0x0800218e                _isatty
 .text._lseek   0x080021a4       0x1a ./Core/Src/syscalls.o
                0x080021a4                _lseek
 *fill*         0x080021be        0x2 
 .text._sbrk    0x080021c0       0x6c ./Core/Src/sysmem.o
                0x080021c0                _sbrk
 .text.SystemInit
                0x0800222c       0x24 ./Core/Src/system_stm32l4xx.o
                0x0800222c                SystemInit
 .text.Reset_Handler
                0x08002250       0x50 ./Core/Startup/startup_stm32l496agix.o
                0x08002250                Reset_Handler
 .text.Default_Handler
                0x080022a0        0x2 ./Core/Startup/startup_stm32l496agix.o
                0x080022a0                RTC_Alarm_IRQHandler
                0x080022a0                EXTI2_IRQHandler
                0x080022a0                TIM8_TRG_COM_IRQHandler
                0x080022a0                TIM8_CC_IRQHandler
                0x080022a0                TIM1_CC_IRQHandler
                0x080022a0                TSC_IRQHandler
                0x080022a0                TAMP_STAMP_IRQHandler
                0x080022a0                CAN2_RX1_IRQHandler
                0x080022a0                EXTI3_IRQHandler
                0x080022a0                LPTIM2_IRQHandler
                0x080022a0                DFSDM1_FLT1_IRQHandler
                0x080022a0                I2C3_ER_IRQHandler
                0x080022a0                DFSDM1_FLT2_IRQHandler
                0x080022a0                EXTI0_IRQHandler
                0x080022a0                I2C2_EV_IRQHandler
                0x080022a0                CAN1_RX0_IRQHandler
                0x080022a0                FPU_IRQHandler
                0x080022a0                TIM1_UP_TIM16_IRQHandler
                0x080022a0                CAN2_SCE_IRQHandler
                0x080022a0                ADC1_2_IRQHandler
                0x080022a0                SPI1_IRQHandler
                0x080022a0                TIM6_DAC_IRQHandler
                0x080022a0                DCMI_IRQHandler
                0x080022a0                CAN2_RX0_IRQHandler
                0x080022a0                TIM8_UP_IRQHandler
                0x080022a0                DMA2_Channel2_IRQHandler
                0x080022a0                DMA1_Channel4_IRQHandler
                0x080022a0                SAI2_IRQHandler
                0x080022a0                DFSDM1_FLT3_IRQHandler
                0x080022a0                USART3_IRQHandler
                0x080022a0                DMA1_Channel7_IRQHandler
                0x080022a0                CAN1_RX1_IRQHandler
                0x080022a0                LCD_IRQHandler
                0x080022a0                UART5_IRQHandler
                0x080022a0                ADC3_IRQHandler
                0x080022a0                TIM4_IRQHandler
                0x080022a0                DMA2_Channel1_IRQHandler
                0x080022a0                QUADSPI_IRQHandler
                0x080022a0                I2C1_EV_IRQHandler
                0x080022a0                DMA1_Channel6_IRQHandler
                0x080022a0                UART4_IRQHandler
                0x080022a0                DMA2_Channel4_IRQHandler
                0x080022a0                TIM3_IRQHandler
                0x080022a0                RCC_IRQHandler
                0x080022a0                DMA1_Channel1_IRQHandler
                0x080022a0                Default_Handler
                0x080022a0                DMA2_Channel7_IRQHandler
                0x080022a0                EXTI15_10_IRQHandler
                0x080022a0                TIM7_IRQHandler
                0x080022a0                SDMMC1_IRQHandler
                0x080022a0                CAN2_TX_IRQHandler
                0x080022a0                TIM5_IRQHandler
                0x080022a0                I2C3_EV_IRQHandler
                0x080022a0                EXTI9_5_IRQHandler
                0x080022a0                RTC_WKUP_IRQHandler
                0x080022a0                PVD_PVM_IRQHandler
                0x080022a0                SPI2_IRQHandler
                0x080022a0                CAN1_TX_IRQHandler
                0x080022a0                DMA2_Channel5_IRQHandler
                0x080022a0                CRS_IRQHandler
                0x080022a0                DMA1_Channel5_IRQHandler
                0x080022a0                EXTI4_IRQHandler
                0x080022a0                RNG_IRQHandler
                0x080022a0                TIM1_TRG_COM_TIM17_IRQHandler
                0x080022a0                DMA1_Channel3_IRQHandler
                0x080022a0                COMP_IRQHandler
                0x080022a0                WWDG_IRQHandler
                0x080022a0                I2C4_EV_IRQHandler
                0x080022a0                LPUART1_IRQHandler
                0x080022a0                DMA2_Channel6_IRQHandler
                0x080022a0                TIM2_IRQHandler
                0x080022a0                EXTI1_IRQHandler
                0x080022a0                USART2_IRQHandler
                0x080022a0                DFSDM1_FLT0_IRQHandler
                0x080022a0                I2C2_ER_IRQHandler
                0x080022a0                DMA1_Channel2_IRQHandler
                0x080022a0                TIM8_BRK_IRQHandler
                0x080022a0                CAN1_SCE_IRQHandler
                0x080022a0                FLASH_IRQHandler
                0x080022a0                USART1_IRQHandler
                0x080022a0                SPI3_IRQHandler
                0x080022a0                I2C1_ER_IRQHandler
                0x080022a0                FMC_IRQHandler
                0x080022a0                SWPMI1_IRQHandler
                0x080022a0                LPTIM1_IRQHandler
                0x080022a0                I2C4_ER_IRQHandler
                0x080022a0                SAI1_IRQHandler
                0x080022a0                DMA2_Channel3_IRQHandler
                0x080022a0                TIM1_BRK_TIM15_IRQHandler
 .text.HAL_Init
                0x080022a2       0x30 ./Drivers/STM32L4xx_HAL_Driver/Src/stm32l4xx_hal.o
                0x080022a2                HAL_Init
 *fill*         0x080022d2        0x2 
 .text.HAL_InitTick
                0x080022d4       0x78 ./Drivers/STM32L4xx_HAL_Driver/Src/stm32l4xx_hal.o
                0x080022d4                HAL_InitTick
 .text.HAL_IncTick
                0x0800234c       0x28 ./Drivers/STM32L4xx_HAL_Driver/Src/stm32l4xx_hal.o
                0x0800234c                HAL_IncTick
 .text.HAL_GetTick
                0x08002374       0x18 ./Drivers/STM32L4xx_HAL_Driver/Src/stm32l4xx_hal.o
                0x08002374                HAL_GetTick
 .text.HAL_Delay
                0x0800238c       0x48 ./Drivers/STM32L4xx_HAL_Driver/Src/stm32l4xx_hal.o
                0x0800238c                HAL_Delay
 .text.LL_ADC_SetCommonClock
                0x080023d4       0x26 ./Drivers/STM32L4xx_HAL_Driver/Src/stm32l4xx_hal_adc.o
 .text.LL_ADC_SetCommonPathInternalCh
                0x080023fa       0x26 ./Drivers/STM32L4xx_HAL_Driver/Src/stm32l4xx_hal_adc.o
 .text.LL_ADC_GetCommonPathInternalCh
                0x08002420       0x1c ./Drivers/STM32L4xx_HAL_Driver/Src/stm32l4xx_hal_adc.o
 .text.LL_ADC_SetOffset
                0x0800243c       0x48 ./Drivers/STM32L4xx_HAL_Driver/Src/stm32l4xx_hal_adc.o
 .text.LL_ADC_GetOffsetChannel
                0x08002484       0x2c ./Drivers/STM32L4xx_HAL_Driver/Src/stm32l4xx_hal_adc.o
 .text.LL_ADC_SetOffsetState
                0x080024b0       0x36 ./Drivers/STM32L4xx_HAL_Driver/Src/stm32l4xx_hal_adc.o
 .text.LL_ADC_SetSamplingTimeCommonConfig
                0x080024e6       0x26 ./Drivers/STM32L4xx_HAL_Driver/Src/stm32l4xx_hal_adc.o
 .text.LL_ADC_REG_SetSequencerRanks
                0x0800250c       0x58 ./Drivers/STM32L4xx_HAL_Driver/Src/stm32l4xx_hal_adc.o
 .text.LL_ADC_SetChannelSamplingTime
                0x08002564       0x56 ./Drivers/STM32L4xx_HAL_Driver/Src/stm32l4xx_hal_adc.o
 *fill*         0x080025ba        0x2 
 .text.LL_ADC_SetChannelSingleDiff
                0x080025bc       0x48 ./Drivers/STM32L4xx_HAL_Driver/Src/stm32l4xx_hal_adc.o
 .text.LL_ADC_DisableDeepPowerDown
                0x08002604       0x24 ./Drivers/STM32L4xx_HAL_Driver/Src/stm32l4xx_hal_adc.o
 .text.LL_ADC_IsDeepPowerDownEnabled
                0x08002628       0x28 ./Drivers/STM32L4xx_HAL_Driver/Src/stm32l4xx_hal_adc.o
 .text.LL_ADC_EnableInternalRegulator
                0x08002650       0x28 ./Drivers/STM32L4xx_HAL_Driver/Src/stm32l4xx_hal_adc.o
 .text.LL_ADC_IsInternalRegulatorEnabled
                0x08002678       0x28 ./Drivers/STM32L4xx_HAL_Driver/Src/stm32l4xx_hal_adc.o
 .text.LL_ADC_IsEnabled
                0x080026a0       0x26 ./Drivers/STM32L4xx_HAL_Driver/Src/stm32l4xx_hal_adc.o
 .text.LL_ADC_REG_IsConversionOngoing
                0x080026c6       0x26 ./Drivers/STM32L4xx_HAL_Driver/Src/stm32l4xx_hal_adc.o
 .text.LL_ADC_INJ_IsConversionOngoing
                0x080026ec       0x26 ./Drivers/STM32L4xx_HAL_Driver/Src/stm32l4xx_hal_adc.o
 *fill*         0x08002712        0x2 
 .text.HAL_ADC_Init
                0x08002714      0x2a8 ./Drivers/STM32L4xx_HAL_Driver/Src/stm32l4xx_hal_adc.o
                0x08002714                HAL_ADC_Init
 .text.HAL_ADC_ConfigChannel
                0x080029bc      0x818 ./Drivers/STM32L4xx_HAL_Driver/Src/stm32l4xx_hal_adc.o
                0x080029bc                HAL_ADC_ConfigChannel
 .text.LL_ADC_IsEnabled
                0x080031d4       0x26 ./Drivers/STM32L4xx_HAL_Driver/Src/stm32l4xx_hal_adc_ex.o
 .text.LL_ADC_REG_IsConversionOngoing
                0x080031fa       0x26 ./Drivers/STM32L4xx_HAL_Driver/Src/stm32l4xx_hal_adc_ex.o
 .text.HAL_ADCEx_MultiModeConfigChannel
                0x08003220      0x160 ./Drivers/STM32L4xx_HAL_Driver/Src/stm32l4xx_hal_adc_ex.o
                0x08003220                HAL_ADCEx_MultiModeConfigChannel
 .text.__NVIC_SetPriorityGrouping
                0x08003380       0x48 ./Drivers/STM32L4xx_HAL_Driver/Src/stm32l4xx_hal_cortex.o
 .text.__NVIC_GetPriorityGrouping
                0x080033c8       0x1c ./Drivers/STM32L4xx_HAL_Driver/Src/stm32l4xx_hal_cortex.o
 .text.__NVIC_EnableIRQ
                0x080033e4       0x3c ./Drivers/STM32L4xx_HAL_Driver/Src/stm32l4xx_hal_cortex.o
 .text.__NVIC_SetPriority
                0x08003420       0x54 ./Drivers/STM32L4xx_HAL_Driver/Src/stm32l4xx_hal_cortex.o
 .text.NVIC_EncodePriority
                0x08003474       0x66 ./Drivers/STM32L4xx_HAL_Driver/Src/stm32l4xx_hal_cortex.o
 *fill*         0x080034da        0x2 
 .text.SysTick_Config
                0x080034dc       0x44 ./Drivers/STM32L4xx_HAL_Driver/Src/stm32l4xx_hal_cortex.o
 .text.HAL_NVIC_SetPriorityGrouping
                0x08003520       0x16 ./Drivers/STM32L4xx_HAL_Driver/Src/stm32l4xx_hal_cortex.o
                0x08003520                HAL_NVIC_SetPriorityGrouping
 .text.HAL_NVIC_SetPriority
                0x08003536       0x38 ./Drivers/STM32L4xx_HAL_Driver/Src/stm32l4xx_hal_cortex.o
                0x08003536                HAL_NVIC_SetPriority
 .text.HAL_NVIC_EnableIRQ
                0x0800356e       0x1c ./Drivers/STM32L4xx_HAL_Driver/Src/stm32l4xx_hal_cortex.o
                0x0800356e                HAL_NVIC_EnableIRQ
 .text.HAL_SYSTICK_Config
                0x0800358a       0x18 ./Drivers/STM32L4xx_HAL_Driver/Src/stm32l4xx_hal_cortex.o
                0x0800358a                HAL_SYSTICK_Config
 *fill*         0x080035a2        0x2 
 .text.HAL_DCMI_Init
                0x080035a4      0x10c ./Drivers/STM32L4xx_HAL_Driver/Src/stm32l4xx_hal_dcmi.o
                0x080035a4                HAL_DCMI_Init
 .text.HAL_DFSDM_ChannelInit
                0x080036b0      0x180 ./Drivers/STM32L4xx_HAL_Driver/Src/stm32l4xx_hal_dfsdm.o
                0x080036b0                HAL_DFSDM_ChannelInit
 .text.DFSDM_GetChannelFromInstance
                0x08003830       0x98 ./Drivers/STM32L4xx_HAL_Driver/Src/stm32l4xx_hal_dfsdm.o
 .text.HAL_GPIO_Init
                0x080038c8      0x324 ./Drivers/STM32L4xx_HAL_Driver/Src/stm32l4xx_hal_gpio.o
                0x080038c8                HAL_GPIO_Init
 .text.HAL_GPIO_WritePin
                0x08003bec       0x30 ./Drivers/STM32L4xx_HAL_Driver/Src/stm32l4xx_hal_gpio.o
                0x08003bec                HAL_GPIO_WritePin
 .text.HAL_I2C_Init
                0x08003c1c      0x136 ./Drivers/STM32L4xx_HAL_Driver/Src/stm32l4xx_hal_i2c.o
                0x08003c1c                HAL_I2C_Init
 .text.HAL_I2CEx_ConfigAnalogFilter
                0x08003d52       0x96 ./Drivers/STM32L4xx_HAL_Driver/Src/stm32l4xx_hal_i2c_ex.o
                0x08003d52                HAL_I2CEx_ConfigAnalogFilter
 .text.HAL_I2CEx_ConfigDigitalFilter
                0x08003de8       0x98 ./Drivers/STM32L4xx_HAL_Driver/Src/stm32l4xx_hal_i2c_ex.o
                0x08003de8                HAL_I2CEx_ConfigDigitalFilter
 .text.HAL_PCD_Init
                0x08003e80      0x21e ./Drivers/STM32L4xx_HAL_Driver/Src/stm32l4xx_hal_pcd.o
                0x08003e80                HAL_PCD_Init
 .text.HAL_PCD_Start
                0x0800409e       0x5e ./Drivers/STM32L4xx_HAL_Driver/Src/stm32l4xx_hal_pcd.o
                0x0800409e                HAL_PCD_Start
 .text.HAL_PCD_IRQHandler
                0x080040fc      0x92c ./Drivers/STM32L4xx_HAL_Driver/Src/stm32l4xx_hal_pcd.o
                0x080040fc                HAL_PCD_IRQHandler
 .text.HAL_PCD_SetAddress
                0x08004a28       0x48 ./Drivers/STM32L4xx_HAL_Driver/Src/stm32l4xx_hal_pcd.o
                0x08004a28                HAL_PCD_SetAddress
 .text.HAL_PCD_EP_Open
                0x08004a70       0xd4 ./Drivers/STM32L4xx_HAL_Driver/Src/stm32l4xx_hal_pcd.o
                0x08004a70                HAL_PCD_EP_Open
 .text.HAL_PCD_EP_Close
                0x08004b44       0x94 ./Drivers/STM32L4xx_HAL_Driver/Src/stm32l4xx_hal_pcd.o
                0x08004b44                HAL_PCD_EP_Close
 .text.HAL_PCD_EP_Receive
                0x08004bd8       0x64 ./Drivers/STM32L4xx_HAL_Driver/Src/stm32l4xx_hal_pcd.o
                0x08004bd8                HAL_PCD_EP_Receive
 .text.HAL_PCD_EP_GetRxCount
                0x08004c3c       0x30 ./Drivers/STM32L4xx_HAL_Driver/Src/stm32l4xx_hal_pcd.o
                0x08004c3c                HAL_PCD_EP_GetRxCount
 .text.HAL_PCD_EP_Transmit
                0x08004c6c       0x62 ./Drivers/STM32L4xx_HAL_Driver/Src/stm32l4xx_hal_pcd.o
                0x08004c6c                HAL_PCD_EP_Transmit
 .text.HAL_PCD_EP_SetStall
                0x08004cce       0xc4 ./Drivers/STM32L4xx_HAL_Driver/Src/stm32l4xx_hal_pcd.o
                0x08004cce                HAL_PCD_EP_SetStall
 .text.HAL_PCD_EP_ClrStall
                0x08004d92       0xac ./Drivers/STM32L4xx_HAL_Driver/Src/stm32l4xx_hal_pcd.o
                0x08004d92                HAL_PCD_EP_ClrStall
 .text.HAL_PCD_EP_Abort
                0x08004e3e       0x62 ./Drivers/STM32L4xx_HAL_Driver/Src/stm32l4xx_hal_pcd.o
                0x08004e3e                HAL_PCD_EP_Abort
 .text.PCD_WriteEmptyTxFifo
                0x08004ea0      0x110 ./Drivers/STM32L4xx_HAL_Driver/Src/stm32l4xx_hal_pcd.o
 .text.PCD_EP_OutXfrComplete_int
                0x08004fb0       0x9c ./Drivers/STM32L4xx_HAL_Driver/Src/stm32l4xx_hal_pcd.o
 .text.PCD_EP_OutSetupPacket_int
                0x0800504c       0x68 ./Drivers/STM32L4xx_HAL_Driver/Src/stm32l4xx_hal_pcd.o
 .text.HAL_PCDEx_SetTxFiFo
                0x080050b4       0x8e ./Drivers/STM32L4xx_HAL_Driver/Src/stm32l4xx_hal_pcd_ex.o
                0x080050b4                HAL_PCDEx_SetTxFiFo
 .text.HAL_PCDEx_SetRxFiFo
                0x08005142       0x22 ./Drivers/STM32L4xx_HAL_Driver/Src/stm32l4xx_hal_pcd_ex.o
                0x08005142                HAL_PCDEx_SetRxFiFo
 .text.HAL_PCDEx_ActivateLPM
                0x08005164       0x48 ./Drivers/STM32L4xx_HAL_Driver/Src/stm32l4xx_hal_pcd_ex.o
                0x08005164                HAL_PCDEx_ActivateLPM
 .text.HAL_PWR_EnableBkUpAccess
                0x080051ac       0x20 ./Drivers/STM32L4xx_HAL_Driver/Src/stm32l4xx_hal_pwr.o
                0x080051ac                HAL_PWR_EnableBkUpAccess
 .text.HAL_PWREx_GetVoltageRange
                0x080051cc       0x1c ./Drivers/STM32L4xx_HAL_Driver/Src/stm32l4xx_hal_pwr_ex.o
                0x080051cc                HAL_PWREx_GetVoltageRange
 .text.HAL_PWREx_ControlVoltageScaling
                0x080051e8       0xac ./Drivers/STM32L4xx_HAL_Driver/Src/stm32l4xx_hal_pwr_ex.o
                0x080051e8                HAL_PWREx_ControlVoltageScaling
 .text.HAL_PWREx_EnableVddUSB
                0x08005294       0x20 ./Drivers/STM32L4xx_HAL_Driver/Src/stm32l4xx_hal_pwr_ex.o
                0x08005294                HAL_PWREx_EnableVddUSB
 .text.HAL_PWREx_EnableVddIO2
                0x080052b4       0x20 ./Drivers/STM32L4xx_HAL_Driver/Src/stm32l4xx_hal_pwr_ex.o
                0x080052b4                HAL_PWREx_EnableVddIO2
 .text.HAL_QSPI_Init
                0x080052d4       0xf8 ./Drivers/STM32L4xx_HAL_Driver/Src/stm32l4xx_hal_qspi.o
                0x080052d4                HAL_QSPI_Init
 .text.HAL_QSPI_SetTimeout
                0x080053cc       0x1c ./Drivers/STM32L4xx_HAL_Driver/Src/stm32l4xx_hal_qspi.o
                0x080053cc                HAL_QSPI_SetTimeout
 .text.QSPI_WaitFlagStateUntilTimeout
                0x080053e8       0x6e ./Drivers/STM32L4xx_HAL_Driver/Src/stm32l4xx_hal_qspi.o
 *fill*         0x08005456        0x2 
 .text.HAL_RCC_OscConfig
                0x08005458      0x834 ./Drivers/STM32L4xx_HAL_Driver/Src/stm32l4xx_hal_rcc.o
                0x08005458                HAL_RCC_OscConfig
 .text.HAL_RCC_ClockConfig
                0x08005c8c      0x200 ./Drivers/STM32L4xx_HAL_Driver/Src/stm32l4xx_hal_rcc.o
                0x08005c8c                HAL_RCC_ClockConfig
 .text.HAL_RCC_GetSysClockFreq
                0x08005e8c      0x118 ./Drivers/STM32L4xx_HAL_Driver/Src/stm32l4xx_hal_rcc.o
                0x08005e8c                HAL_RCC_GetSysClockFreq
 .text.HAL_RCC_GetHCLKFreq
                0x08005fa4       0x18 ./Drivers/STM32L4xx_HAL_Driver/Src/stm32l4xx_hal_rcc.o
                0x08005fa4                HAL_RCC_GetHCLKFreq
 .text.HAL_RCC_GetPCLK1Freq
                0x08005fbc       0x2c ./Drivers/STM32L4xx_HAL_Driver/Src/stm32l4xx_hal_rcc.o
                0x08005fbc                HAL_RCC_GetPCLK1Freq
 .text.HAL_RCC_GetPCLK2Freq
                0x08005fe8       0x2c ./Drivers/STM32L4xx_HAL_Driver/Src/stm32l4xx_hal_rcc.o
                0x08005fe8                HAL_RCC_GetPCLK2Freq
 .text.RCC_SetFlashLatencyFromMSIRange
                0x08006014       0xc0 ./Drivers/STM32L4xx_HAL_Driver/Src/stm32l4xx_hal_rcc.o
 .text.HAL_RCCEx_PeriphCLKConfig
                0x080060d4      0x5f8 ./Drivers/STM32L4xx_HAL_Driver/Src/stm32l4xx_hal_rcc_ex.o
                0x080060d4                HAL_RCCEx_PeriphCLKConfig
 .text.HAL_RCCEx_GetPeriphCLKFreq
                0x080066cc      0xb70 ./Drivers/STM32L4xx_HAL_Driver/Src/stm32l4xx_hal_rcc_ex.o
                0x080066cc                HAL_RCCEx_GetPeriphCLKFreq
 .text.HAL_RCCEx_EnableMSIPLLMode
                0x0800723c       0x20 ./Drivers/STM32L4xx_HAL_Driver/Src/stm32l4xx_hal_rcc_ex.o
                0x0800723c                HAL_RCCEx_EnableMSIPLLMode
 .text.RCCEx_PLLSAI1_Config
                0x0800725c      0x1e4 ./Drivers/STM32L4xx_HAL_Driver/Src/stm32l4xx_hal_rcc_ex.o
 .text.RCCEx_PLLSAI2_Config
                0x08007440      0x1b8 ./Drivers/STM32L4xx_HAL_Driver/Src/stm32l4xx_hal_rcc_ex.o
 .text.RCCEx_GetSAIxPeriphCLKFreq
                0x080075f8      0x204 ./Drivers/STM32L4xx_HAL_Driver/Src/stm32l4xx_hal_rcc_ex.o
 .text.HAL_SAI_Init
                0x080077fc      0x2e4 ./Drivers/STM32L4xx_HAL_Driver/Src/stm32l4xx_hal_sai.o
                0x080077fc                HAL_SAI_Init
 .text.SAI_Disable
                0x08007ae0       0x74 ./Drivers/STM32L4xx_HAL_Driver/Src/stm32l4xx_hal_sai.o
 .text.HAL_SD_Init
                0x08007b54       0x76 ./Drivers/STM32L4xx_HAL_Driver/Src/stm32l4xx_hal_sd.o
                0x08007b54                HAL_SD_Init
 *fill*         0x08007bca        0x2 
 .text.HAL_SD_InitCard
                0x08007bcc      0x14c ./Drivers/STM32L4xx_HAL_Driver/Src/stm32l4xx_hal_sd.o
                0x08007bcc                HAL_SD_InitCard
 .text.HAL_SD_GetCardCSD
                0x08007d18      0x348 ./Drivers/STM32L4xx_HAL_Driver/Src/stm32l4xx_hal_sd.o
                0x08007d18                HAL_SD_GetCardCSD
 .text.HAL_SD_ConfigWideBusOperation
                0x08008060      0x178 ./Drivers/STM32L4xx_HAL_Driver/Src/stm32l4xx_hal_sd.o
                0x08008060                HAL_SD_ConfigWideBusOperation
 .text.SD_InitCard
                0x080081d8      0x180 ./Drivers/STM32L4xx_HAL_Driver/Src/stm32l4xx_hal_sd.o
 .text.SD_PowerON
                0x08008358      0x11c ./Drivers/STM32L4xx_HAL_Driver/Src/stm32l4xx_hal_sd.o
 .text.SD_WideBus_Enable
                0x08008474       0x96 ./Drivers/STM32L4xx_HAL_Driver/Src/stm32l4xx_hal_sd.o
 .text.SD_WideBus_Disable
                0x0800850a       0x96 ./Drivers/STM32L4xx_HAL_Driver/Src/stm32l4xx_hal_sd.o
 .text.SD_FindSCR
                0x080085a0      0x194 ./Drivers/STM32L4xx_HAL_Driver/Src/stm32l4xx_hal_sd.o
 .text.HAL_SPI_Init
                0x08008734      0x146 ./Drivers/STM32L4xx_HAL_Driver/Src/stm32l4xx_hal_spi.o
                0x08008734                HAL_SPI_Init
 .text.HAL_SRAM_Init
                0x0800887a       0x90 ./Drivers/STM32L4xx_HAL_Driver/Src/stm32l4xx_hal_sram.o
                0x0800887a                HAL_SRAM_Init
 .text.HAL_UART_Init
                0x0800890a       0x9c ./Drivers/STM32L4xx_HAL_Driver/Src/stm32l4xx_hal_uart.o
                0x0800890a                HAL_UART_Init
 .text.HAL_UART_Transmit
                0x080089a6      0x112 ./Drivers/STM32L4xx_HAL_Driver/Src/stm32l4xx_hal_uart.o
                0x080089a6                HAL_UART_Transmit
 .text.UART_SetConfig
                0x08008ab8      0x570 ./Drivers/STM32L4xx_HAL_Driver/Src/stm32l4xx_hal_uart.o
                0x08008ab8                UART_SetConfig
 .text.UART_AdvFeatureConfig
                0x08009028      0x144 ./Drivers/STM32L4xx_HAL_Driver/Src/stm32l4xx_hal_uart.o
                0x08009028                UART_AdvFeatureConfig
 .text.UART_CheckIdleState
                0x0800916c      0x150 ./Drivers/STM32L4xx_HAL_Driver/Src/stm32l4xx_hal_uart.o
                0x0800916c                UART_CheckIdleState
 .text.UART_WaitOnFlagUntilTimeout
                0x080092bc       0xda ./Drivers/STM32L4xx_HAL_Driver/Src/stm32l4xx_hal_uart.o
                0x080092bc                UART_WaitOnFlagUntilTimeout
 .text.UART_EndRxTransfer
                0x08009396       0xc8 ./Drivers/STM32L4xx_HAL_Driver/Src/stm32l4xx_hal_uart.o
 *fill*         0x0800945e        0x2 
 .text.FMC_NORSRAM_Init
                0x08009460      0x120 ./Drivers/STM32L4xx_HAL_Driver/Src/stm32l4xx_ll_fmc.o
                0x08009460                FMC_NORSRAM_Init
 .text.FMC_NORSRAM_Timing_Init
                0x08009580       0x92 ./Drivers/STM32L4xx_HAL_Driver/Src/stm32l4xx_ll_fmc.o
                0x08009580                FMC_NORSRAM_Timing_Init
 *fill*         0x08009612        0x2 
 .text.FMC_NORSRAM_Extended_Timing_Init
                0x08009614       0x70 ./Drivers/STM32L4xx_HAL_Driver/Src/stm32l4xx_ll_fmc.o
                0x08009614                FMC_NORSRAM_Extended_Timing_Init
 .text.SDMMC_Init
                0x08009684       0x5a ./Drivers/STM32L4xx_HAL_Driver/Src/stm32l4xx_ll_sdmmc.o
                0x08009684                SDMMC_Init
 .text.SDMMC_ReadFIFO
                0x080096de       0x1a ./Drivers/STM32L4xx_HAL_Driver/Src/stm32l4xx_ll_sdmmc.o
                0x080096de                SDMMC_ReadFIFO
 .text.SDMMC_PowerState_ON
                0x080096f8       0x1e ./Drivers/STM32L4xx_HAL_Driver/Src/stm32l4xx_ll_sdmmc.o
                0x080096f8                SDMMC_PowerState_ON
 .text.SDMMC_GetPowerState
                0x08009716       0x1c ./Drivers/STM32L4xx_HAL_Driver/Src/stm32l4xx_ll_sdmmc.o
                0x08009716                SDMMC_GetPowerState
 .text.SDMMC_SendCommand
                0x08009732       0x54 ./Drivers/STM32L4xx_HAL_Driver/Src/stm32l4xx_ll_sdmmc.o
                0x08009732                SDMMC_SendCommand
 .text.SDMMC_GetCommandResponse
                0x08009786       0x1a ./Drivers/STM32L4xx_HAL_Driver/Src/stm32l4xx_ll_sdmmc.o
                0x08009786                SDMMC_GetCommandResponse
 .text.SDMMC_GetResponse
                0x080097a0       0x26 ./Drivers/STM32L4xx_HAL_Driver/Src/stm32l4xx_ll_sdmmc.o
                0x080097a0                SDMMC_GetResponse
 .text.SDMMC_ConfigData
                0x080097c6       0x58 ./Drivers/STM32L4xx_HAL_Driver/Src/stm32l4xx_ll_sdmmc.o
                0x080097c6                SDMMC_ConfigData
 .text.SDMMC_CmdBlockLength
                0x0800981e       0x44 ./Drivers/STM32L4xx_HAL_Driver/Src/stm32l4xx_ll_sdmmc.o
                0x0800981e                SDMMC_CmdBlockLength
 .text.SDMMC_CmdSelDesel
                0x08009862       0x46 ./Drivers/STM32L4xx_HAL_Driver/Src/stm32l4xx_ll_sdmmc.o
                0x08009862                SDMMC_CmdSelDesel
 .text.SDMMC_CmdGoIdleState
                0x080098a8       0x3c ./Drivers/STM32L4xx_HAL_Driver/Src/stm32l4xx_ll_sdmmc.o
                0x080098a8                SDMMC_CmdGoIdleState
 .text.SDMMC_CmdOperCond
                0x080098e4       0x3e ./Drivers/STM32L4xx_HAL_Driver/Src/stm32l4xx_ll_sdmmc.o
                0x080098e4                SDMMC_CmdOperCond
 .text.SDMMC_CmdAppCommand
                0x08009922       0x44 ./Drivers/STM32L4xx_HAL_Driver/Src/stm32l4xx_ll_sdmmc.o
                0x08009922                SDMMC_CmdAppCommand
 .text.SDMMC_CmdAppOperCommand
                0x08009966       0x46 ./Drivers/STM32L4xx_HAL_Driver/Src/stm32l4xx_ll_sdmmc.o
                0x08009966                SDMMC_CmdAppOperCommand
 .text.SDMMC_CmdBusWidth
                0x080099ac       0x44 ./Drivers/STM32L4xx_HAL_Driver/Src/stm32l4xx_ll_sdmmc.o
                0x080099ac                SDMMC_CmdBusWidth
 .text.SDMMC_CmdSendSCR
                0x080099f0       0x42 ./Drivers/STM32L4xx_HAL_Driver/Src/stm32l4xx_ll_sdmmc.o
                0x080099f0                SDMMC_CmdSendSCR
 .text.SDMMC_CmdSendCID
                0x08009a32       0x3c ./Drivers/STM32L4xx_HAL_Driver/Src/stm32l4xx_ll_sdmmc.o
                0x08009a32                SDMMC_CmdSendCID
 .text.SDMMC_CmdSendCSD
                0x08009a6e       0x3e ./Drivers/STM32L4xx_HAL_Driver/Src/stm32l4xx_ll_sdmmc.o
                0x08009a6e                SDMMC_CmdSendCSD
 .text.SDMMC_CmdSetRelAdd
                0x08009aac       0x42 ./Drivers/STM32L4xx_HAL_Driver/Src/stm32l4xx_ll_sdmmc.o
                0x08009aac                SDMMC_CmdSetRelAdd
 *fill*         0x08009aee        0x2 
 .text.SDMMC_GetCmdResp1
                0x08009af0      0x1dc ./Drivers/STM32L4xx_HAL_Driver/Src/stm32l4xx_ll_sdmmc.o
                0x08009af0                SDMMC_GetCmdResp1
 .text.SDMMC_GetCmdResp2
                0x08009ccc       0x90 ./Drivers/STM32L4xx_HAL_Driver/Src/stm32l4xx_ll_sdmmc.o
                0x08009ccc                SDMMC_GetCmdResp2
 .text.SDMMC_GetCmdResp3
                0x08009d5c       0x7c ./Drivers/STM32L4xx_HAL_Driver/Src/stm32l4xx_ll_sdmmc.o
                0x08009d5c                SDMMC_GetCmdResp3
 .text.SDMMC_GetCmdResp6
                0x08009dd8       0xec ./Drivers/STM32L4xx_HAL_Driver/Src/stm32l4xx_ll_sdmmc.o
                0x08009dd8                SDMMC_GetCmdResp6
 .text.SDMMC_GetCmdResp7
                0x08009ec4       0x9c ./Drivers/STM32L4xx_HAL_Driver/Src/stm32l4xx_ll_sdmmc.o
                0x08009ec4                SDMMC_GetCmdResp7
 .text.SDMMC_GetCmdError
                0x08009f60       0x58 ./Drivers/STM32L4xx_HAL_Driver/Src/stm32l4xx_ll_sdmmc.o
 .text.USB_CoreInit
                0x08009fb8       0x5a ./Drivers/STM32L4xx_HAL_Driver/Src/stm32l4xx_ll_usb.o
                0x08009fb8                USB_CoreInit
 *fill*         0x0800a012        0x2 
 .text.USB_SetTurnaroundTime
                0x0800a014      0x138 ./Drivers/STM32L4xx_HAL_Driver/Src/stm32l4xx_ll_usb.o
                0x0800a014                USB_SetTurnaroundTime
 .text.USB_EnableGlobalInt
                0x0800a14c       0x22 ./Drivers/STM32L4xx_HAL_Driver/Src/stm32l4xx_ll_usb.o
                0x0800a14c                USB_EnableGlobalInt
 .text.USB_DisableGlobalInt
                0x0800a16e       0x22 ./Drivers/STM32L4xx_HAL_Driver/Src/stm32l4xx_ll_usb.o
                0x0800a16e                USB_DisableGlobalInt
 .text.USB_SetCurrentMode
                0x0800a190       0x98 ./Drivers/STM32L4xx_HAL_Driver/Src/stm32l4xx_ll_usb.o
                0x0800a190                USB_SetCurrentMode
 .text.USB_DevInit
                0x0800a228      0x290 ./Drivers/STM32L4xx_HAL_Driver/Src/stm32l4xx_ll_usb.o
                0x0800a228                USB_DevInit
 .text.USB_FlushTxFifo
                0x0800a4b8       0x64 ./Drivers/STM32L4xx_HAL_Driver/Src/stm32l4xx_ll_usb.o
                0x0800a4b8                USB_FlushTxFifo
 .text.USB_FlushRxFifo
                0x0800a51c       0x5c ./Drivers/STM32L4xx_HAL_Driver/Src/stm32l4xx_ll_usb.o
                0x0800a51c                USB_FlushRxFifo
 .text.USB_SetDevSpeed
                0x0800a578       0x32 ./Drivers/STM32L4xx_HAL_Driver/Src/stm32l4xx_ll_usb.o
                0x0800a578                USB_SetDevSpeed
 .text.USB_GetDevSpeed
                0x0800a5aa       0x3e ./Drivers/STM32L4xx_HAL_Driver/Src/stm32l4xx_ll_usb.o
                0x0800a5aa                USB_GetDevSpeed
 .text.USB_ActivateEndpoint
                0x0800a5e8      0x10e ./Drivers/STM32L4xx_HAL_Driver/Src/stm32l4xx_ll_usb.o
                0x0800a5e8                USB_ActivateEndpoint
 *fill*         0x0800a6f6        0x2 
 .text.USB_DeactivateEndpoint
                0x0800a6f8      0x1b8 ./Drivers/STM32L4xx_HAL_Driver/Src/stm32l4xx_ll_usb.o
                0x0800a6f8                USB_DeactivateEndpoint
 .text.USB_EPStartXfer
                0x0800a8b0      0x470 ./Drivers/STM32L4xx_HAL_Driver/Src/stm32l4xx_ll_usb.o
                0x0800a8b0                USB_EPStartXfer
 .text.USB_EPStopXfer
                0x0800ad20      0x154 ./Drivers/STM32L4xx_HAL_Driver/Src/stm32l4xx_ll_usb.o
                0x0800ad20                USB_EPStopXfer
 .text.USB_WritePacket
                0x0800ae74       0x74 ./Drivers/STM32L4xx_HAL_Driver/Src/stm32l4xx_ll_usb.o
                0x0800ae74                USB_WritePacket
 .text.USB_ReadPacket
                0x0800aee8       0xb0 ./Drivers/STM32L4xx_HAL_Driver/Src/stm32l4xx_ll_usb.o
                0x0800aee8                USB_ReadPacket
 .text.USB_EPSetStall
                0x0800af98       0xdc ./Drivers/STM32L4xx_HAL_Driver/Src/stm32l4xx_ll_usb.o
                0x0800af98                USB_EPSetStall
 .text.USB_EPClearStall
                0x0800b074       0xcc ./Drivers/STM32L4xx_HAL_Driver/Src/stm32l4xx_ll_usb.o
                0x0800b074                USB_EPClearStall
 .text.USB_SetDevAddress
                0x0800b140       0x4c ./Drivers/STM32L4xx_HAL_Driver/Src/stm32l4xx_ll_usb.o
                0x0800b140                USB_SetDevAddress
 .text.USB_DevConnect
                0x0800b18c       0x42 ./Drivers/STM32L4xx_HAL_Driver/Src/stm32l4xx_ll_usb.o
                0x0800b18c                USB_DevConnect
 .text.USB_DevDisconnect
                0x0800b1ce       0x42 ./Drivers/STM32L4xx_HAL_Driver/Src/stm32l4xx_ll_usb.o
                0x0800b1ce                USB_DevDisconnect
 .text.USB_ReadInterrupts
                0x0800b210       0x26 ./Drivers/STM32L4xx_HAL_Driver/Src/stm32l4xx_ll_usb.o
                0x0800b210                USB_ReadInterrupts
 .text.USB_ReadDevAllOutEpInterrupt
                0x0800b236       0x34 ./Drivers/STM32L4xx_HAL_Driver/Src/stm32l4xx_ll_usb.o
                0x0800b236                USB_ReadDevAllOutEpInterrupt
 .text.USB_ReadDevAllInEpInterrupt
                0x0800b26a       0x34 ./Drivers/STM32L4xx_HAL_Driver/Src/stm32l4xx_ll_usb.o
                0x0800b26a                USB_ReadDevAllInEpInterrupt
 .text.USB_ReadDevOutEPInterrupt
                0x0800b29e       0x3c ./Drivers/STM32L4xx_HAL_Driver/Src/stm32l4xx_ll_usb.o
                0x0800b29e                USB_ReadDevOutEPInterrupt
 .text.USB_ReadDevInEPInterrupt
                0x0800b2da       0x5c ./Drivers/STM32L4xx_HAL_Driver/Src/stm32l4xx_ll_usb.o
                0x0800b2da                USB_ReadDevInEPInterrupt
 .text.USB_GetMode
                0x0800b336       0x1c ./Drivers/STM32L4xx_HAL_Driver/Src/stm32l4xx_ll_usb.o
                0x0800b336                USB_GetMode
 .text.USB_ActivateSetup
                0x0800b352       0x46 ./Drivers/STM32L4xx_HAL_Driver/Src/stm32l4xx_ll_usb.o
                0x0800b352                USB_ActivateSetup
 .text.USB_EP0_OutStart
                0x0800b398       0x90 ./Drivers/STM32L4xx_HAL_Driver/Src/stm32l4xx_ll_usb.o
                0x0800b398                USB_EP0_OutStart
 .text.USB_CoreReset
                0x0800b428       0x62 ./Drivers/STM32L4xx_HAL_Driver/Src/stm32l4xx_ll_usb.o
 *fill*         0x0800b48a        0x2 
 .text.USBD_CDC_Init
                0x0800b48c      0x1f0 ./Middlewares/ST/STM32_USB_Device_Library/Class/CDC/Src/usbd_cdc.o
 .text.USBD_CDC_DeInit
                0x0800b67c      0x104 ./Middlewares/ST/STM32_USB_Device_Library/Class/CDC/Src/usbd_cdc.o
 .text.USBD_CDC_Setup
                0x0800b780      0x1b8 ./Middlewares/ST/STM32_USB_Device_Library/Class/CDC/Src/usbd_cdc.o
 .text.USBD_CDC_DataIn
                0x0800b938       0xfe ./Middlewares/ST/STM32_USB_Device_Library/Class/CDC/Src/usbd_cdc.o
 .text.USBD_CDC_DataOut
                0x0800ba36       0x70 ./Middlewares/ST/STM32_USB_Device_Library/Class/CDC/Src/usbd_cdc.o
 .text.USBD_CDC_EP0_RxReady
                0x0800baa6       0x74 ./Middlewares/ST/STM32_USB_Device_Library/Class/CDC/Src/usbd_cdc.o
 *fill*         0x0800bb1a        0x2 
 .text.USBD_CDC_GetFSCfgDesc
                0x0800bb1c       0x70 ./Middlewares/ST/STM32_USB_Device_Library/Class/CDC/Src/usbd_cdc.o
 .text.USBD_CDC_GetHSCfgDesc
                0x0800bb8c       0x70 ./Middlewares/ST/STM32_USB_Device_Library/Class/CDC/Src/usbd_cdc.o
 .text.USBD_CDC_GetOtherSpeedCfgDesc
                0x0800bbfc       0x70 ./Middlewares/ST/STM32_USB_Device_Library/Class/CDC/Src/usbd_cdc.o
 .text.USBD_CDC_GetDeviceQualifierDescriptor
                0x0800bc6c       0x20 ./Middlewares/ST/STM32_USB_Device_Library/Class/CDC/Src/usbd_cdc.o
                0x0800bc6c                USBD_CDC_GetDeviceQualifierDescriptor
 .text.USBD_CDC_RegisterInterface
                0x0800bc8c       0x34 ./Middlewares/ST/STM32_USB_Device_Library/Class/CDC/Src/usbd_cdc.o
                0x0800bc8c                USBD_CDC_RegisterInterface
 .text.USBD_CDC_SetTxBuffer
                0x0800bcc0       0x44 ./Middlewares/ST/STM32_USB_Device_Library/Class/CDC/Src/usbd_cdc.o
                0x0800bcc0                USBD_CDC_SetTxBuffer
 .text.USBD_CDC_SetRxBuffer
                0x0800bd04       0x3a ./Middlewares/ST/STM32_USB_Device_Library/Class/CDC/Src/usbd_cdc.o
                0x0800bd04                USBD_CDC_SetRxBuffer
 *fill*         0x0800bd3e        0x2 
 .text.USBD_CDC_ReceivePacket
                0x0800bd40       0x6c ./Middlewares/ST/STM32_USB_Device_Library/Class/CDC/Src/usbd_cdc.o
                0x0800bd40                USBD_CDC_ReceivePacket
 .text.USBD_Init
                0x0800bdac       0x60 ./Middlewares/ST/STM32_USB_Device_Library/Core/Src/usbd_core.o
                0x0800bdac                USBD_Init
 .text.USBD_RegisterClass
                0x0800be0c       0x6c ./Middlewares/ST/STM32_USB_Device_Library/Core/Src/usbd_core.o
                0x0800be0c                USBD_RegisterClass
 .text.USBD_Start
                0x0800be78       0x18 ./Middlewares/ST/STM32_USB_Device_Library/Core/Src/usbd_core.o
                0x0800be78                USBD_Start
 .text.USBD_RunTestMode
                0x0800be90       0x16 ./Middlewares/ST/STM32_USB_Device_Library/Core/Src/usbd_core.o
                0x0800be90                USBD_RunTestMode
 .text.USBD_SetClassConfig
                0x0800bea6       0x38 ./Middlewares/ST/STM32_USB_Device_Library/Core/Src/usbd_core.o
                0x0800bea6                USBD_SetClassConfig
 .text.USBD_ClrClassConfig
                0x0800bede       0x34 ./Middlewares/ST/STM32_USB_Device_Library/Core/Src/usbd_core.o
                0x0800bede                USBD_ClrClassConfig
 .text.USBD_LL_SetupStage
                0x0800bf12       0xaa ./Middlewares/ST/STM32_USB_Device_Library/Core/Src/usbd_core.o
                0x0800bf12                USBD_LL_SetupStage
 .text.USBD_LL_DataOutStage
                0x0800bfbc      0x166 ./Middlewares/ST/STM32_USB_Device_Library/Core/Src/usbd_core.o
                0x0800bfbc                USBD_LL_DataOutStage
 .text.USBD_LL_DataInStage
                0x0800c122      0x164 ./Middlewares/ST/STM32_USB_Device_Library/Core/Src/usbd_core.o
                0x0800c122                USBD_LL_DataInStage
 .text.USBD_LL_Reset
                0x0800c286       0xa4 ./Middlewares/ST/STM32_USB_Device_Library/Core/Src/usbd_core.o
                0x0800c286                USBD_LL_Reset
 .text.USBD_LL_SetSpeed
                0x0800c32a       0x20 ./Middlewares/ST/STM32_USB_Device_Library/Core/Src/usbd_core.o
                0x0800c32a                USBD_LL_SetSpeed
 .text.USBD_LL_Suspend
                0x0800c34a       0x38 ./Middlewares/ST/STM32_USB_Device_Library/Core/Src/usbd_core.o
                0x0800c34a                USBD_LL_Suspend
 .text.USBD_LL_Resume
                0x0800c382       0x30 ./Middlewares/ST/STM32_USB_Device_Library/Core/Src/usbd_core.o
                0x0800c382                USBD_LL_Resume
 .text.USBD_LL_SOF
                0x0800c3b2       0x40 ./Middlewares/ST/STM32_USB_Device_Library/Core/Src/usbd_core.o
                0x0800c3b2                USBD_LL_SOF
 .text.USBD_LL_IsoINIncomplete
                0x0800c3f2       0x64 ./Middlewares/ST/STM32_USB_Device_Library/Core/Src/usbd_core.o
                0x0800c3f2                USBD_LL_IsoINIncomplete
 .text.USBD_LL_IsoOUTIncomplete
                0x0800c456       0x64 ./Middlewares/ST/STM32_USB_Device_Library/Core/Src/usbd_core.o
                0x0800c456                USBD_LL_IsoOUTIncomplete
 .text.USBD_LL_DevConnected
                0x0800c4ba       0x16 ./Middlewares/ST/STM32_USB_Device_Library/Core/Src/usbd_core.o
                0x0800c4ba                USBD_LL_DevConnected
 .text.USBD_LL_DevDisconnected
                0x0800c4d0       0x46 ./Middlewares/ST/STM32_USB_Device_Library/Core/Src/usbd_core.o
                0x0800c4d0                USBD_LL_DevDisconnected
 .text.USBD_CoreFindIF
                0x0800c516       0x1a ./Middlewares/ST/STM32_USB_Device_Library/Core/Src/usbd_core.o
                0x0800c516                USBD_CoreFindIF
 .text.USBD_CoreFindEP
                0x0800c530       0x1a ./Middlewares/ST/STM32_USB_Device_Library/Core/Src/usbd_core.o
                0x0800c530                USBD_CoreFindEP
 .text.USBD_GetEpDesc
                0x0800c54a       0x70 ./Middlewares/ST/STM32_USB_Device_Library/Core/Src/usbd_core.o
                0x0800c54a                USBD_GetEpDesc
 .text.USBD_GetNextDesc
                0x0800c5ba       0x38 ./Middlewares/ST/STM32_USB_Device_Library/Core/Src/usbd_core.o
                0x0800c5ba                USBD_GetNextDesc
 .text.SWAPBYTE
                0x0800c5f2       0x3e ./Middlewares/ST/STM32_USB_Device_Library/Core/Src/usbd_ctlreq.o
 .text.USBD_StdDevReq
                0x0800c630       0xe4 ./Middlewares/ST/STM32_USB_Device_Library/Core/Src/usbd_ctlreq.o
                0x0800c630                USBD_StdDevReq
 .text.USBD_StdItfReq
                0x0800c714       0xd8 ./Middlewares/ST/STM32_USB_Device_Library/Core/Src/usbd_ctlreq.o
                0x0800c714                USBD_StdItfReq
 .text.USBD_StdEPReq
                0x0800c7ec      0x33a ./Middlewares/ST/STM32_USB_Device_Library/Core/Src/usbd_ctlreq.o
                0x0800c7ec                USBD_StdEPReq
 *fill*         0x0800cb26        0x2 
 .text.USBD_GetDescriptor
                0x0800cb28      0x328 ./Middlewares/ST/STM32_USB_Device_Library/Core/Src/usbd_ctlreq.o
 .text.USBD_SetAddress
                0x0800ce50       0x88 ./Middlewares/ST/STM32_USB_Device_Library/Core/Src/usbd_ctlreq.o
 .text.USBD_SetConfig
                0x0800ced8      0x154 ./Middlewares/ST/STM32_USB_Device_Library/Core/Src/usbd_ctlreq.o
 .text.USBD_GetConfig
                0x0800d02c       0x6c ./Middlewares/ST/STM32_USB_Device_Library/Core/Src/usbd_ctlreq.o
 .text.USBD_GetStatus
                0x0800d098       0x68 ./Middlewares/ST/STM32_USB_Device_Library/Core/Src/usbd_ctlreq.o
 .text.USBD_SetFeature
                0x0800d100       0x52 ./Middlewares/ST/STM32_USB_Device_Library/Core/Src/usbd_ctlreq.o
 .text.USBD_ClrFeature
                0x0800d152       0x44 ./Middlewares/ST/STM32_USB_Device_Library/Core/Src/usbd_ctlreq.o
 .text.USBD_ParseSetupRequest
                0x0800d196       0x74 ./Middlewares/ST/STM32_USB_Device_Library/Core/Src/usbd_ctlreq.o
                0x0800d196                USBD_ParseSetupRequest
 .text.USBD_CtlError
                0x0800d20a       0x22 ./Middlewares/ST/STM32_USB_Device_Library/Core/Src/usbd_ctlreq.o
                0x0800d20a                USBD_CtlError
 .text.USBD_GetString
                0x0800d22c       0xa4 ./Middlewares/ST/STM32_USB_Device_Library/Core/Src/usbd_ctlreq.o
                0x0800d22c                USBD_GetString
 .text.USBD_GetLen
                0x0800d2d0       0x34 ./Middlewares/ST/STM32_USB_Device_Library/Core/Src/usbd_ctlreq.o
 .text.USBD_CtlSendData
                0x0800d304       0x36 ./Middlewares/ST/STM32_USB_Device_Library/Core/Src/usbd_ioreq.o
                0x0800d304                USBD_CtlSendData
 .text.USBD_CtlContinueSendData
                0x0800d33a       0x22 ./Middlewares/ST/STM32_USB_Device_Library/Core/Src/usbd_ioreq.o
                0x0800d33a                USBD_CtlContinueSendData
 .text.USBD_CtlPrepareRx
                0x0800d35c       0x3a ./Middlewares/ST/STM32_USB_Device_Library/Core/Src/usbd_ioreq.o
                0x0800d35c                USBD_CtlPrepareRx
 .text.USBD_CtlContinueRx
                0x0800d396       0x22 ./Middlewares/ST/STM32_USB_Device_Library/Core/Src/usbd_ioreq.o
                0x0800d396                USBD_CtlContinueRx
 .text.USBD_CtlSendStatus
                0x0800d3b8       0x26 ./Middlewares/ST/STM32_USB_Device_Library/Core/Src/usbd_ioreq.o
                0x0800d3b8                USBD_CtlSendStatus
 .text.USBD_CtlReceiveStatus
                0x0800d3de       0x26 ./Middlewares/ST/STM32_USB_Device_Library/Core/Src/usbd_ioreq.o
                0x0800d3de                USBD_CtlReceiveStatus
 .text.MX_USB_DEVICE_Init
                0x0800d404       0x60 ./USB_DEVICE/App/usb_device.o
                0x0800d404                MX_USB_DEVICE_Init
 .text.CDC_Init_FS
                0x0800d464       0x28 ./USB_DEVICE/App/usbd_cdc_if.o
 .text.CDC_DeInit_FS
                0x0800d48c       0x10 ./USB_DEVICE/App/usbd_cdc_if.o
 .text.CDC_Control_FS
                0x0800d49c       0xbc ./USB_DEVICE/App/usbd_cdc_if.o
 .text.CDC_Receive_FS
                0x0800d558       0x28 ./USB_DEVICE/App/usbd_cdc_if.o
 .text.CDC_TransmitCplt_FS
                0x0800d580       0x22 ./USB_DEVICE/App/usbd_cdc_if.o
 *fill*         0x0800d5a2        0x2 
 .text.USBD_FS_DeviceDescriptor
                0x0800d5a4       0x24 ./USB_DEVICE/App/usbd_desc.o
                0x0800d5a4                USBD_FS_DeviceDescriptor
 .text.USBD_FS_LangIDStrDescriptor
                0x0800d5c8       0x24 ./USB_DEVICE/App/usbd_desc.o
                0x0800d5c8                USBD_FS_LangIDStrDescriptor
 .text.USBD_FS_ProductStrDescriptor
                0x0800d5ec       0x3c ./USB_DEVICE/App/usbd_desc.o
                0x0800d5ec                USBD_FS_ProductStrDescriptor
 .text.USBD_FS_ManufacturerStrDescriptor
                0x0800d628       0x28 ./USB_DEVICE/App/usbd_desc.o
                0x0800d628                USBD_FS_ManufacturerStrDescriptor
 .text.USBD_FS_SerialStrDescriptor
                0x0800d650       0x24 ./USB_DEVICE/App/usbd_desc.o
                0x0800d650                USBD_FS_SerialStrDescriptor
 .text.USBD_FS_ConfigStrDescriptor
                0x0800d674       0x3c ./USB_DEVICE/App/usbd_desc.o
                0x0800d674                USBD_FS_ConfigStrDescriptor
 .text.USBD_FS_InterfaceStrDescriptor
                0x0800d6b0       0x3c ./USB_DEVICE/App/usbd_desc.o
                0x0800d6b0                USBD_FS_InterfaceStrDescriptor
 .text.USBD_FS_USR_BOSDescriptor
                0x0800d6ec       0x24 ./USB_DEVICE/App/usbd_desc.o
                0x0800d6ec                USBD_FS_USR_BOSDescriptor
 .text.Get_SerialNum
                0x0800d710       0x58 ./USB_DEVICE/App/usbd_desc.o
 .text.IntToUnicode
                0x0800d768       0x7e ./USB_DEVICE/App/usbd_desc.o
 *fill*         0x0800d7e6        0x2 
 .text.HAL_PCD_MspInit
                0x0800d7e8       0xcc ./USB_DEVICE/Target/usbd_conf.o
                0x0800d7e8                HAL_PCD_MspInit
 .text.HAL_PCD_SetupStageCallback
                0x0800d8b4       0x24 ./USB_DEVICE/Target/usbd_conf.o
                0x0800d8b4                HAL_PCD_SetupStageCallback
 .text.HAL_PCD_DataOutStageCallback
                0x0800d8d8       0x36 ./USB_DEVICE/Target/usbd_conf.o
                0x0800d8d8                HAL_PCD_DataOutStageCallback
 .text.HAL_PCD_DataInStageCallback
                0x0800d90e       0x34 ./USB_DEVICE/Target/usbd_conf.o
                0x0800d90e                HAL_PCD_DataInStageCallback
 .text.HAL_PCD_SOFCallback
                0x0800d942       0x1c ./USB_DEVICE/Target/usbd_conf.o
                0x0800d942                HAL_PCD_SOFCallback
 .text.HAL_PCD_ResetCallback
                0x0800d95e       0x3c ./USB_DEVICE/Target/usbd_conf.o
                0x0800d95e                HAL_PCD_ResetCallback
 *fill*         0x0800d99a        0x2 
 .text.HAL_PCD_SuspendCallback
                0x0800d99c       0x4c ./USB_DEVICE/Target/usbd_conf.o
                0x0800d99c                HAL_PCD_SuspendCallback
 .text.HAL_PCD_ResumeCallback
                0x0800d9e8       0x50 ./USB_DEVICE/Target/usbd_conf.o
                0x0800d9e8                HAL_PCD_ResumeCallback
 .text.HAL_PCD_ISOOUTIncompleteCallback
                0x0800da38       0x24 ./USB_DEVICE/Target/usbd_conf.o
                0x0800da38                HAL_PCD_ISOOUTIncompleteCallback
 .text.HAL_PCD_ISOINIncompleteCallback
                0x0800da5c       0x24 ./USB_DEVICE/Target/usbd_conf.o
                0x0800da5c                HAL_PCD_ISOINIncompleteCallback
 .text.HAL_PCD_ConnectCallback
                0x0800da80       0x1c ./USB_DEVICE/Target/usbd_conf.o
                0x0800da80                HAL_PCD_ConnectCallback
 .text.HAL_PCD_DisconnectCallback
                0x0800da9c       0x1c ./USB_DEVICE/Target/usbd_conf.o
                0x0800da9c                HAL_PCD_DisconnectCallback
 .text.USBD_LL_Init
                0x0800dab8       0x98 ./USB_DEVICE/Target/usbd_conf.o
                0x0800dab8                USBD_LL_Init
 .text.USBD_LL_Start
                0x0800db50       0x64 ./USB_DEVICE/Target/usbd_conf.o
                0x0800db50                USBD_LL_Start
 .text.USBD_LL_OpenEP
                0x0800dbb4       0x7c ./USB_DEVICE/Target/usbd_conf.o
                0x0800dbb4                USBD_LL_OpenEP
 .text.USBD_LL_CloseEP
                0x0800dc30       0x6c ./USB_DEVICE/Target/usbd_conf.o
                0x0800dc30                USBD_LL_CloseEP
 .text.USBD_LL_StallEP
                0x0800dc9c       0x6c ./USB_DEVICE/Target/usbd_conf.o
                0x0800dc9c                USBD_LL_StallEP
 .text.USBD_LL_ClearStallEP
                0x0800dd08       0x6c ./USB_DEVICE/Target/usbd_conf.o
                0x0800dd08                USBD_LL_ClearStallEP
 .text.USBD_LL_IsStallEP
                0x0800dd74       0x58 ./USB_DEVICE/Target/usbd_conf.o
                0x0800dd74                USBD_LL_IsStallEP
 .text.USBD_LL_SetUSBAddress
                0x0800ddcc       0x6c ./USB_DEVICE/Target/usbd_conf.o
                0x0800ddcc                USBD_LL_SetUSBAddress
 .text.USBD_LL_Transmit
                0x0800de38       0x70 ./USB_DEVICE/Target/usbd_conf.o
                0x0800de38                USBD_LL_Transmit
 .text.USBD_LL_PrepareReceive
                0x0800dea8       0x70 ./USB_DEVICE/Target/usbd_conf.o
                0x0800dea8                USBD_LL_PrepareReceive
 .text.USBD_LL_GetRxDataSize
                0x0800df18       0x26 ./USB_DEVICE/Target/usbd_conf.o
                0x0800df18                USBD_LL_GetRxDataSize
 *fill*         0x0800df3e        0x2 
 .text.HAL_PCDEx_LPM_Callback
                0x0800df40       0x9c ./USB_DEVICE/Target/usbd_conf.o
                0x0800df40                HAL_PCDEx_LPM_Callback
 .text.USBD_static_malloc
                0x0800dfdc       0x1c ./USB_DEVICE/Target/usbd_conf.o
                0x0800dfdc                USBD_static_malloc
 .text.USBD_static_free
                0x0800dff8       0x14 ./USB_DEVICE/Target/usbd_conf.o
                0x0800dff8                USBD_static_free
 .text.SystemClockConfig_Resume
                0x0800e00c        0xc ./USB_DEVICE/Target/usbd_conf.o
 .text.std      0x0800e018       0x6c C:/ST/STM32CubeIDE_1.18.0/STM32CubeIDE/plugins/com.st.stm32cube.ide.mcu.externaltools.gnu-tools-for-stm32.13.3.rel1.win32_1.0.0.202411081344/tools/bin/../lib/gcc/arm-none-eabi/13.3.1/../../../../arm-none-eabi/lib/thumb/v7e-m+fp/hard\libc_nano.a(libc_a-findfp.o)
 .text.stdio_exit_handler
                0x0800e084       0x18 C:/ST/STM32CubeIDE_1.18.0/STM32CubeIDE/plugins/com.st.stm32cube.ide.mcu.externaltools.gnu-tools-for-stm32.13.3.rel1.win32_1.0.0.202411081344/tools/bin/../lib/gcc/arm-none-eabi/13.3.1/../../../../arm-none-eabi/lib/thumb/v7e-m+fp/hard\libc_nano.a(libc_a-findfp.o)
 .text.cleanup_stdio
                0x0800e09c       0x40 C:/ST/STM32CubeIDE_1.18.0/STM32CubeIDE/plugins/com.st.stm32cube.ide.mcu.externaltools.gnu-tools-for-stm32.13.3.rel1.win32_1.0.0.202411081344/tools/bin/../lib/gcc/arm-none-eabi/13.3.1/../../../../arm-none-eabi/lib/thumb/v7e-m+fp/hard\libc_nano.a(libc_a-findfp.o)
 .text.global_stdio_init.part.0
                0x0800e0dc       0x3c C:/ST/STM32CubeIDE_1.18.0/STM32CubeIDE/plugins/com.st.stm32cube.ide.mcu.externaltools.gnu-tools-for-stm32.13.3.rel1.win32_1.0.0.202411081344/tools/bin/../lib/gcc/arm-none-eabi/13.3.1/../../../../arm-none-eabi/lib/thumb/v7e-m+fp/hard\libc_nano.a(libc_a-findfp.o)
 .text.__sfp_lock_acquire
                0x0800e118        0xc C:/ST/STM32CubeIDE_1.18.0/STM32CubeIDE/plugins/com.st.stm32cube.ide.mcu.externaltools.gnu-tools-for-stm32.13.3.rel1.win32_1.0.0.202411081344/tools/bin/../lib/gcc/arm-none-eabi/13.3.1/../../../../arm-none-eabi/lib/thumb/v7e-m+fp/hard\libc_nano.a(libc_a-findfp.o)
                0x0800e118                __sfp_lock_acquire
 .text.__sfp_lock_release
                0x0800e124        0xc C:/ST/STM32CubeIDE_1.18.0/STM32CubeIDE/plugins/com.st.stm32cube.ide.mcu.externaltools.gnu-tools-for-stm32.13.3.rel1.win32_1.0.0.202411081344/tools/bin/../lib/gcc/arm-none-eabi/13.3.1/../../../../arm-none-eabi/lib/thumb/v7e-m+fp/hard\libc_nano.a(libc_a-findfp.o)
                0x0800e124                __sfp_lock_release
 .text.__sinit  0x0800e130       0x30 C:/ST/STM32CubeIDE_1.18.0/STM32CubeIDE/plugins/com.st.stm32cube.ide.mcu.externaltools.gnu-tools-for-stm32.13.3.rel1.win32_1.0.0.202411081344/tools/bin/../lib/gcc/arm-none-eabi/13.3.1/../../../../arm-none-eabi/lib/thumb/v7e-m+fp/hard\libc_nano.a(libc_a-findfp.o)
                0x0800e130                __sinit
 .text._fwalk_sglue
                0x0800e160       0x3c C:/ST/STM32CubeIDE_1.18.0/STM32CubeIDE/plugins/com.st.stm32cube.ide.mcu.externaltools.gnu-tools-for-stm32.13.3.rel1.win32_1.0.0.202411081344/tools/bin/../lib/gcc/arm-none-eabi/13.3.1/../../../../arm-none-eabi/lib/thumb/v7e-m+fp/hard\libc_nano.a(libc_a-fwalk.o)
                0x0800e160                _fwalk_sglue
 .text.printf   0x0800e19c       0x24 C:/ST/STM32CubeIDE_1.18.0/STM32CubeIDE/plugins/com.st.stm32cube.ide.mcu.externaltools.gnu-tools-for-stm32.13.3.rel1.win32_1.0.0.202411081344/tools/bin/../lib/gcc/arm-none-eabi/13.3.1/../../../../arm-none-eabi/lib/thumb/v7e-m+fp/hard\libc_nano.a(libc_a-printf.o)
                0x0800e19c                iprintf
                0x0800e19c                printf
 .text._puts_r  0x0800e1c0       0xaa C:/ST/STM32CubeIDE_1.18.0/STM32CubeIDE/plugins/com.st.stm32cube.ide.mcu.externaltools.gnu-tools-for-stm32.13.3.rel1.win32_1.0.0.202411081344/tools/bin/../lib/gcc/arm-none-eabi/13.3.1/../../../../arm-none-eabi/lib/thumb/v7e-m+fp/hard\libc_nano.a(libc_a-puts.o)
                0x0800e1c0                _puts_r
 *fill*         0x0800e26a        0x2 
 .text.puts     0x0800e26c       0x10 C:/ST/STM32CubeIDE_1.18.0/STM32CubeIDE/plugins/com.st.stm32cube.ide.mcu.externaltools.gnu-tools-for-stm32.13.3.rel1.win32_1.0.0.202411081344/tools/bin/../lib/gcc/arm-none-eabi/13.3.1/../../../../arm-none-eabi/lib/thumb/v7e-m+fp/hard\libc_nano.a(libc_a-puts.o)
                0x0800e26c                puts
 .text.__sread  0x0800e27c       0x22 C:/ST/STM32CubeIDE_1.18.0/STM32CubeIDE/plugins/com.st.stm32cube.ide.mcu.externaltools.gnu-tools-for-stm32.13.3.rel1.win32_1.0.0.202411081344/tools/bin/../lib/gcc/arm-none-eabi/13.3.1/../../../../arm-none-eabi/lib/thumb/v7e-m+fp/hard\libc_nano.a(libc_a-stdio.o)
                0x0800e27c                __sread
 .text.__swrite
                0x0800e29e       0x38 C:/ST/STM32CubeIDE_1.18.0/STM32CubeIDE/plugins/com.st.stm32cube.ide.mcu.externaltools.gnu-tools-for-stm32.13.3.rel1.win32_1.0.0.202411081344/tools/bin/../lib/gcc/arm-none-eabi/13.3.1/../../../../arm-none-eabi/lib/thumb/v7e-m+fp/hard\libc_nano.a(libc_a-stdio.o)
                0x0800e29e                __swrite
 .text.__sseek  0x0800e2d6       0x24 C:/ST/STM32CubeIDE_1.18.0/STM32CubeIDE/plugins/com.st.stm32cube.ide.mcu.externaltools.gnu-tools-for-stm32.13.3.rel1.win32_1.0.0.202411081344/tools/bin/../lib/gcc/arm-none-eabi/13.3.1/../../../../arm-none-eabi/lib/thumb/v7e-m+fp/hard\libc_nano.a(libc_a-stdio.o)
                0x0800e2d6                __sseek
 .text.__sclose
                0x0800e2fa        0x8 C:/ST/STM32CubeIDE_1.18.0/STM32CubeIDE/plugins/com.st.stm32cube.ide.mcu.externaltools.gnu-tools-for-stm32.13.3.rel1.win32_1.0.0.202411081344/tools/bin/../lib/gcc/arm-none-eabi/13.3.1/../../../../arm-none-eabi/lib/thumb/v7e-m+fp/hard\libc_nano.a(libc_a-stdio.o)
                0x0800e2fa                __sclose
 .text.__swbuf_r
                0x0800e302       0x7c C:/ST/STM32CubeIDE_1.18.0/STM32CubeIDE/plugins/com.st.stm32cube.ide.mcu.externaltools.gnu-tools-for-stm32.13.3.rel1.win32_1.0.0.202411081344/tools/bin/../lib/gcc/arm-none-eabi/13.3.1/../../../../arm-none-eabi/lib/thumb/v7e-m+fp/hard\libc_nano.a(libc_a-wbuf.o)
                0x0800e302                __swbuf_r
 *fill*         0x0800e37e        0x2 
 .text.__swsetup_r
                0x0800e380       0xac C:/ST/STM32CubeIDE_1.18.0/STM32CubeIDE/plugins/com.st.stm32cube.ide.mcu.externaltools.gnu-tools-for-stm32.13.3.rel1.win32_1.0.0.202411081344/tools/bin/../lib/gcc/arm-none-eabi/13.3.1/../../../../arm-none-eabi/lib/thumb/v7e-m+fp/hard\libc_nano.a(libc_a-wsetup.o)
                0x0800e380                __swsetup_r
 .text.memset   0x0800e42c       0x10 C:/ST/STM32CubeIDE_1.18.0/STM32CubeIDE/plugins/com.st.stm32cube.ide.mcu.externaltools.gnu-tools-for-stm32.13.3.rel1.win32_1.0.0.202411081344/tools/bin/../lib/gcc/arm-none-eabi/13.3.1/../../../../arm-none-eabi/lib/thumb/v7e-m+fp/hard\libc_nano.a(libc_a-memset.o)
                0x0800e42c                memset
 .text._close_r
                0x0800e43c       0x20 C:/ST/STM32CubeIDE_1.18.0/STM32CubeIDE/plugins/com.st.stm32cube.ide.mcu.externaltools.gnu-tools-for-stm32.13.3.rel1.win32_1.0.0.202411081344/tools/bin/../lib/gcc/arm-none-eabi/13.3.1/../../../../arm-none-eabi/lib/thumb/v7e-m+fp/hard\libc_nano.a(libc_a-closer.o)
                0x0800e43c                _close_r
 .text._lseek_r
                0x0800e45c       0x24 C:/ST/STM32CubeIDE_1.18.0/STM32CubeIDE/plugins/com.st.stm32cube.ide.mcu.externaltools.gnu-tools-for-stm32.13.3.rel1.win32_1.0.0.202411081344/tools/bin/../lib/gcc/arm-none-eabi/13.3.1/../../../../arm-none-eabi/lib/thumb/v7e-m+fp/hard\libc_nano.a(libc_a-lseekr.o)
                0x0800e45c                _lseek_r
 .text._read_r  0x0800e480       0x24 C:/ST/STM32CubeIDE_1.18.0/STM32CubeIDE/plugins/com.st.stm32cube.ide.mcu.externaltools.gnu-tools-for-stm32.13.3.rel1.win32_1.0.0.202411081344/tools/bin/../lib/gcc/arm-none-eabi/13.3.1/../../../../arm-none-eabi/lib/thumb/v7e-m+fp/hard\libc_nano.a(libc_a-readr.o)
                0x0800e480                _read_r
 .text._write_r
                0x0800e4a4       0x24 C:/ST/STM32CubeIDE_1.18.0/STM32CubeIDE/plugins/com.st.stm32cube.ide.mcu.externaltools.gnu-tools-for-stm32.13.3.rel1.win32_1.0.0.202411081344/tools/bin/../lib/gcc/arm-none-eabi/13.3.1/../../../../arm-none-eabi/lib/thumb/v7e-m+fp/hard\libc_nano.a(libc_a-writer.o)
                0x0800e4a4                _write_r
 .text.__errno  0x0800e4c8        0xc C:/ST/STM32CubeIDE_1.18.0/STM32CubeIDE/plugins/com.st.stm32cube.ide.mcu.externaltools.gnu-tools-for-stm32.13.3.rel1.win32_1.0.0.202411081344/tools/bin/../lib/gcc/arm-none-eabi/13.3.1/../../../../arm-none-eabi/lib/thumb/v7e-m+fp/hard\libc_nano.a(libc_a-errno.o)
                0x0800e4c8                __errno
 .text.__libc_init_array
                0x0800e4d4       0x48 C:/ST/STM32CubeIDE_1.18.0/STM32CubeIDE/plugins/com.st.stm32cube.ide.mcu.externaltools.gnu-tools-for-stm32.13.3.rel1.win32_1.0.0.202411081344/tools/bin/../lib/gcc/arm-none-eabi/13.3.1/../../../../arm-none-eabi/lib/thumb/v7e-m+fp/hard\libc_nano.a(libc_a-init.o)
                0x0800e4d4                __libc_init_array
 .text.__retarget_lock_init_recursive
                0x0800e51c        0x2 C:/ST/STM32CubeIDE_1.18.0/STM32CubeIDE/plugins/com.st.stm32cube.ide.mcu.externaltools.gnu-tools-for-stm32.13.3.rel1.win32_1.0.0.202411081344/tools/bin/../lib/gcc/arm-none-eabi/13.3.1/../../../../arm-none-eabi/lib/thumb/v7e-m+fp/hard\libc_nano.a(libc_a-lock.o)
                0x0800e51c                __retarget_lock_init_recursive
 .text.__retarget_lock_acquire_recursive
                0x0800e51e        0x2 C:/ST/STM32CubeIDE_1.18.0/STM32CubeIDE/plugins/com.st.stm32cube.ide.mcu.externaltools.gnu-tools-for-stm32.13.3.rel1.win32_1.0.0.202411081344/tools/bin/../lib/gcc/arm-none-eabi/13.3.1/../../../../arm-none-eabi/lib/thumb/v7e-m+fp/hard\libc_nano.a(libc_a-lock.o)
                0x0800e51e                __retarget_lock_acquire_recursive
 .text.__retarget_lock_release_recursive
                0x0800e520        0x2 C:/ST/STM32CubeIDE_1.18.0/STM32CubeIDE/plugins/com.st.stm32cube.ide.mcu.externaltools.gnu-tools-for-stm32.13.3.rel1.win32_1.0.0.202411081344/tools/bin/../lib/gcc/arm-none-eabi/13.3.1/../../../../arm-none-eabi/lib/thumb/v7e-m+fp/hard\libc_nano.a(libc_a-lock.o)
                0x0800e520                __retarget_lock_release_recursive
 *fill*         0x0800e522        0x2 
 .text._free_r  0x0800e524       0x94 C:/ST/STM32CubeIDE_1.18.0/STM32CubeIDE/plugins/com.st.stm32cube.ide.mcu.externaltools.gnu-tools-for-stm32.13.3.rel1.win32_1.0.0.202411081344/tools/bin/../lib/gcc/arm-none-eabi/13.3.1/../../../../arm-none-eabi/lib/thumb/v7e-m+fp/hard\libc_nano.a(libc_a-freer.o)
                0x0800e524                _free_r
 .text.sbrk_aligned
                0x0800e5b8       0x44 C:/ST/STM32CubeIDE_1.18.0/STM32CubeIDE/plugins/com.st.stm32cube.ide.mcu.externaltools.gnu-tools-for-stm32.13.3.rel1.win32_1.0.0.202411081344/tools/bin/../lib/gcc/arm-none-eabi/13.3.1/../../../../arm-none-eabi/lib/thumb/v7e-m+fp/hard\libc_nano.a(libc_a-mallocr.o)
 .text._malloc_r
                0x0800e5fc      0x100 C:/ST/STM32CubeIDE_1.18.0/STM32CubeIDE/plugins/com.st.stm32cube.ide.mcu.externaltools.gnu-tools-for-stm32.13.3.rel1.win32_1.0.0.202411081344/tools/bin/../lib/gcc/arm-none-eabi/13.3.1/../../../../arm-none-eabi/lib/thumb/v7e-m+fp/hard\libc_nano.a(libc_a-mallocr.o)
                0x0800e5fc                _malloc_r
 .text.__malloc_lock
                0x0800e6fc        0xc C:/ST/STM32CubeIDE_1.18.0/STM32CubeIDE/plugins/com.st.stm32cube.ide.mcu.externaltools.gnu-tools-for-stm32.13.3.rel1.win32_1.0.0.202411081344/tools/bin/../lib/gcc/arm-none-eabi/13.3.1/../../../../arm-none-eabi/lib/thumb/v7e-m+fp/hard\libc_nano.a(libc_a-mlock.o)
                0x0800e6fc                __malloc_lock
 .text.__malloc_unlock
                0x0800e708        0xc C:/ST/STM32CubeIDE_1.18.0/STM32CubeIDE/plugins/com.st.stm32cube.ide.mcu.externaltools.gnu-tools-for-stm32.13.3.rel1.win32_1.0.0.202411081344/tools/bin/../lib/gcc/arm-none-eabi/13.3.1/../../../../arm-none-eabi/lib/thumb/v7e-m+fp/hard\libc_nano.a(libc_a-mlock.o)
                0x0800e708                __malloc_unlock
 .text.__sfputc_r
                0x0800e714       0x2e C:/ST/STM32CubeIDE_1.18.0/STM32CubeIDE/plugins/com.st.stm32cube.ide.mcu.externaltools.gnu-tools-for-stm32.13.3.rel1.win32_1.0.0.202411081344/tools/bin/../lib/gcc/arm-none-eabi/13.3.1/../../../../arm-none-eabi/lib/thumb/v7e-m+fp/hard\libc_nano.a(libc_a-nano-vfprintf.o)
 .text.__sfputs_r
                0x0800e742       0x24 C:/ST/STM32CubeIDE_1.18.0/STM32CubeIDE/plugins/com.st.stm32cube.ide.mcu.externaltools.gnu-tools-for-stm32.13.3.rel1.win32_1.0.0.202411081344/tools/bin/../lib/gcc/arm-none-eabi/13.3.1/../../../../arm-none-eabi/lib/thumb/v7e-m+fp/hard\libc_nano.a(libc_a-nano-vfprintf.o)
                0x0800e742                __sfputs_r
 *fill*         0x0800e766        0x2 
 .text._vfprintf_r
                0x0800e768      0x230 C:/ST/STM32CubeIDE_1.18.0/STM32CubeIDE/plugins/com.st.stm32cube.ide.mcu.externaltools.gnu-tools-for-stm32.13.3.rel1.win32_1.0.0.202411081344/tools/bin/../lib/gcc/arm-none-eabi/13.3.1/../../../../arm-none-eabi/lib/thumb/v7e-m+fp/hard\libc_nano.a(libc_a-nano-vfprintf.o)
                0x0800e768                _vfprintf_r
                0x0800e768                _vfiprintf_r
 .text._printf_common
                0x0800e998       0xda C:/ST/STM32CubeIDE_1.18.0/STM32CubeIDE/plugins/com.st.stm32cube.ide.mcu.externaltools.gnu-tools-for-stm32.13.3.rel1.win32_1.0.0.202411081344/tools/bin/../lib/gcc/arm-none-eabi/13.3.1/../../../../arm-none-eabi/lib/thumb/v7e-m+fp/hard\libc_nano.a(libc_a-nano-vfprintf_i.o)
                0x0800e998                _printf_common
 *fill*         0x0800ea72        0x2 
 .text._printf_i
                0x0800ea74      0x23c C:/ST/STM32CubeIDE_1.18.0/STM32CubeIDE/plugins/com.st.stm32cube.ide.mcu.externaltools.gnu-tools-for-stm32.13.3.rel1.win32_1.0.0.202411081344/tools/bin/../lib/gcc/arm-none-eabi/13.3.1/../../../../arm-none-eabi/lib/thumb/v7e-m+fp/hard\libc_nano.a(libc_a-nano-vfprintf_i.o)
                0x0800ea74                _printf_i
 .text.__sflush_r
                0x0800ecb0      0x108 C:/ST/STM32CubeIDE_1.18.0/STM32CubeIDE/plugins/com.st.stm32cube.ide.mcu.externaltools.gnu-tools-for-stm32.13.3.rel1.win32_1.0.0.202411081344/tools/bin/../lib/gcc/arm-none-eabi/13.3.1/../../../../arm-none-eabi/lib/thumb/v7e-m+fp/hard\libc_nano.a(libc_a-fflush.o)
                0x0800ecb0                __sflush_r
 .text._fflush_r
                0x0800edb8       0x50 C:/ST/STM32CubeIDE_1.18.0/STM32CubeIDE/plugins/com.st.stm32cube.ide.mcu.externaltools.gnu-tools-for-stm32.13.3.rel1.win32_1.0.0.202411081344/tools/bin/../lib/gcc/arm-none-eabi/13.3.1/../../../../arm-none-eabi/lib/thumb/v7e-m+fp/hard\libc_nano.a(libc_a-fflush.o)
                0x0800edb8                _fflush_r
 .text.__swhatbuf_r
                0x0800ee08       0x4c C:/ST/STM32CubeIDE_1.18.0/STM32CubeIDE/plugins/com.st.stm32cube.ide.mcu.externaltools.gnu-tools-for-stm32.13.3.rel1.win32_1.0.0.202411081344/tools/bin/../lib/gcc/arm-none-eabi/13.3.1/../../../../arm-none-eabi/lib/thumb/v7e-m+fp/hard\libc_nano.a(libc_a-makebuf.o)
                0x0800ee08                __swhatbuf_r
 .text.__smakebuf_r
                0x0800ee54       0x78 C:/ST/STM32CubeIDE_1.18.0/STM32CubeIDE/plugins/com.st.stm32cube.ide.mcu.externaltools.gnu-tools-for-stm32.13.3.rel1.win32_1.0.0.202411081344/tools/bin/../lib/gcc/arm-none-eabi/13.3.1/../../../../arm-none-eabi/lib/thumb/v7e-m+fp/hard\libc_nano.a(libc_a-makebuf.o)
                0x0800ee54                __smakebuf_r
 .text._fstat_r
                0x0800eecc       0x24 C:/ST/STM32CubeIDE_1.18.0/STM32CubeIDE/plugins/com.st.stm32cube.ide.mcu.externaltools.gnu-tools-for-stm32.13.3.rel1.win32_1.0.0.202411081344/tools/bin/../lib/gcc/arm-none-eabi/13.3.1/../../../../arm-none-eabi/lib/thumb/v7e-m+fp/hard\libc_nano.a(libc_a-fstatr.o)
                0x0800eecc                _fstat_r
 .text._isatty_r
                0x0800eef0       0x20 C:/ST/STM32CubeIDE_1.18.0/STM32CubeIDE/plugins/com.st.stm32cube.ide.mcu.externaltools.gnu-tools-for-stm32.13.3.rel1.win32_1.0.0.202411081344/tools/bin/../lib/gcc/arm-none-eabi/13.3.1/../../../../arm-none-eabi/lib/thumb/v7e-m+fp/hard\libc_nano.a(libc_a-isattyr.o)
                0x0800eef0                _isatty_r
 .text._sbrk_r  0x0800ef10       0x20 C:/ST/STM32CubeIDE_1.18.0/STM32CubeIDE/plugins/com.st.stm32cube.ide.mcu.externaltools.gnu-tools-for-stm32.13.3.rel1.win32_1.0.0.202411081344/tools/bin/../lib/gcc/arm-none-eabi/13.3.1/../../../../arm-none-eabi/lib/thumb/v7e-m+fp/hard\libc_nano.a(libc_a-sbrkr.o)
                0x0800ef10                _sbrk_r
 *(.glue_7)
 .glue_7        0x0800ef30        0x0 linker stubs
 *(.glue_7t)
 .glue_7t       0x0800ef30        0x0 linker stubs
 *(.eh_frame)
 .eh_frame      0x0800ef30        0x0 C:/ST/STM32CubeIDE_1.18.0/STM32CubeIDE/plugins/com.st.stm32cube.ide.mcu.externaltools.gnu-tools-for-stm32.13.3.rel1.win32_1.0.0.202411081344/tools/bin/../lib/gcc/arm-none-eabi/13.3.1/thumb/v7e-m+fp/hard/crtbegin.o
 *(.init)
 .init          0x0800ef30        0x4 C:/ST/STM32CubeIDE_1.18.0/STM32CubeIDE/plugins/com.st.stm32cube.ide.mcu.externaltools.gnu-tools-for-stm32.13.3.rel1.win32_1.0.0.202411081344/tools/bin/../lib/gcc/arm-none-eabi/13.3.1/thumb/v7e-m+fp/hard/crti.o
                0x0800ef30                _init
 .init          0x0800ef34        0x8 C:/ST/STM32CubeIDE_1.18.0/STM32CubeIDE/plugins/com.st.stm32cube.ide.mcu.externaltools.gnu-tools-for-stm32.13.3.rel1.win32_1.0.0.202411081344/tools/bin/../lib/gcc/arm-none-eabi/13.3.1/thumb/v7e-m+fp/hard/crtn.o
 *(.fini)
 .fini          0x0800ef3c        0x4 C:/ST/STM32CubeIDE_1.18.0/STM32CubeIDE/plugins/com.st.stm32cube.ide.mcu.externaltools.gnu-tools-for-stm32.13.3.rel1.win32_1.0.0.202411081344/tools/bin/../lib/gcc/arm-none-eabi/13.3.1/thumb/v7e-m+fp/hard/crti.o
                0x0800ef3c                _fini
 .fini          0x0800ef40        0x8 C:/ST/STM32CubeIDE_1.18.0/STM32CubeIDE/plugins/com.st.stm32cube.ide.mcu.externaltools.gnu-tools-for-stm32.13.3.rel1.win32_1.0.0.202411081344/tools/bin/../lib/gcc/arm-none-eabi/13.3.1/thumb/v7e-m+fp/hard/crtn.o
                0x0800ef48                        . = ALIGN (0x4)
                0x0800ef48                        _etext = .

.vfp11_veneer   0x0800ef48        0x0
 .vfp11_veneer  0x0800ef48        0x0 linker stubs

.v4_bx          0x0800ef48        0x0
 .v4_bx         0x0800ef48        0x0 linker stubs

.iplt           0x0800ef48        0x0
 .iplt          0x0800ef48        0x0 C:/ST/STM32CubeIDE_1.18.0/STM32CubeIDE/plugins/com.st.stm32cube.ide.mcu.externaltools.gnu-tools-for-stm32.13.3.rel1.win32_1.0.0.202411081344/tools/bin/../lib/gcc/arm-none-eabi/13.3.1/thumb/v7e-m+fp/hard/crtbegin.o

.rodata         0x0800ef48       0xec
                0x0800ef48                        . = ALIGN (0x4)
 *(.rodata)
 .rodata        0x0800ef48       0x26 ./Core/Src/main.o
 *fill*         0x0800ef6e        0x2 
 .rodata        0x0800ef70       0x46 ./USB_DEVICE/App/usbd_desc.o
 *(.rodata*)
 *fill*         0x0800efb6        0x2 
 .rodata.AHBPrescTable
                0x0800efb8       0x10 ./Core/Src/system_stm32l4xx.o
                0x0800efb8                AHBPrescTable
 .rodata.APBPrescTable
                0x0800efc8        0x8 ./Core/Src/system_stm32l4xx.o
                0x0800efc8                APBPrescTable
 .rodata.MSIRangeTable
                0x0800efd0       0x30 ./Core/Src/system_stm32l4xx.o
                0x0800efd0                MSIRangeTable
 .rodata._vfprintf_r.str1.1
                0x0800f000       0x33 C:/ST/STM32CubeIDE_1.18.0/STM32CubeIDE/plugins/com.st.stm32cube.ide.mcu.externaltools.gnu-tools-for-stm32.13.3.rel1.win32_1.0.0.202411081344/tools/bin/../lib/gcc/arm-none-eabi/13.3.1/../../../../arm-none-eabi/lib/thumb/v7e-m+fp/hard\libc_nano.a(libc_a-nano-vfprintf.o)
                                 0x11 (size before relaxing)
 .rodata._printf_i.str1.1
                0x0800f033       0x22 C:/ST/STM32CubeIDE_1.18.0/STM32CubeIDE/plugins/com.st.stm32cube.ide.mcu.externaltools.gnu-tools-for-stm32.13.3.rel1.win32_1.0.0.202411081344/tools/bin/../lib/gcc/arm-none-eabi/13.3.1/../../../../arm-none-eabi/lib/thumb/v7e-m+fp/hard\libc_nano.a(libc_a-nano-vfprintf_i.o)
                0x0800f058                        . = ALIGN (0x4)
 *fill*         0x0800f033        0x1 

.ARM.extab      0x0800f034        0x0
                0x0800f034                        . = ALIGN (0x4)
 *(.ARM.extab* .gnu.linkonce.armextab.*)
                0x0800f034                        . = ALIGN (0x4)

.ARM            0x0800f034        0x8
                0x0800f034                        . = ALIGN (0x4)
                0x0800f034                        __exidx_start = .
 *(.ARM.exidx*)
 .ARM.exidx     0x0800f034        0x8 C:/ST/STM32CubeIDE_1.18.0/STM32CubeIDE/plugins/com.st.stm32cube.ide.mcu.externaltools.gnu-tools-for-stm32.13.3.rel1.win32_1.0.0.202411081344/tools/bin/../lib/gcc/arm-none-eabi/13.3.1/../../../../arm-none-eabi/lib/thumb/v7e-m+fp/hard\libc_nano.a(libc_a-memchr.o)
 .ARM.exidx     0x0800f03c        0x0 C:/ST/STM32CubeIDE_1.18.0/STM32CubeIDE/plugins/com.st.stm32cube.ide.mcu.externaltools.gnu-tools-for-stm32.13.3.rel1.win32_1.0.0.202411081344/tools/bin/../lib/gcc/arm-none-eabi/13.3.1/thumb/v7e-m+fp/hard\libgcc.a(_udivmoddi4.o)
                                  0x8 (size before relaxing)
                0x0800f03c                        __exidx_end = .
                0x0800f03c                        . = ALIGN (0x4)

.preinit_array  0x0800f03c        0x0
                0x0800f03c                        . = ALIGN (0x4)
                0x0800f03c                        PROVIDE (__preinit_array_start = .)
 *(.preinit_array*)
                0x0800f03c                        PROVIDE (__preinit_array_end = .)
                0x0800f03c                        . = ALIGN (0x4)

.init_array     0x0800f03c        0x4
                0x0800f03c                        . = ALIGN (0x4)
                0x0800f03c                        PROVIDE (__init_array_start = .)
 *(SORT_BY_NAME(.init_array.*))
 *(.init_array*)
 .init_array    0x0800f03c        0x4 C:/ST/STM32CubeIDE_1.18.0/STM32CubeIDE/plugins/com.st.stm32cube.ide.mcu.externaltools.gnu-tools-for-stm32.13.3.rel1.win32_1.0.0.202411081344/tools/bin/../lib/gcc/arm-none-eabi/13.3.1/thumb/v7e-m+fp/hard/crtbegin.o
                0x0800f040                        PROVIDE (__init_array_end = .)
                0x0800f040                        . = ALIGN (0x4)

.fini_array     0x0800f040        0x4
                0x0800f040                        . = ALIGN (0x4)
                [!provide]                        PROVIDE (__fini_array_start = .)
 *(SORT_BY_NAME(.fini_array.*))
 *(.fini_array*)
 .fini_array    0x0800f040        0x4 C:/ST/STM32CubeIDE_1.18.0/STM32CubeIDE/plugins/com.st.stm32cube.ide.mcu.externaltools.gnu-tools-for-stm32.13.3.rel1.win32_1.0.0.202411081344/tools/bin/../lib/gcc/arm-none-eabi/13.3.1/thumb/v7e-m+fp/hard/crtbegin.o
                [!provide]                        PROVIDE (__fini_array_end = .)
                0x0800f044                        . = ALIGN (0x4)
                0x0800f044                        _sidata = LOADADDR (.data)

.rel.dyn        0x0800f044        0x0
 .rel.iplt      0x0800f044        0x0 C:/ST/STM32CubeIDE_1.18.0/STM32CubeIDE/plugins/com.st.stm32cube.ide.mcu.externaltools.gnu-tools-for-stm32.13.3.rel1.win32_1.0.0.202411081344/tools/bin/../lib/gcc/arm-none-eabi/13.3.1/thumb/v7e-m+fp/hard/crtbegin.o

.data           0x20000000      0x168 load address 0x0800f044
                0x20000000                        . = ALIGN (0x4)
                0x20000000                        _sdata = .
 *(.data)
 *(.data*)
 .data.SystemCoreClock
                0x20000000        0x4 ./Core/Src/system_stm32l4xx.o
                0x20000000                SystemCoreClock
 .data.uwTickPrio
                0x20000004        0x4 ./Drivers/STM32L4xx_HAL_Driver/Src/stm32l4xx_hal.o
                0x20000004                uwTickPrio
 .data.uwTickFreq
                0x20000008        0x1 ./Drivers/STM32L4xx_HAL_Driver/Src/stm32l4xx_hal.o
                0x20000008                uwTickFreq
 *fill*         0x20000009        0x3 
 .data.USBD_CDC_DeviceQualifierDesc
                0x2000000c        0xa ./Middlewares/ST/STM32_USB_Device_Library/Class/CDC/Src/usbd_cdc.o
 *fill*         0x20000016        0x2 
 .data.USBD_CDC
                0x20000018       0x38 ./Middlewares/ST/STM32_USB_Device_Library/Class/CDC/Src/usbd_cdc.o
                0x20000018                USBD_CDC
 .data.USBD_CDC_CfgDesc
                0x20000050       0x43 ./Middlewares/ST/STM32_USB_Device_Library/Class/CDC/Src/usbd_cdc.o
 .data.CDCInEpAdd
                0x20000093        0x1 ./Middlewares/ST/STM32_USB_Device_Library/Class/CDC/Src/usbd_cdc.o
 .data.CDCOutEpAdd
                0x20000094        0x1 ./Middlewares/ST/STM32_USB_Device_Library/Class/CDC/Src/usbd_cdc.o
 .data.CDCCmdEpAdd
                0x20000095        0x1 ./Middlewares/ST/STM32_USB_Device_Library/Class/CDC/Src/usbd_cdc.o
 *fill*         0x20000096        0x2 
 .data.USBD_Interface_fops_FS
                0x20000098       0x14 ./USB_DEVICE/App/usbd_cdc_if.o
                0x20000098                USBD_Interface_fops_FS
 .data.FS_Desc  0x200000ac       0x20 ./USB_DEVICE/App/usbd_desc.o
                0x200000ac                FS_Desc
 .data.USBD_FS_DeviceDesc
                0x200000cc       0x12 ./USB_DEVICE/App/usbd_desc.o
                0x200000cc                USBD_FS_DeviceDesc
 *fill*         0x200000de        0x2 
 .data.USBD_FS_BOSDesc
                0x200000e0        0xc ./USB_DEVICE/App/usbd_desc.o
                0x200000e0                USBD_FS_BOSDesc
 .data.USBD_LangIDDesc
                0x200000ec        0x4 ./USB_DEVICE/App/usbd_desc.o
                0x200000ec                USBD_LangIDDesc
 .data.USBD_StringSerial
                0x200000f0       0x1a ./USB_DEVICE/App/usbd_desc.o
                0x200000f0                USBD_StringSerial
 *fill*         0x2000010a        0x2 
 .data.__sglue  0x2000010c        0xc C:/ST/STM32CubeIDE_1.18.0/STM32CubeIDE/plugins/com.st.stm32cube.ide.mcu.externaltools.gnu-tools-for-stm32.13.3.rel1.win32_1.0.0.202411081344/tools/bin/../lib/gcc/arm-none-eabi/13.3.1/../../../../arm-none-eabi/lib/thumb/v7e-m+fp/hard\libc_nano.a(libc_a-findfp.o)
                0x2000010c                __sglue
 .data._impure_ptr
                0x20000118        0x4 C:/ST/STM32CubeIDE_1.18.0/STM32CubeIDE/plugins/com.st.stm32cube.ide.mcu.externaltools.gnu-tools-for-stm32.13.3.rel1.win32_1.0.0.202411081344/tools/bin/../lib/gcc/arm-none-eabi/13.3.1/../../../../arm-none-eabi/lib/thumb/v7e-m+fp/hard\libc_nano.a(libc_a-impure.o)
                0x20000118                _impure_ptr
 .data._impure_data
                0x2000011c       0x4c C:/ST/STM32CubeIDE_1.18.0/STM32CubeIDE/plugins/com.st.stm32cube.ide.mcu.externaltools.gnu-tools-for-stm32.13.3.rel1.win32_1.0.0.202411081344/tools/bin/../lib/gcc/arm-none-eabi/13.3.1/../../../../arm-none-eabi/lib/thumb/v7e-m+fp/hard\libc_nano.a(libc_a-impure.o)
                0x2000011c                _impure_data
 *(.RamFunc)
 *(.RamFunc*)
                0x20000168                        . = ALIGN (0x4)
                0x20000168                        _edata = .

.igot.plt       0x20000168        0x0 load address 0x0800f1ac
 .igot.plt      0x20000168        0x0 C:/ST/STM32CubeIDE_1.18.0/STM32CubeIDE/plugins/com.st.stm32cube.ide.mcu.externaltools.gnu-tools-for-stm32.13.3.rel1.win32_1.0.0.202411081344/tools/bin/../lib/gcc/arm-none-eabi/13.3.1/thumb/v7e-m+fp/hard/crtbegin.o
                0x20000168                        . = ALIGN (0x4)

.bss            0x20000168     0x2514 load address 0x0800f1ac
                0x20000168                        _sbss = .
                0x20000168                        __bss_start__ = _sbss
 *(.bss)
 .bss           0x20000168       0x1c C:/ST/STM32CubeIDE_1.18.0/STM32CubeIDE/plugins/com.st.stm32cube.ide.mcu.externaltools.gnu-tools-for-stm32.13.3.rel1.win32_1.0.0.202411081344/tools/bin/../lib/gcc/arm-none-eabi/13.3.1/thumb/v7e-m+fp/hard/crtbegin.o
 *(.bss*)
 .bss.hadc1     0x20000184       0x68 ./Core/Src/main.o
                0x20000184                hadc1
 .bss.hadc2     0x200001ec       0x68 ./Core/Src/main.o
                0x200001ec                hadc2
 .bss.hadc3     0x20000254       0x68 ./Core/Src/main.o
                0x20000254                hadc3
 .bss.hdcmi     0x200002bc       0x64 ./Core/Src/main.o
                0x200002bc                hdcmi
 .bss.hdfsdm1_channel1
                0x20000320       0x38 ./Core/Src/main.o
                0x20000320                hdfsdm1_channel1
 .bss.hdfsdm1_channel2
                0x20000358       0x38 ./Core/Src/main.o
                0x20000358                hdfsdm1_channel2
 .bss.hi2c1     0x20000390       0x54 ./Core/Src/main.o
                0x20000390                hi2c1
 .bss.hi2c2     0x200003e4       0x54 ./Core/Src/main.o
                0x200003e4                hi2c2
 .bss.hlpuart1  0x20000438       0x88 ./Core/Src/main.o
                0x20000438                hlpuart1
 .bss.huart1    0x200004c0       0x88 ./Core/Src/main.o
                0x200004c0                huart1
 .bss.huart2    0x20000548       0x88 ./Core/Src/main.o
                0x20000548                huart2
 .bss.hqspi     0x200005d0       0x4c ./Core/Src/main.o
                0x200005d0                hqspi
 .bss.hsai_BlockA1
                0x2000061c       0x84 ./Core/Src/main.o
                0x2000061c                hsai_BlockA1
 .bss.hsai_BlockB1
                0x200006a0       0x84 ./Core/Src/main.o
                0x200006a0                hsai_BlockB1
 .bss.hsd1      0x20000724       0x84 ./Core/Src/main.o
                0x20000724                hsd1
 .bss.hspi1     0x200007a8       0x64 ./Core/Src/main.o
                0x200007a8                hspi1
 .bss.hspi2     0x2000080c       0x64 ./Core/Src/main.o
                0x2000080c                hspi2
 .bss.hsram1    0x20000870       0x50 ./Core/Src/main.o
                0x20000870                hsram1
 .bss.hsram2    0x200008c0       0x50 ./Core/Src/main.o
                0x200008c0                hsram2
 .bss.HAL_RCC_ADC_CLK_ENABLED
                0x20000910        0x4 ./Core/Src/stm32l4xx_hal_msp.o
 .bss.DFSDM1_Init
                0x20000914        0x4 ./Core/Src/stm32l4xx_hal_msp.o
 .bss.FMC_Initialized
                0x20000918        0x4 ./Core/Src/stm32l4xx_hal_msp.o
 .bss.SAI1_client