Archive member included to satisfy reference by file (symbol)

C:/ST/STM32CubeIDE_1.18.0/STM32CubeIDE/plugins/com.st.stm32cube.ide.mcu.externaltools.gnu-tools-for-stm32.13.3.rel1.win32_1.0.0.202411081344/tools/bin/../lib/gcc/arm-none-eabi/13.3.1/../../../../arm-none-eabi/lib/thumb/v7e-m+fp/hard\libc_nano.a(libc_a-exit.o)
                              C:/ST/STM32CubeIDE_1.18.0/STM32CubeIDE/plugins/com.st.stm32cube.ide.mcu.externaltools.gnu-tools-for-stm32.13.3.rel1.win32_1.0.0.202411081344/tools/bin/../lib/gcc/arm-none-eabi/13.3.1/../../../../arm-none-eabi/lib/thumb/v7e-m+fp/hard/crt0.o (exit)
C:/ST/STM32CubeIDE_1.18.0/STM32CubeIDE/plugins/com.st.stm32cube.ide.mcu.externaltools.gnu-tools-for-stm32.13.3.rel1.win32_1.0.0.202411081344/tools/bin/../lib/gcc/arm-none-eabi/13.3.1/../../../../arm-none-eabi/lib/thumb/v7e-m+fp/hard\libc_nano.a(libc_a-findfp.o)
                              C:/ST/STM32CubeIDE_1.18.0/STM32CubeIDE/plugins/com.st.stm32cube.ide.mcu.externaltools.gnu-tools-for-stm32.13.3.rel1.win32_1.0.0.202411081344/tools/bin/../lib/gcc/arm-none-eabi/13.3.1/../../../../arm-none-eabi/lib/thumb/v7e-m+fp/hard\libc_nano.a(libc_a-exit.o) (__stdio_exit_handler)
C:/ST/STM32CubeIDE_1.18.0/STM32CubeIDE/plugins/com.st.stm32cube.ide.mcu.externaltools.gnu-tools-for-stm32.13.3.rel1.win32_1.0.0.202411081344/tools/bin/../lib/gcc/arm-none-eabi/13.3.1/../../../../arm-none-eabi/lib/thumb/v7e-m+fp/hard\libc_nano.a(libc_a-fwalk.o)
                              C:/ST/STM32CubeIDE_1.18.0/STM32CubeIDE/plugins/com.st.stm32cube.ide.mcu.externaltools.gnu-tools-for-stm32.13.3.rel1.win32_1.0.0.202411081344/tools/bin/../lib/gcc/arm-none-eabi/13.3.1/../../../../arm-none-eabi/lib/thumb/v7e-m+fp/hard\libc_nano.a(libc_a-findfp.o) (_fwalk_sglue)
C:/ST/STM32CubeIDE_1.18.0/STM32CubeIDE/plugins/com.st.stm32cube.ide.mcu.externaltools.gnu-tools-for-stm32.13.3.rel1.win32_1.0.0.202411081344/tools/bin/../lib/gcc/arm-none-eabi/13.3.1/../../../../arm-none-eabi/lib/thumb/v7e-m+fp/hard\libc_nano.a(libc_a-stdio.o)
                              C:/ST/STM32CubeIDE_1.18.0/STM32CubeIDE/plugins/com.st.stm32cube.ide.mcu.externaltools.gnu-tools-for-stm32.13.3.rel1.win32_1.0.0.202411081344/tools/bin/../lib/gcc/arm-none-eabi/13.3.1/../../../../arm-none-eabi/lib/thumb/v7e-m+fp/hard\libc_nano.a(libc_a-findfp.o) (__sread)
C:/ST/STM32CubeIDE_1.18.0/STM32CubeIDE/plugins/com.st.stm32cube.ide.mcu.externaltools.gnu-tools-for-stm32.13.3.rel1.win32_1.0.0.202411081344/tools/bin/../lib/gcc/arm-none-eabi/13.3.1/../../../../arm-none-eabi/lib/thumb/v7e-m+fp/hard\libc_nano.a(libc_a-memset.o)
                              C:/ST/STM32CubeIDE_1.18.0/STM32CubeIDE/plugins/com.st.stm32cube.ide.mcu.externaltools.gnu-tools-for-stm32.13.3.rel1.win32_1.0.0.202411081344/tools/bin/../lib/gcc/arm-none-eabi/13.3.1/../../../../arm-none-eabi/lib/thumb/v7e-m+fp/hard/crt0.o (memset)
C:/ST/STM32CubeIDE_1.18.0/STM32CubeIDE/plugins/com.st.stm32cube.ide.mcu.externaltools.gnu-tools-for-stm32.13.3.rel1.win32_1.0.0.202411081344/tools/bin/../lib/gcc/arm-none-eabi/13.3.1/../../../../arm-none-eabi/lib/thumb/v7e-m+fp/hard\libc_nano.a(libc_a-closer.o)
                              C:/ST/STM32CubeIDE_1.18.0/STM32CubeIDE/plugins/com.st.stm32cube.ide.mcu.externaltools.gnu-tools-for-stm32.13.3.rel1.win32_1.0.0.202411081344/tools/bin/../lib/gcc/arm-none-eabi/13.3.1/../../../../arm-none-eabi/lib/thumb/v7e-m+fp/hard\libc_nano.a(libc_a-stdio.o) (_close_r)
C:/ST/STM32CubeIDE_1.18.0/STM32CubeIDE/plugins/com.st.stm32cube.ide.mcu.externaltools.gnu-tools-for-stm32.13.3.rel1.win32_1.0.0.202411081344/tools/bin/../lib/gcc/arm-none-eabi/13.3.1/../../../../arm-none-eabi/lib/thumb/v7e-m+fp/hard\libc_nano.a(libc_a-reent.o)
                              C:/ST/STM32CubeIDE_1.18.0/STM32CubeIDE/plugins/com.st.stm32cube.ide.mcu.externaltools.gnu-tools-for-stm32.13.3.rel1.win32_1.0.0.202411081344/tools/bin/../lib/gcc/arm-none-eabi/13.3.1/../../../../arm-none-eabi/lib/thumb/v7e-m+fp/hard\libc_nano.a(libc_a-closer.o) (errno)
C:/ST/STM32CubeIDE_1.18.0/STM32CubeIDE/plugins/com.st.stm32cube.ide.mcu.externaltools.gnu-tools-for-stm32.13.3.rel1.win32_1.0.0.202411081344/tools/bin/../lib/gcc/arm-none-eabi/13.3.1/../../../../arm-none-eabi/lib/thumb/v7e-m+fp/hard\libc_nano.a(libc_a-impure.o)
                              C:/ST/STM32CubeIDE_1.18.0/STM32CubeIDE/plugins/com.st.stm32cube.ide.mcu.externaltools.gnu-tools-for-stm32.13.3.rel1.win32_1.0.0.202411081344/tools/bin/../lib/gcc/arm-none-eabi/13.3.1/../../../../arm-none-eabi/lib/thumb/v7e-m+fp/hard\libc_nano.a(libc_a-reent.o) (_impure_ptr)
C:/ST/STM32CubeIDE_1.18.0/STM32CubeIDE/plugins/com.st.stm32cube.ide.mcu.externaltools.gnu-tools-for-stm32.13.3.rel1.win32_1.0.0.202411081344/tools/bin/../lib/gcc/arm-none-eabi/13.3.1/../../../../arm-none-eabi/lib/thumb/v7e-m+fp/hard\libc_nano.a(libc_a-lseekr.o)
[...]
Memory Configuration

Name             Origin             Length             Attributes
RAM              0x20000000         0x00040000         xrw
RAM2             0x10000000         0x00010000         xrw
FLASH            0x08000000         0x00100000         xr
*default*        0x00000000         0xffffffff

Linker script and memory map

LOAD C:/ST/STM32CubeIDE_1.18.0/STM32CubeIDE/plugins/com.st.stm32cube.ide.mcu.externaltools.gnu-tools-for-stm32.13.3.rel1.win32_1.0.0.202411081344/tools/bin/../lib/gcc/arm-none-eabi/13.3.1/thumb/v7e-m+fp/hard/crti.o
LOAD C:/ST/STM32CubeIDE_1.18.0/STM32CubeIDE/plugins/com.st.stm32cube.ide.mcu.externaltools.gnu-tools-for-stm32.13.3.rel1.win32_1.0.0.202411081344/tools/bin/../lib/gcc/arm-none-eabi/13.3.1/thumb/v7e-m+fp/hard/crtbegin.o
LOAD C:/ST/STM32CubeIDE_1.18.0/STM32CubeIDE/plugins/com.st.stm32cube.ide.mcu.externaltools.gnu-tools-for-stm32.13.3.rel1.win32_1.0.0.202411081344/tools/bin/../lib/gcc/arm-none-eabi/13.3.1/../../../../arm-none-eabi/lib/thumb/v7e-m+fp/hard/crt0.o
LOAD ./Core/Src/main.o
LOAD ./Core/Src/stm32l4xx_hal_msp.o
LOAD ./Core/Src/stm32l4xx_it.o
LOAD ./Core/Src/syscalls.o
LOAD ./Core/Src/sysmem.o
LOAD ./Core/Src/system_stm32l4xx.o
LOAD ./Core/Startup/startup_stm32l496agix.o
LOAD ./Drivers/STM32L4xx_HAL_Driver/Src/stm32l4xx_hal.o
LOAD ./Drivers/STM32L4xx_HAL_Driver/Src/stm32l4xx_hal_adc.o
LOAD ./Drivers/STM32L4xx_HAL_Driver/Src/stm32l4xx_hal_adc_ex.o
LOAD ./Drivers/STM32L4xx_HAL_Driver/Src/stm32l4xx_hal_cortex.o
LOAD ./Drivers/STM32L4xx_HAL_Driver/Src/stm32l4xx_hal_dcmi.o
LOAD ./Drivers/STM32L4xx_HAL_Driver/Src/stm32l4xx_hal_dfsdm.o
LOAD ./Drivers/STM32L4xx_HAL_Driver/Src/stm32l4xx_hal_dma.o
LOAD ./Drivers/STM32L4xx_HAL_Driver/Src/stm32l4xx_hal_dma_ex.o
LOAD ./Drivers/STM32L4xx_HAL_Driver/Src/stm32l4xx_hal_exti.o
LOAD ./Drivers/STM32L4xx_HAL_Driver/Src/stm32l4xx_hal_flash.o
LOAD ./Drivers/STM32L4xx_HAL_Driver/Src/stm32l4xx_hal_flash_ex.o
LOAD ./Drivers/STM32L4xx_HAL_Driver/Src/stm32l4xx_hal_flash_ramfunc.o
LOAD ./Drivers/STM32L4xx_HAL_Driver/Src/stm32l4xx_hal_gpio.o
LOAD ./Drivers/STM32L4xx_HAL_Driver/Src/stm32l4xx_hal_i2c.o
LOAD ./Drivers/STM32L4xx_HAL_Driver/Src/stm32l4xx_hal_i2c_ex.o
LOAD ./Drivers/STM32L4xx_HAL_Driver/Src/stm32l4xx_hal_mmc.o
LOAD ./Drivers/STM32L4xx_HAL_Driver/Src/stm32l4xx_hal_mmc_ex.o
LOAD ./Drivers/STM32L4xx_HAL_Driver/Src/stm32l4xx_hal_nand.o
LOAD ./Drivers/STM32L4xx_HAL_Driver/Src/stm32l4xx_hal_nor.o
LOAD ./Drivers/STM32L4xx_HAL_Driver/Src/stm32l4xx_hal_pcd.o
LOAD ./Drivers/STM32L4xx_HAL_Driver/Src/stm32l4xx_hal_pcd_ex.o
LOAD ./Drivers/STM32L4xx_HAL_Driver/Src/stm32l4xx_hal_pwr.o
LOAD ./Drivers/STM32L4xx_HAL_Driver/Src/stm32l4xx_hal_pwr_ex.o
LOAD ./Drivers/STM32L4xx_HAL_Driver/Src/stm32l4xx_hal_qspi.o
LOAD ./Drivers/STM32L4xx_HAL_Driver/Src/stm32l4xx_hal_rcc.o
LOAD ./Drivers/STM32L4xx_HAL_Driver/Src/stm32l4xx_hal_rcc_ex.o
LOAD ./Drivers/STM32L4xx_HAL_Driver/Src/stm32l4xx_hal_rtc.o
LOAD ./Drivers/STM32L4xx_HAL_Driver/Src/stm32l4xx_hal_rtc_ex.o
LOAD ./Drivers/STM32L4xx_HAL_Driver/Src/stm32l4xx_hal_sai.o
LOAD ./Drivers/STM32L4xx_HAL_Driver/Src/stm32l4xx_hal_sai_ex.o
LOAD ./Drivers/STM32L4xx_HAL_Driver/Src/stm32l4xx_hal_sd.o
LOAD ./Drivers/STM32L4xx_HAL_Driver/Src/stm32l4xx_hal_sd_ex.o
LOAD ./Drivers/STM32L4xx_HAL_Driver/Src/stm32l4xx_hal_spi.o
LOAD ./Drivers/STM32L4xx_HAL_Driver/Src/stm32l4xx_hal_spi_ex.o
LOAD ./Drivers/STM32L4xx_HAL_Driver/Src/stm32l4xx_hal_sram.o
LOAD ./Drivers/STM32L4xx_HAL_Driver/Src/stm32l4xx_hal_uart.o
LOAD ./Drivers/STM32L4xx_HAL_Driver/Src/stm32l4xx_hal_uart_ex.o
LOAD ./Drivers/STM32L4xx_HAL_Driver/Src/stm32l4xx_ll_fmc.o
LOAD ./Drivers/STM32L4xx_HAL_Driver/Src/stm32l4xx_ll_sdmmc.o
LOAD ./Drivers/STM32L4xx_HAL_Driver/Src/stm32l4xx_ll_usb.o
LOAD ./Middlewares/ST/STM32_USB_Device_Library/Class/CDC/Src/usbd_cdc.o
LOAD ./Middlewares/ST/STM32_USB_Device_Library/Core/Src/usbd_core.o
LOAD ./Middlewares/ST/STM32_USB_Device_Library/Core/Src/usbd_ctlreq.o
LOAD ./Middlewares/ST/STM32_USB_Device_Library/Core/Src/usbd_ioreq.o
LOAD ./USB_DEVICE/App/usb_device.o
LOAD ./USB_DEVICE/App/usbd_cdc_if.o
LOAD ./USB_DEVICE/App/usbd_desc.o
LOAD ./USB_DEVICE/Target/usbd_conf.o
START GROUP
LOAD C:/ST/STM32CubeIDE_1.18.0/STM32CubeIDE/plugins/com.st.stm32cube.ide.mcu.externaltools.gnu-tools-for-stm32.13.3.rel1.win32_1.0.0.202411081344/tools/bin/../lib/gcc/arm-none-eabi/13.3.1/../../../../arm-none-eabi/lib/thumb/v7e-m+fp/hard\libstdc++_nano.a
LOAD C:/ST/STM32CubeIDE_1.18.0/STM32CubeIDE/plugins/com.st.stm32cube.ide.mcu.externaltools.gnu-tools-for-stm32.13.3.rel1.win32_1.0.0.202411081344/tools/bin/../lib/gcc/arm-none-eabi/13.3.1/../../../../arm-none-eabi/lib/thumb/v7e-m+fp/hard\libsupc++_nano.a
END GROUP
LOAD C:/ST/STM32CubeIDE_1.18.0/STM32CubeIDE/plugins/com.st.stm32cube.ide.mcu.externaltools.gnu-tools-for-stm32.13.3.rel1.win32_1.0.0.202411081344/tools/bin/../lib/gcc/arm-none-eabi/13.3.1/../../../../arm-none-eabi/lib/thumb/v7e-m+fp/hard\libstdc++_nano.a
LOAD C:/ST/STM32CubeIDE_1.18.0/STM32CubeIDE/plugins/com.st.stm32cube.ide.mcu.externaltools.gnu-tools-for-stm32.13.3.rel1.win32_1.0.0.202411081344/tools/bin/../lib/gcc/arm-none-eabi/13.3.1/../../../../arm-none-eabi/lib/thumb/v7e-m+fp/hard\libm.a
LOAD C:/ST/STM32CubeIDE_1.18.0/STM32CubeIDE/plugins/com.st.stm32cube.ide.mcu.externaltools.gnu-tools-for-stm32.13.3.rel1.win32_1.0.0.202411081344/tools/bin/../lib/gcc/arm-none-eabi/13.3.1/../../../../arm-none-eabi/lib/thumb/v7e-m+fp/hard\libc_nano.a
START GROUP
LOAD C:/ST/STM32CubeIDE_1.18.0/STM32CubeIDE/plugins/com.st.stm32cube.ide.mcu.externaltools.gnu-tools-for-stm32.13.3.rel1.win32_1.0.0.202411081344/tools/bin/../lib/gcc/arm-none-eabi/13.3.1/thumb/v7e-m+fp/hard\libgcc.a
LOAD C:/ST/STM32CubeIDE_1.18.0/STM32CubeIDE/plugins/com.st.stm32cube.ide.mcu.externaltools.gnu-tools-for-stm32.13.3.rel1.win32_1.0.0.202411081344/tools/bin/../lib/gcc/arm-none-eabi/13.3.1/../../../../arm-none-eabi/lib/thumb/v7e-m+fp/hard\libc_nano.a
END GROUP
START GROUP
LOAD C:/ST/STM32CubeIDE_1.18.0/STM32CubeIDE/plugins/com.st.stm32cube.ide.mcu.externaltools.gnu-tools-for-stm32.13.3.rel1.win32_1.0.0.202411081344/tools/bin/../lib/gcc/arm-none-eabi/13.3.1/thumb/v7e-m+fp/hard\libgcc.a
LOAD C:/ST/STM32CubeIDE_1.18.0/STM32CubeIDE/plugins/com.st.stm32cube.ide.mcu.externaltools.gnu-tools-for-stm32.13.3.rel1.win32_1.0.0.202411081344/tools/bin/../lib/gcc/arm-none-eabi/13.3.1/../../../../arm-none-eabi/lib/thumb/v7e-m+fp/hard\libc_nano.a
LOAD C:/ST/STM32CubeIDE_1.18.0/STM32CubeIDE/plugins/com.st.stm32cube.ide.mcu.externaltools.gnu-tools-for-stm32.13.3.rel1.win32_1.0.0.202411081344/tools/bin/../lib/gcc/arm-none-eabi/13.3.1/../../../../arm-none-eabi/lib/thumb/v7e-m+fp/hard\libnosys.a
END GROUP
START GROUP
LOAD C:/ST/STM32CubeIDE_1.18.0/STM32CubeIDE/plugins/com.st.stm32cube.ide.mcu.externaltools.gnu-tools-for-stm32.13.3.rel1.win32_1.0.0.202411081344/tools/bin/../lib/gcc/arm-none-eabi/13.3.1/thumb/v7e-m+fp/hard\libgcc.a
LOAD C:/ST/STM32CubeIDE_1.18.0/STM32CubeIDE/plugins/com.st.stm32cube.ide.mcu.externaltools.gnu-tools-for-stm32.13.3.rel1.win32_1.0.0.202411081344/tools/bin/../lib/gcc/arm-none-eabi/13.3.1/../../../../arm-none-eabi/lib/thumb/v7e-m+fp/hard\libc_nano.a
LOAD C:/ST/STM32CubeIDE_1.18.0/STM32CubeIDE/plugins/com.st.stm32cube.ide.mcu.externaltools.gnu-tools-for-stm32.13.3.rel1.win32_1.0.0.202411081344/tools/bin/../lib/gcc/arm-none-eabi/13.3.1/../../../../arm-none-eabi/lib/thumb/v7e-m+fp/hard\libnosys.a
END GROUP
LOAD C:/ST/STM32CubeIDE_1.18.0/STM32CubeIDE/plugins/com.st.stm32cube.ide.mcu.externaltools.gnu-tools-for-stm32.13.3.rel1.win32_1.0.0.202411081344/tools/bin/../lib/gcc/arm-none-eabi/13.3.1/thumb/v7e-m+fp/hard/crtend.o
LOAD C:/ST/STM32CubeIDE_1.18.0/STM32CubeIDE/plugins/com.st.stm32cube.ide.mcu.externaltools.gnu-tools-for-stm32.13.3.rel1.win32_1.0.0.202411081344/tools/bin/../lib/gcc/arm-none-eabi/13.3.1/thumb/v7e-m+fp/hard/crtn.o
                0x20040000                        _estack = (ORIGIN (RAM) + LENGTH (RAM))
                0x00000200                        _Min_Heap_Size = 0x200
                0x00000400                        _Min_Stack_Size = 0x400

.isr_vector     0x08000000      0x1ac
                0x08000000                        . = ALIGN (0x4)
 *(.isr_vector)
 .isr_vector    0x08000000      0x1ac ./Core/Startup/startup_stm32l496agix.o
                0x08000000                g_pfnVectors
                0x080001ac                        . = ALIGN (0x4)

.text           0x080001ac     0xe194
                0x080001ac                        . = ALIGN (0x4)
 *(.text)
 .text          0x080001ac       0x40 C:/ST/STM32CubeIDE_1.18.0/STM32CubeIDE/plugins/com.st.stm32cube.ide.mcu.externaltools.gnu-tools-for-stm32.13.3.rel1.win32_1.0.0.202411081344/tools/bin/../lib/gcc/arm-none-eabi/13.3.1/thumb/v7e-m+fp/hard/crtbegin.o
 .text          0x080001ec       0x30 C:/ST/STM32CubeIDE_1.18.0/STM32CubeIDE/plugins/com.st.stm32cube.ide.mcu.externaltools.gnu-tools-for-stm32.13.3.rel1.win32_1.0.0.202411081344/tools/bin/../lib/gcc/arm-none-eabi/13.3.1/thumb/v7e-m+fp/hard\libgcc.a(_aeabi_uldivmod.o)
                0x080001ec                __aeabi_uldivmod
 .text          0x0800021c      0x2f8 C:/ST/STM32CubeIDE_1.18.0/STM32CubeIDE/plugins/com.st.stm32cube.ide.mcu.externaltools.gnu-tools-for-stm32.13.3.rel1.win32_1.0.0.202411081344/tools/bin/../lib/gcc/arm-none-eabi/13.3.1/thumb/v7e-m+fp/hard\libgcc.a(_udivmoddi4.o)
                0x0800021c                __udivmoddi4
 .text          0x08000514        0x4 C:/ST/STM32CubeIDE_1.18.0/STM32CubeIDE/plugins/com.st.stm32cube.ide.mcu.externaltools.gnu-tools-for-stm32.13.3.rel1.win32_1.0.0.202411081344/tools/bin/../lib/gcc/arm-none-eabi/13.3.1/thumb/v7e-m+fp/hard\libgcc.a(_dvmd_tls.o)
                0x08000514                __aeabi_idiv0
                0x08000514                __aeabi_ldiv0
 *(.text*)
 .text.main     0x08000518       0x74 ./Core/Src/main.o
                0x08000518                main
 .text.SystemClock_Config
                0x0800058c       0xc4 ./Core/Src/main.o
                0x0800058c                SystemClock_Config
 .text.PeriphCommonClock_Config
                0x08000650       0x6c ./Core/Src/main.o
                0x08000650                PeriphCommonClock_Config
 .text.MX_ADC1_Init
                0x080006bc       0xf0 ./Core/Src/main.o
 .text.MX_ADC2_Init
                0x080007ac       0xc8 ./Core/Src/main.o
 .text.MX_ADC3_Init
                0x08000874       0xc8 ./Core/Src/main.o
 .text.MX_DCMI_Init
                0x0800093c       0x68 ./Core/Src/main.o
 .text.MX_DFSDM1_Init
                0x080009a4       0xd8 ./Core/Src/main.o
 .text.MX_I2C1_Init
                0x08000a7c       0x80 ./Core/Src/main.o
 .text.MX_I2C2_Init
                0x08000afc       0x80 ./Core/Src/main.o
 .text.MX_LPUART1_UART_Init
                0x08000b7c       0x5c ./Core/Src/main.o
 .text.MX_USART1_UART_Init
                0x08000bd8       0x60 ./Core/Src/main.o
 .text.MX_USART2_UART_Init
                0x08000c38       0x60 ./Core/Src/main.o
 .text.MX_QUADSPI_Init
                0x08000c98       0x58 ./Core/Src/main.o
 .text.MX_RTC_Init
                0x08000cf0       0xb8 ./Core/Src/main.o
 .text.MX_SAI1_Init
                0x08000da8      0x150 ./Core/Src/main.o
 .text.MX_SDMMC1_SD_Init
                0x08000ef8       0x60 ./Core/Src/main.o
 .text.MX_SPI1_Init
                0x08000f58       0x7c ./Core/Src/main.o
 .text.MX_SPI2_Init
                0x08000fd4       0x7c ./Core/Src/main.o
 .text.MX_FMC_Init
                0x08001050      0x15c ./Core/Src/main.o
 .text.MX_GPIO_Init
                0x080011ac      0x1bc ./Core/Src/main.o
 .text.Error_Handler
                0x08001368        0xc ./Core/Src/main.o
                0x08001368                Error_Handler
 .text.HAL_MspInit
                0x08001374       0x48 ./Core/Src/stm32l4xx_hal_msp.o
                0x08001374                HAL_MspInit
 .text.HAL_ADC_MspInit
                0x080013bc      0x1a0 ./Core/Src/stm32l4xx_hal_msp.o
                0x080013bc                HAL_ADC_MspInit
 .text.HAL_DCMI_MspInit
                0x0800155c      0x100 ./Core/Src/stm32l4xx_hal_msp.o
                0x0800155c                HAL_DCMI_MspInit
 .text.HAL_DFSDM_ChannelMspInit
                0x0800165c      0x110 ./Core/Src/stm32l4xx_hal_msp.o
                0x0800165c                HAL_DFSDM_ChannelMspInit
 .text.HAL_I2C_MspInit
                0x0800176c      0x18c ./Core/Src/stm32l4xx_hal_msp.o
                0x0800176c                HAL_I2C_MspInit
 .text.HAL_UART_MspInit
                0x080018f8      0x260 ./Core/Src/stm32l4xx_hal_msp.o
                0x080018f8                HAL_UART_MspInit
 .text.HAL_QSPI_MspInit
                0x08001b58       0xc4 ./Core/Src/stm32l4xx_hal_msp.o
                0x08001b58                HAL_QSPI_MspInit
 .text.HAL_RTC_MspInit
                0x08001c1c       0x64 ./Core/Src/stm32l4xx_hal_msp.o
                0x08001c1c                HAL_RTC_MspInit
 .text.HAL_SD_MspInit
                0x08001c80       0xc4 ./Core/Src/stm32l4xx_hal_msp.o
                0x08001c80                HAL_SD_MspInit
 .text.HAL_SPI_MspInit
                0x08001d44      0x160 ./Core/Src/stm32l4xx_hal_msp.o
                0x08001d44                HAL_SPI_MspInit
 .text.HAL_FMC_MspInit
                0x08001ea4       0xdc ./Core/Src/stm32l4xx_hal_msp.o
 .text.HAL_SRAM_MspInit
                0x08001f80       0x14 ./Core/Src/stm32l4xx_hal_msp.o
                0x08001f80                HAL_SRAM_MspInit
 .text.HAL_SAI_MspInit
                0x08001f94       0xf4 ./Core/Src/stm32l4xx_hal_msp.o
                0x08001f94                HAL_SAI_MspInit
 .text.NMI_Handler
                0x08002088        0x8 ./Core/Src/stm32l4xx_it.o
                0x08002088                NMI_Handler
 .text.HardFault_Handler
                0x08002090        0x8 ./Core/Src/stm32l4xx_it.o
                0x08002090                HardFault_Handler
 .text.MemManage_Handler
                0x08002098        0x8 ./Core/Src/stm32l4xx_it.o
                0x08002098                MemManage_Handler
 .text.BusFault_Handler
                0x080020a0        0x8 ./Core/Src/stm32l4xx_it.o
                0x080020a0                BusFault_Handler
 .text.UsageFault_Handler
                0x080020a8        0x8 ./Core/Src/stm32l4xx_it.o
                0x080020a8                UsageFault_Handler
 .text.SVC_Handler
                0x080020b0        0xe ./Core/Src/stm32l4xx_it.o
                0x080020b0                SVC_Handler
 .text.DebugMon_Handler
                0x080020be        0xe ./Core/Src/stm32l4xx_it.o
                0x080020be                DebugMon_Handler
 .text.PendSV_Handler
                0x080020cc        0xe ./Core/Src/stm32l4xx_it.o
                0x080020cc                PendSV_Handler
 .text.SysTick_Handler
                0x080020da        0xc ./Core/Src/stm32l4xx_it.o
                0x080020da                SysTick_Handler
 *fill*         0x080020e6        0x2 
 .text.OTG_FS_IRQHandler
                0x080020e8       0x14 ./Core/Src/stm32l4xx_it.o
                0x080020e8                OTG_FS_IRQHandler
 .text.SystemInit
                0x080020fc       0x24 ./Core/Src/system_stm32l4xx.o
                0x080020fc                SystemInit
 .text.Reset_Handler
                0x08002120       0x50 ./Core/Startup/startup_stm32l496agix.o
                0x08002120                Reset_Handler
 .text.Default_Handler
                0x08002170        0x2 ./Core/Startup/startup_stm32l496agix.o
                0x08002170                RTC_Alarm_IRQHandler
                0x08002170                EXTI2_IRQHandler
                0x08002170                TIM8_TRG_COM_IRQHandler
                0x08002170                TIM8_CC_IRQHandler
                0x08002170                TIM1_CC_IRQHandler
                0x08002170                TSC_IRQHandler
                0x08002170                TAMP_STAMP_IRQHandler
                0x08002170                CAN2_RX1_IRQHandler
                0x08002170                EXTI3_IRQHandler
                0x08002170                LPTIM2_IRQHandler
                0x08002170                DFSDM1_FLT1_IRQHandler
                0x08002170                I2C3_ER_IRQHandler
                0x08002170                DFSDM1_FLT2_IRQHandler
                0x08002170                EXTI0_IRQHandler
                0x08002170                I2C2_EV_IRQHandler
                0x08002170                CAN1_RX0_IRQHandler
                0x08002170                FPU_IRQHandler
                0x08002170                TIM1_UP_TIM16_IRQHandler
                0x08002170                CAN2_SCE_IRQHandler
                0x08002170                ADC1_2_IRQHandler
                0x08002170                SPI1_IRQHandler
                0x08002170                TIM6_DAC_IRQHandler
                0x08002170                DCMI_IRQHandler
                0x08002170                CAN2_RX0_IRQHandler
                0x08002170                TIM8_UP_IRQHandler
                0x08002170                DMA2_Channel2_IRQHandler
                0x08002170                DMA1_Channel4_IRQHandler
                0x08002170                SAI2_IRQHandler
                0x08002170                DFSDM1_FLT3_IRQHandler
                0x08002170                USART3_IRQHandler
                0x08002170                DMA1_Channel7_IRQHandler
                0x08002170                CAN1_RX1_IRQHandler
                0x08002170                LCD_IRQHandler
                0x08002170                UART5_IRQHandler
                0x08002170                ADC3_IRQHandler
                0x08002170                TIM4_IRQHandler
                0x08002170                DMA2_Channel1_IRQHandler
                0x08002170                QUADSPI_IRQHandler
                0x08002170                I2C1_EV_IRQHandler
                0x08002170                DMA1_Channel6_IRQHandler
                0x08002170                UART4_IRQHandler
                0x08002170                DMA2_Channel4_IRQHandler
                0x08002170                TIM3_IRQHandler
                0x08002170                RCC_IRQHandler
                0x08002170                DMA1_Channel1_IRQHandler
                0x08002170                Default_Handler
                0x08002170                DMA2_Channel7_IRQHandler
                0x08002170                EXTI15_10_IRQHandler
                0x08002170                TIM7_IRQHandler
                0x08002170                SDMMC1_IRQHandler
                0x08002170                CAN2_TX_IRQHandler
                0x08002170                TIM5_IRQHandler
                0x08002170                I2C3_EV_IRQHandler
                0x08002170                EXTI9_5_IRQHandler
                0x08002170                RTC_WKUP_IRQHandler
                0x08002170                PVD_PVM_IRQHandler
                0x08002170                SPI2_IRQHandler
                0x08002170                CAN1_TX_IRQHandler
                0x08002170                DMA2_Channel5_IRQHandler
                0x08002170                CRS_IRQHandler
                0x08002170                DMA1_Channel5_IRQHandler
                0x08002170                EXTI4_IRQHandler
                0x08002170                RNG_IRQHandler
                0x08002170                TIM1_TRG_COM_TIM17_IRQHandler
                0x08002170                DMA1_Channel3_IRQHandler
                0x08002170                COMP_IRQHandler
                0x08002170                WWDG_IRQHandler
                0x08002170                I2C4_EV_IRQHandler
                0x08002170                LPUART1_IRQHandler
                0x08002170                DMA2_Channel6_IRQHandler
                0x08002170                TIM2_IRQHandler
                0x08002170                EXTI1_IRQHandler
                0x08002170                USART2_IRQHandler
                0x08002170                DFSDM1_FLT0_IRQHandler
                0x08002170                I2C2_ER_IRQHandler
                0x08002170                DMA1_Channel2_IRQHandler
                0x08002170                TIM8_BRK_IRQHandler
                0x08002170                CAN1_SCE_IRQHandler
                0x08002170                FLASH_IRQHandler
                0x08002170                USART1_IRQHandler
                0x08002170                SPI3_IRQHandler
                0x08002170                I2C1_ER_IRQHandler
                0x08002170                FMC_IRQHandler
                0x08002170                SWPMI1_IRQHandler
                0x08002170                LPTIM1_IRQHandler
                0x08002170                I2C4_ER_IRQHandler
                0x08002170                SAI1_IRQHandler
                0x08002170                DMA2_Channel3_IRQHandler
                0x08002170                TIM1_BRK_TIM15_IRQHandler
 .text.HAL_Init
                0x08002172       0x30 ./Drivers/STM32L4xx_HAL_Driver/Src/stm32l4xx_hal.o
                0x08002172                HAL_Init
 *fill*         0x080021a2        0x2 
 .text.HAL_InitTick
                0x080021a4       0x78 ./Drivers/STM32L4xx_HAL_Driver/Src/stm32l4xx_hal.o
                0x080021a4                HAL_InitTick
 .text.HAL_IncTick
                0x0800221c       0x28 ./Drivers/STM32L4xx_HAL_Driver/Src/stm32l4xx_hal.o
                0x0800221c                HAL_IncTick
 .text.HAL_GetTick
                0x08002244       0x18 ./Drivers/STM32L4xx_HAL_Driver/Src/stm32l4xx_hal.o
                0x08002244                HAL_GetTick
 .text.HAL_Delay
                0x0800225c       0x48 ./Drivers/STM32L4xx_HAL_Driver/Src/stm32l4xx_hal.o
                0x0800225c                HAL_Delay
 .text.LL_ADC_SetCommonClock
                0x080022a4       0x26 ./Drivers/STM32L4xx_HAL_Driver/Src/stm32l4xx_hal_adc.o
 .text.LL_ADC_SetCommonPathInternalCh
                0x080022ca       0x26 ./Drivers/STM32L4xx_HAL_Driver/Src/stm32l4xx_hal_adc.o
 .text.LL_ADC_GetCommonPathInternalCh
                0x080022f0       0x1c ./Drivers/STM32L4xx_HAL_Driver/Src/stm32l4xx_hal_adc.o
 .text.LL_ADC_SetOffset
                0x0800230c       0x48 ./Drivers/STM32L4xx_HAL_Driver/Src/stm32l4xx_hal_adc.o
 .text.LL_ADC_GetOffsetChannel
                0x08002354       0x2c ./Drivers/STM32L4xx_HAL_Driver/Src/stm32l4xx_hal_adc.o
 .text.LL_ADC_SetOffsetState
                0x08002380       0x36 ./Drivers/STM32L4xx_HAL_Driver/Src/stm32l4xx_hal_adc.o
 .text.LL_ADC_SetSamplingTimeCommonConfig
                0x080023b6       0x26 ./Drivers/STM32L4xx_HAL_Driver/Src/stm32l4xx_hal_adc.o
 .text.LL_ADC_REG_SetSequencerRanks
                0x080023dc       0x58 ./Drivers/STM32L4xx_HAL_Driver/Src/stm32l4xx_hal_adc.o
 .text.LL_ADC_SetChannelSamplingTime
                0x08002434       0x56 ./Drivers/STM32L4xx_HAL_Driver/Src/stm32l4xx_hal_adc.o
 *fill*         0x0800248a        0x2 
 .text.LL_ADC_SetChannelSingleDiff
                0x0800248c       0x48 ./Drivers/STM32L4xx_HAL_Driver/Src/stm32l4xx_hal_adc.o
 .text.LL_ADC_DisableDeepPowerDown
                0x080024d4       0x24 ./Drivers/STM32L4xx_HAL_Driver/Src/stm32l4xx_hal_adc.o
 .text.LL_ADC_IsDeepPowerDownEnabled
                0x080024f8       0x28 ./Drivers/STM32L4xx_HAL_Driver/Src/stm32l4xx_hal_adc.o
 .text.LL_ADC_EnableInternalRegulator
                0x08002520       0x28 ./Drivers/STM32L4xx_HAL_Driver/Src/stm32l4xx_hal_adc.o
 .text.LL_ADC_IsInternalRegulatorEnabled
                0x08002548       0x28 ./Drivers/STM32L4xx_HAL_Driver/Src/stm32l4xx_hal_adc.o
 .text.LL_ADC_IsEnabled
                0x08002570       0x26 ./Drivers/STM32L4xx_HAL_Driver/Src/stm32l4xx_hal_adc.o
 .text.LL_ADC_REG_IsConversionOngoing
                0x08002596       0x26 ./Drivers/STM32L4xx_HAL_Driver/Src/stm32l4xx_hal_adc.o
 .text.LL_ADC_INJ_IsConversionOngoing
                0x080025bc       0x26 ./Drivers/STM32L4xx_HAL_Driver/Src/stm32l4xx_hal_adc.o
 *fill*         0x080025e2        0x2 
 .text.HAL_ADC_Init
                0x080025e4      0x2a8 ./Drivers/STM32L4xx_HAL_Driver/Src/stm32l4xx_hal_adc.o
                0x080025e4                HAL_ADC_Init
 .text.HAL_ADC_ConfigChannel
                0x0800288c      0x818 ./Drivers/STM32L4xx_HAL_Driver/Src/stm32l4xx_hal_adc.o
                0x0800288c                HAL_ADC_ConfigChannel
 .text.LL_ADC_IsEnabled
                0x080030a4       0x26 ./Drivers/STM32L4xx_HAL_Driver/Src/stm32l4xx_hal_adc_ex.o
 .text.LL_ADC_REG_IsConversionOngoing
                0x080030ca       0x26 ./Drivers/STM32L4xx_HAL_Driver/Src/stm32l4xx_hal_adc_ex.o
 .text.HAL_ADCEx_MultiModeConfigChannel
                0x080030f0      0x160 ./Drivers/STM32L4xx_HAL_Driver/Src/stm32l4xx_hal_adc_ex.o
                0x080030f0                HAL_ADCEx_MultiModeConfigChannel
 .text.__NVIC_SetPriorityGrouping
                0x08003250       0x48 ./Drivers/STM32L4xx_HAL_Driver/Src/stm32l4xx_hal_cortex.o
 .text.__NVIC_GetPriorityGrouping
                0x08003298       0x1c ./Drivers/STM32L4xx_HAL_Driver/Src/stm32l4xx_hal_cortex.o
 .text.__NVIC_EnableIRQ
                0x080032b4       0x3c ./Drivers/STM32L4xx_HAL_Driver/Src/stm32l4xx_hal_cortex.o
 .text.__NVIC_SetPriority
                0x080032f0       0x54 ./Drivers/STM32L4xx_HAL_Driver/Src/stm32l4xx_hal_cortex.o
 .text.NVIC_EncodePriority
                0x08003344       0x66 ./Drivers/STM32L4xx_HAL_Driver/Src/stm32l4xx_hal_cortex.o
 *fill*         0x080033aa        0x2 
 .text.SysTick_Config
                0x080033ac       0x44 ./Drivers/STM32L4xx_HAL_Driver/Src/stm32l4xx_hal_cortex.o
 .text.HAL_NVIC_SetPriorityGrouping
                0x080033f0       0x16 ./Drivers/STM32L4xx_HAL_Driver/Src/stm32l4xx_hal_cortex.o
                0x080033f0                HAL_NVIC_SetPriorityGrouping
 .text.HAL_NVIC_SetPriority
                0x08003406       0x38 ./Drivers/STM32L4xx_HAL_Driver/Src/stm32l4xx_hal_cortex.o
                0x08003406                HAL_NVIC_SetPriority
 .text.HAL_NVIC_EnableIRQ
                0x0800343e       0x1c ./Drivers/STM32L4xx_HAL_Driver/Src/stm32l4xx_hal_cortex.o
                0x0800343e                HAL_NVIC_EnableIRQ
 .text.HAL_SYSTICK_Config
                0x0800345a       0x18 ./Drivers/STM32L4xx_HAL_Driver/Src/stm32l4xx_hal_cortex.o
                0x0800345a                HAL_SYSTICK_Config
 *fill*         0x08003472        0x2 
 .text.HAL_DCMI_Init
                0x08003474      0x10c ./Drivers/STM32L4xx_HAL_Driver/Src/stm32l4xx_hal_dcmi.o
                0x08003474                HAL_DCMI_Init
 .text.HAL_DFSDM_ChannelInit
                0x08003580      0x180 ./Drivers/STM32L4xx_HAL_Driver/Src/stm32l4xx_hal_dfsdm.o
                0x08003580                HAL_DFSDM_ChannelInit
 .text.DFSDM_GetChannelFromInstance
                0x08003700       0x98 ./Drivers/STM32L4xx_HAL_Driver/Src/stm32l4xx_hal_dfsdm.o
 .text.HAL_GPIO_Init
                0x08003798      0x324 ./Drivers/STM32L4xx_HAL_Driver/Src/stm32l4xx_hal_gpio.o
                0x08003798                HAL_GPIO_Init
 .text.HAL_GPIO_WritePin
                0x08003abc       0x30 ./Drivers/STM32L4xx_HAL_Driver/Src/stm32l4xx_hal_gpio.o
                0x08003abc                HAL_GPIO_WritePin
 .text.HAL_GPIO_TogglePin
                0x08003aec       0x34 ./Drivers/STM32L4xx_HAL_Driver/Src/stm32l4xx_hal_gpio.o
                0x08003aec                HAL_GPIO_TogglePin
 .text.HAL_I2C_Init
                0x08003b20      0x136 ./Drivers/STM32L4xx_HAL_Driver/Src/stm32l4xx_hal_i2c.o
                0x08003b20                HAL_I2C_Init
 .text.HAL_I2CEx_ConfigAnalogFilter
                0x08003c56       0x96 ./Drivers/STM32L4xx_HAL_Driver/Src/stm32l4xx_hal_i2c_ex.o
                0x08003c56                HAL_I2CEx_ConfigAnalogFilter
 .text.HAL_I2CEx_ConfigDigitalFilter
                0x08003cec       0x98 ./Drivers/STM32L4xx_HAL_Driver/Src/stm32l4xx_hal_i2c_ex.o
                0x08003cec                HAL_I2CEx_ConfigDigitalFilter
 .text.HAL_PCD_Init
                0x08003d84      0x21e ./Drivers/STM32L4xx_HAL_Driver/Src/stm32l4xx_hal_pcd.o
                0x08003d84                HAL_PCD_Init
 .text.HAL_PCD_Start
                0x08003fa2       0x5e ./Drivers/STM32L4xx_HAL_Driver/Src/stm32l4xx_hal_pcd.o
                0x08003fa2                HAL_PCD_Start
 .text.HAL_PCD_IRQHandler
                0x08004000      0x92c ./Drivers/STM32L4xx_HAL_Driver/Src/stm32l4xx_hal_pcd.o
                0x08004000                HAL_PCD_IRQHandler
 .text.HAL_PCD_SetAddress
                0x0800492c       0x48 ./Drivers/STM32L4xx_HAL_Driver/Src/stm32l4xx_hal_pcd.o
                0x0800492c                HAL_PCD_SetAddress
 .text.HAL_PCD_EP_Open
                0x08004974       0xd4 ./Drivers/STM32L4xx_HAL_Driver/Src/stm32l4xx_hal_pcd.o
                0x08004974                HAL_PCD_EP_Open
 .text.HAL_PCD_EP_Close
                0x08004a48       0x94 ./Drivers/STM32L4xx_HAL_Driver/Src/stm32l4xx_hal_pcd.o
                0x08004a48                HAL_PCD_EP_Close
 .text.HAL_PCD_EP_Receive
                0x08004adc       0x64 ./Drivers/STM32L4xx_HAL_Driver/Src/stm32l4xx_hal_pcd.o
                0x08004adc                HAL_PCD_EP_Receive
 .text.HAL_PCD_EP_GetRxCount
                0x08004b40       0x30 ./Drivers/STM32L4xx_HAL_Driver/Src/stm32l4xx_hal_pcd.o
                0x08004b40                HAL_PCD_EP_GetRxCount
 .text.HAL_PCD_EP_Transmit
                0x08004b70       0x62 ./Drivers/STM32L4xx_HAL_Driver/Src/stm32l4xx_hal_pcd.o
                0x08004b70                HAL_PCD_EP_Transmit
 .text.HAL_PCD_EP_SetStall
                0x08004bd2       0xc4 ./Drivers/STM32L4xx_HAL_Driver/Src/stm32l4xx_hal_pcd.o
                0x08004bd2                HAL_PCD_EP_SetStall
 .text.HAL_PCD_EP_ClrStall
                0x08004c96       0xac ./Drivers/STM32L4xx_HAL_Driver/Src/stm32l4xx_hal_pcd.o
                0x08004c96                HAL_PCD_EP_ClrStall
 .text.HAL_PCD_EP_Abort
                0x08004d42       0x62 ./Drivers/STM32L4xx_HAL_Driver/Src/stm32l4xx_hal_pcd.o
                0x08004d42                HAL_PCD_EP_Abort
 .text.PCD_WriteEmptyTxFifo
                0x08004da4      0x110 ./Drivers/STM32L4xx_HAL_Driver/Src/stm32l4xx_hal_pcd.o
 .text.PCD_EP_OutXfrComplete_int
                0x08004eb4       0x9c ./Drivers/STM32L4xx_HAL_Driver/Src/stm32l4xx_hal_pcd.o
 .text.PCD_EP_OutSetupPacket_int
                0x08004f50       0x68 ./Drivers/STM32L4xx_HAL_Driver/Src/stm32l4xx_hal_pcd.o
 .text.HAL_PCDEx_SetTxFiFo
                0x08004fb8       0x8e ./Drivers/STM32L4xx_HAL_Driver/Src/stm32l4xx_hal_pcd_ex.o
                0x08004fb8                HAL_PCDEx_SetTxFiFo
 .text.HAL_PCDEx_SetRxFiFo
                0x08005046       0x22 ./Drivers/STM32L4xx_HAL_Driver/Src/stm32l4xx_hal_pcd_ex.o
                0x08005046                HAL_PCDEx_SetRxFiFo
 .text.HAL_PCDEx_ActivateLPM
                0x08005068       0x48 ./Drivers/STM32L4xx_HAL_Driver/Src/stm32l4xx_hal_pcd_ex.o
                0x08005068                HAL_PCDEx_ActivateLPM
 .text.HAL_PWR_EnableBkUpAccess
                0x080050b0       0x20 ./Drivers/STM32L4xx_HAL_Driver/Src/stm32l4xx_hal_pwr.o
                0x080050b0                HAL_PWR_EnableBkUpAccess
 .text.HAL_PWREx_GetVoltageRange
                0x080050d0       0x1c ./Drivers/STM32L4xx_HAL_Driver/Src/stm32l4xx_hal_pwr_ex.o
                0x080050d0                HAL_PWREx_GetVoltageRange
 .text.HAL_PWREx_ControlVoltageScaling
                0x080050ec       0xac ./Drivers/STM32L4xx_HAL_Driver/Src/stm32l4xx_hal_pwr_ex.o
                0x080050ec                HAL_PWREx_ControlVoltageScaling
 .text.HAL_PWREx_EnableVddUSB
                0x08005198       0x20 ./Drivers/STM32L4xx_HAL_Driver/Src/stm32l4xx_hal_pwr_ex.o
                0x08005198                HAL_PWREx_EnableVddUSB
 .text.HAL_PWREx_EnableVddIO2
                0x080051b8       0x20 ./Drivers/STM32L4xx_HAL_Driver/Src/stm32l4xx_hal_pwr_ex.o
                0x080051b8                HAL_PWREx_EnableVddIO2
 .text.HAL_QSPI_Init
                0x080051d8       0xf8 ./Drivers/STM32L4xx_HAL_Driver/Src/stm32l4xx_hal_qspi.o
                0x080051d8                HAL_QSPI_Init
 .text.HAL_QSPI_SetTimeout
                0x080052d0       0x1c ./Drivers/STM32L4xx_HAL_Driver/Src/stm32l4xx_hal_qspi.o
                0x080052d0                HAL_QSPI_SetTimeout
 .text.QSPI_WaitFlagStateUntilTimeout
                0x080052ec       0x6e ./Drivers/STM32L4xx_HAL_Driver/Src/stm32l4xx_hal_qspi.o
 *fill*         0x0800535a        0x2 
 .text.HAL_RCC_OscConfig
                0x0800535c      0x834 ./Drivers/STM32L4xx_HAL_Driver/Src/stm32l4xx_hal_rcc.o
                0x0800535c                HAL_RCC_OscConfig
 .text.HAL_RCC_ClockConfig
                0x08005b90      0x200 ./Drivers/STM32L4xx_HAL_Driver/Src/stm32l4xx_hal_rcc.o
                0x08005b90                HAL_RCC_ClockConfig
 .text.HAL_RCC_GetSysClockFreq
                0x08005d90      0x118 ./Drivers/STM32L4xx_HAL_Driver/Src/stm32l4xx_hal_rcc.o
                0x08005d90                HAL_RCC_GetSysClockFreq
 .text.HAL_RCC_GetHCLKFreq
                0x08005ea8       0x18 ./Drivers/STM32L4xx_HAL_Driver/Src/stm32l4xx_hal_rcc.o
                0x08005ea8                HAL_RCC_GetHCLKFreq
 .text.HAL_RCC_GetPCLK1Freq
                0x08005ec0       0x2c ./Drivers/STM32L4xx_HAL_Driver/Src/stm32l4xx_hal_rcc.o
                0x08005ec0                HAL_RCC_GetPCLK1Freq
 .text.HAL_RCC_GetPCLK2Freq
                0x08005eec       0x2c ./Drivers/STM32L4xx_HAL_Driver/Src/stm32l4xx_hal_rcc.o
                0x08005eec                HAL_RCC_GetPCLK2Freq
 .text.RCC_SetFlashLatencyFromMSIRange
                0x08005f18       0xc0 ./Drivers/STM32L4xx_HAL_Driver/Src/stm32l4xx_hal_rcc.o
 .text.HAL_RCCEx_PeriphCLKConfig
                0x08005fd8      0x5f8 ./Drivers/STM32L4xx_HAL_Driver/Src/stm32l4xx_hal_rcc_ex.o
                0x08005fd8                HAL_RCCEx_PeriphCLKConfig
 .text.HAL_RCCEx_GetPeriphCLKFreq
                0x080065d0      0xb70 ./Drivers/STM32L4xx_HAL_Driver/Src/stm32l4xx_hal_rcc_ex.o
                0x080065d0                HAL_RCCEx_GetPeriphCLKFreq
 .text.HAL_RCCEx_EnableMSIPLLMode
                0x08007140       0x20 ./Drivers/STM32L4xx_HAL_Driver/Src/stm32l4xx_hal_rcc_ex.o
                0x08007140                HAL_RCCEx_EnableMSIPLLMode
 .text.RCCEx_PLLSAI1_Config
                0x08007160      0x1e4 ./Drivers/STM32L4xx_HAL_Driver/Src/stm32l4xx_hal_rcc_ex.o
 .text.RCCEx_PLLSAI2_Config
                0x08007344      0x1b8 ./Drivers/STM32L4xx_HAL_Driver/Src/stm32l4xx_hal_rcc_ex.o
 .text.RCCEx_GetSAIxPeriphCLKFreq
                0x080074fc      0x204 ./Drivers/STM32L4xx_HAL_Driver/Src/stm32l4xx_hal_rcc_ex.o
 .text.HAL_RTC_Init
                0x08007700      0x110 ./Drivers/STM32L4xx_HAL_Driver/Src/stm32l4xx_hal_rtc.o
                0x08007700                HAL_RTC_Init
 .text.HAL_RTC_SetTime
                0x08007810      0x13a ./Drivers/STM32L4xx_HAL_Driver/Src/stm32l4xx_hal_rtc.o
                0x08007810                HAL_RTC_SetTime
 .text.HAL_RTC_SetDate
                0x0800794a      0x10e ./Drivers/STM32L4xx_HAL_Driver/Src/stm32l4xx_hal_rtc.o
                0x0800794a                HAL_RTC_SetDate
 .text.HAL_RTC_WaitForSynchro
                0x08007a58       0x48 ./Drivers/STM32L4xx_HAL_Driver/Src/stm32l4xx_hal_rtc.o
                0x08007a58                HAL_RTC_WaitForSynchro
 .text.RTC_EnterInitMode
                0x08007aa0       0x66 ./Drivers/STM32L4xx_HAL_Driver/Src/stm32l4xx_hal_rtc.o
                0x08007aa0                RTC_EnterInitMode
 *fill*         0x08007b06        0x2 
 .text.RTC_ExitInitMode
                0x08007b08       0x7c ./Drivers/STM32L4xx_HAL_Driver/Src/stm32l4xx_hal_rtc.o
                0x08007b08                RTC_ExitInitMode
 .text.RTC_ByteToBcd2
                0x08007b84       0x40 ./Drivers/STM32L4xx_HAL_Driver/Src/stm32l4xx_hal_rtc.o
                0x08007b84                RTC_ByteToBcd2
 .text.HAL_SAI_Init
                0x08007bc4      0x2e4 ./Drivers/STM32L4xx_HAL_Driver/Src/stm32l4xx_hal_sai.o
                0x08007bc4                HAL_SAI_Init
 .text.SAI_Disable
                0x08007ea8       0x74 ./Drivers/STM32L4xx_HAL_Driver/Src/stm32l4xx_hal_sai.o
 .text.HAL_SD_Init
                0x08007f1c       0x76 ./Drivers/STM32L4xx_HAL_Driver/Src/stm32l4xx_hal_sd.o
                0x08007f1c                HAL_SD_Init
 *fill*         0x08007f92        0x2 
 .text.HAL_SD_InitCard
                0x08007f94      0x14c ./Drivers/STM32L4xx_HAL_Driver/Src/stm32l4xx_hal_sd.o
                0x08007f94                HAL_SD_InitCard
 .text.HAL_SD_GetCardCSD
                0x080080e0      0x348 ./Drivers/STM32L4xx_HAL_Driver/Src/stm32l4xx_hal_sd.o
                0x080080e0                HAL_SD_GetCardCSD
 .text.HAL_SD_ConfigWideBusOperation
                0x08008428      0x178 ./Drivers/STM32L4xx_HAL_Driver/Src/stm32l4xx_hal_sd.o
                0x08008428                HAL_SD_ConfigWideBusOperation
 .text.SD_InitCard
                0x080085a0      0x180 ./Drivers/STM32L4xx_HAL_Driver/Src/stm32l4xx_hal_sd.o
 .text.SD_PowerON
                0x08008720      0x11c ./Drivers/STM32L4xx_HAL_Driver/Src/stm32l4xx_hal_sd.o
 .text.SD_WideBus_Enable
                0x0800883c       0x96 ./Drivers/STM32L4xx_HAL_Driver/Src/stm32l4xx_hal_sd.o
 .text.SD_WideBus_Disable
                0x080088d2       0x96 ./Drivers/STM32L4xx_HAL_Driver/Src/stm32l4xx_hal_sd.o
 .text.SD_FindSCR
                0x08008968      0x194 ./Drivers/STM32L4xx_HAL_Driver/Src/stm32l4xx_hal_sd.o
 .text.HAL_SPI_Init
                0x08008afc      0x146 ./Drivers/STM32L4xx_HAL_Driver/Src/stm32l4xx_hal_spi.o
                0x08008afc                HAL_SPI_Init
 .text.HAL_SRAM_Init
                0x08008c42       0x90 ./Drivers/STM32L4xx_HAL_Driver/Src/stm32l4xx_hal_sram.o
                0x08008c42                HAL_SRAM_Init
 .text.HAL_UART_Init
                0x08008cd2       0x9c ./Drivers/STM32L4xx_HAL_Driver/Src/stm32l4xx_hal_uart.o
                0x08008cd2                HAL_UART_Init
 *fill*         0x08008d6e        0x2 
 .text.UART_SetConfig
                0x08008d70      0x570 ./Drivers/STM32L4xx_HAL_Driver/Src/stm32l4xx_hal_uart.o
                0x08008d70                UART_SetConfig
 .text.UART_AdvFeatureConfig
                0x080092e0      0x144 ./Drivers/STM32L4xx_HAL_Driver/Src/stm32l4xx_hal_uart.o
                0x080092e0                UART_AdvFeatureConfig
 .text.UART_CheckIdleState
                0x08009424      0x150 ./Drivers/STM32L4xx_HAL_Driver/Src/stm32l4xx_hal_uart.o
                0x08009424                UART_CheckIdleState
 .text.UART_WaitOnFlagUntilTimeout
                0x08009574       0xda ./Drivers/STM32L4xx_HAL_Driver/Src/stm32l4xx_hal_uart.o
                0x08009574                UART_WaitOnFlagUntilTimeout
 .text.UART_EndRxTransfer
                0x0800964e       0xc8 ./Drivers/STM32L4xx_HAL_Driver/Src/stm32l4xx_hal_uart.o
 *fill*         0x08009716        0x2 
 .text.FMC_NORSRAM_Init
                0x08009718      0x120 ./Drivers/STM32L4xx_HAL_Driver/Src/stm32l4xx_ll_fmc.o
                0x08009718                FMC_NORSRAM_Init
 .text.FMC_NORSRAM_Timing_Init
                0x08009838       0x92 ./Drivers/STM32L4xx_HAL_Driver/Src/stm32l4xx_ll_fmc.o
                0x08009838                FMC_NORSRAM_Timing_Init
 *fill*         0x080098ca        0x2 
 .text.FMC_NORSRAM_Extended_Timing_Init
                0x080098cc       0x70 ./Drivers/STM32L4xx_HAL_Driver/Src/stm32l4xx_ll_fmc.o
                0x080098cc                FMC_NORSRAM_Extended_Timing_Init
 .text.SDMMC_Init
                0x0800993c       0x5a ./Drivers/STM32L4xx_HAL_Driver/Src/stm32l4xx_ll_sdmmc.o
                0x0800993c                SDMMC_Init
 .text.SDMMC_ReadFIFO
                0x08009996       0x1a ./Drivers/STM32L4xx_HAL_Driver/Src/stm32l4xx_ll_sdmmc.o
                0x08009996                SDMMC_ReadFIFO
 .text.SDMMC_PowerState_ON
                0x080099b0       0x1e ./Drivers/STM32L4xx_HAL_Driver/Src/stm32l4xx_ll_sdmmc.o
                0x080099b0                SDMMC_PowerState_ON
 .text.SDMMC_GetPowerState
                0x080099ce       0x1c ./Drivers/STM32L4xx_HAL_Driver/Src/stm32l4xx_ll_sdmmc.o
                0x080099ce                SDMMC_GetPowerState
 .text.SDMMC_SendCommand
                0x080099ea       0x54 ./Drivers/STM32L4xx_HAL_Driver/Src/stm32l4xx_ll_sdmmc.o
                0x080099ea                SDMMC_SendCommand
 .text.SDMMC_GetCommandResponse
                0x08009a3e       0x1a ./Drivers/STM32L4xx_HAL_Driver/Src/stm32l4xx_ll_sdmmc.o
                0x08009a3e                SDMMC_GetCommandResponse
 .text.SDMMC_GetResponse
                0x08009a58       0x26 ./Drivers/STM32L4xx_HAL_Driver/Src/stm32l4xx_ll_sdmmc.o
                0x08009a58                SDMMC_GetResponse
 .text.SDMMC_ConfigData
                0x08009a7e       0x58 ./Drivers/STM32L4xx_HAL_Driver/Src/stm32l4xx_ll_sdmmc.o
                0x08009a7e                SDMMC_ConfigData
 .text.SDMMC_CmdBlockLength
                0x08009ad6       0x44 ./Drivers/STM32L4xx_HAL_Driver/Src/stm32l4xx_ll_sdmmc.o
                0x08009ad6                SDMMC_CmdBlockLength
 .text.SDMMC_CmdSelDesel
                0x08009b1a       0x46 ./Drivers/STM32L4xx_HAL_Driver/Src/stm32l4xx_ll_sdmmc.o
                0x08009b1a                SDMMC_CmdSelDesel
 .text.SDMMC_CmdGoIdleState
                0x08009b60       0x3c ./Drivers/STM32L4xx_HAL_Driver/Src/stm32l4xx_ll_sdmmc.o
                0x08009b60                SDMMC_CmdGoIdleState
 .text.SDMMC_CmdOperCond
                0x08009b9c       0x3e ./Drivers/STM32L4xx_HAL_Driver/Src/stm32l4xx_ll_sdmmc.o
                0x08009b9c                SDMMC_CmdOperCond
 .text.SDMMC_CmdAppCommand
                0x08009bda       0x44 ./Drivers/STM32L4xx_HAL_Driver/Src/stm32l4xx_ll_sdmmc.o
                0x08009bda                SDMMC_CmdAppCommand
 .text.SDMMC_CmdAppOperCommand
                0x08009c1e       0x46 ./Drivers/STM32L4xx_HAL_Driver/Src/stm32l4xx_ll_sdmmc.o
                0x08009c1e                SDMMC_CmdAppOperCommand
 .text.SDMMC_CmdBusWidth
                0x08009c64       0x44 ./Drivers/STM32L4xx_HAL_Driver/Src/stm32l4xx_ll_sdmmc.o
                0x08009c64                SDMMC_CmdBusWidth
 .text.SDMMC_CmdSendSCR
                0x08009ca8       0x42 ./Drivers/STM32L4xx_HAL_Driver/Src/stm32l4xx_ll_sdmmc.o
                0x08009ca8                SDMMC_CmdSendSCR
 .text.SDMMC_CmdSendCID
                0x08009cea       0x3c ./Drivers/STM32L4xx_HAL_Driver/Src/stm32l4xx_ll_sdmmc.o
                0x08009cea                SDMMC_CmdSendCID
 .text.SDMMC_CmdSendCSD
                0x08009d26       0x3e ./Drivers/STM32L4xx_HAL_Driver/Src/stm32l4xx_ll_sdmmc.o
                0x08009d26                SDMMC_CmdSendCSD
 .text.SDMMC_CmdSetRelAdd
                0x08009d64       0x42 ./Drivers/STM32L4xx_HAL_Driver/Src/stm32l4xx_ll_sdmmc.o
                0x08009d64                SDMMC_CmdSetRelAdd
 *fill*         0x08009da6        0x2 
 .text.SDMMC_GetCmdResp1
                0x08009da8      0x1dc ./Drivers/STM32L4xx_HAL_Driver/Src/stm32l4xx_ll_sdmmc.o
                0x08009da8                SDMMC_GetCmdResp1
 .text.SDMMC_GetCmdResp2
                0x08009f84       0x90 ./Drivers/STM32L4xx_HAL_Driver/Src/stm32l4xx_ll_sdmmc.o
                0x08009f84                SDMMC_GetCmdResp2
 .text.SDMMC_GetCmdResp3
                0x0800a014       0x7c ./Drivers/STM32L4xx_HAL_Driver/Src/stm32l4xx_ll_sdmmc.o
                0x0800a014                SDMMC_GetCmdResp3
 .text.SDMMC_GetCmdResp6
                0x0800a090       0xec ./Drivers/STM32L4xx_HAL_Driver/Src/stm32l4xx_ll_sdmmc.o
                0x0800a090                SDMMC_GetCmdResp6
 .text.SDMMC_GetCmdResp7
                0x0800a17c       0x9c ./Drivers/STM32L4xx_HAL_Driver/Src/stm32l4xx_ll_sdmmc.o
                0x0800a17c                SDMMC_GetCmdResp7
 .text.SDMMC_GetCmdError
                0x0800a218       0x58 ./Drivers/STM32L4xx_HAL_Driver/Src/stm32l4xx_ll_sdmmc.o
 .text.USB_CoreInit
                0x0800a270       0x5a ./Drivers/STM32L4xx_HAL_Driver/Src/stm32l4xx_ll_usb.o
                0x0800a270                USB_CoreInit
 *fill*         0x0800a2ca        0x2 
 .text.USB_SetTurnaroundTime
                0x0800a2cc      0x138 ./Drivers/STM32L4xx_HAL_Driver/Src/stm32l4xx_ll_usb.o
                0x0800a2cc                USB_SetTurnaroundTime
 .text.USB_EnableGlobalInt
                0x0800a404       0x22 ./Drivers/STM32L4xx_HAL_Driver/Src/stm32l4xx_ll_usb.o
                0x0800a404                USB_EnableGlobalInt
 .text.USB_DisableGlobalInt
                0x0800a426       0x22 ./Drivers/STM32L4xx_HAL_Driver/Src/stm32l4xx_ll_usb.o
                0x0800a426                USB_DisableGlobalInt
 .text.USB_SetCurrentMode
                0x0800a448       0x98 ./Drivers/STM32L4xx_HAL_Driver/Src/stm32l4xx_ll_usb.o
                0x0800a448                USB_SetCurrentMode
 .text.USB_DevInit
                0x0800a4e0      0x290 ./Drivers/STM32L4xx_HAL_Driver/Src/stm32l4xx_ll_usb.o
                0x0800a4e0                USB_DevInit
 .text.USB_FlushTxFifo
                0x0800a770       0x64 ./Drivers/STM32L4xx_HAL_Driver/Src/stm32l4xx_ll_usb.o
                0x0800a770                USB_FlushTxFifo
 .text.USB_FlushRxFifo
                0x0800a7d4       0x5c ./Drivers/STM32L4xx_HAL_Driver/Src/stm32l4xx_ll_usb.o
                0x0800a7d4                USB_FlushRxFifo
 .text.USB_SetDevSpeed
                0x0800a830       0x32 ./Drivers/STM32L4xx_HAL_Driver/Src/stm32l4xx_ll_usb.o
                0x0800a830                USB_SetDevSpeed
 .text.USB_GetDevSpeed
                0x0800a862       0x3e ./Drivers/STM32L4xx_HAL_Driver/Src/stm32l4xx_ll_usb.o
                0x0800a862                USB_GetDevSpeed
 .text.USB_ActivateEndpoint
                0x0800a8a0      0x10e ./Drivers/STM32L4xx_HAL_Driver/Src/stm32l4xx_ll_usb.o
                0x0800a8a0                USB_ActivateEndpoint
 *fill*         0x0800a9ae        0x2 
 .text.USB_DeactivateEndpoint
                0x0800a9b0      0x1b8 ./Drivers/STM32L4xx_HAL_Driver/Src/stm32l4xx_ll_usb.o
                0x0800a9b0                USB_DeactivateEndpoint
 .text.USB_EPStartXfer
                0x0800ab68      0x470 ./Drivers/STM32L4xx_HAL_Driver/Src/stm32l4xx_ll_usb.o
                0x0800ab68                USB_EPStartXfer
 .text.USB_EPStopXfer
                0x0800afd8      0x154 ./Drivers/STM32L4xx_HAL_Driver/Src/stm32l4xx_ll_usb.o
                0x0800afd8                USB_EPStopXfer
 .text.USB_WritePacket
                0x0800b12c       0x74 ./Drivers/STM32L4xx_HAL_Driver/Src/stm32l4xx_ll_usb.o
                0x0800b12c                USB_WritePacket
 .text.USB_ReadPacket
                0x0800b1a0       0xb0 ./Drivers/STM32L4xx_HAL_Driver/Src/stm32l4xx_ll_usb.o
                0x0800b1a0                USB_ReadPacket
 .text.USB_EPSetStall
                0x0800b250       0xdc ./Drivers/STM32L4xx_HAL_Driver/Src/stm32l4xx_ll_usb.o
                0x0800b250                USB_EPSetStall
 .text.USB_EPClearStall
                0x0800b32c       0xcc ./Drivers/STM32L4xx_HAL_Driver/Src/stm32l4xx_ll_usb.o
                0x0800b32c                USB_EPClearStall
 .text.USB_SetDevAddress
                0x0800b3f8       0x4c ./Drivers/STM32L4xx_HAL_Driver/Src/stm32l4xx_ll_usb.o
                0x0800b3f8                USB_SetDevAddress
 .text.USB_DevConnect
                0x0800b444       0x42 ./Drivers/STM32L4xx_HAL_Driver/Src/stm32l4xx_ll_usb.o
                0x0800b444                USB_DevConnect
 .text.USB_DevDisconnect
                0x0800b486       0x42 ./Drivers/STM32L4xx_HAL_Driver/Src/stm32l4xx_ll_usb.o
                0x0800b486                USB_DevDisconnect
 .text.USB_ReadInterrupts
                0x0800b4c8       0x26 ./Drivers/STM32L4xx_HAL_Driver/Src/stm32l4xx_ll_usb.o
                0x0800b4c8                USB_ReadInterrupts
 .text.USB_ReadDevAllOutEpInterrupt
                0x0800b4ee       0x34 ./Drivers/STM32L4xx_HAL_Driver/Src/stm32l4xx_ll_usb.o
                0x0800b4ee                USB_ReadDevAllOutEpInterrupt
 .text.USB_ReadDevAllInEpInterrupt
                0x0800b522       0x34 ./Drivers/STM32L4xx_HAL_Driver/Src/stm32l4xx_ll_usb.o
                0x0800b522                USB_ReadDevAllInEpInterrupt
 .text.USB_ReadDevOutEPInterrupt
                0x0800b556       0x3c ./Drivers/STM32L4xx_HAL_Driver/Src/stm32l4xx_ll_usb.o
                0x0800b556                USB_ReadDevOutEPInterrupt
 .text.USB_ReadDevInEPInterrupt
                0x0800b592       0x5c ./Drivers/STM32L4xx_HAL_Driver/Src/stm32l4xx_ll_usb.o
                0x0800b592                USB_ReadDevInEPInterrupt
 .text.USB_GetMode
                0x0800b5ee       0x1c ./Drivers/STM32L4xx_HAL_Driver/Src/stm32l4xx_ll_usb.o
                0x0800b5ee                USB_GetMode
 .text.USB_ActivateSetup
                0x0800b60a       0x46 ./Drivers/STM32L4xx_HAL_Driver/Src/stm32l4xx_ll_usb.o
                0x0800b60a                USB_ActivateSetup
 .text.USB_EP0_OutStart
                0x0800b650       0x90 ./Drivers/STM32L4xx_HAL_Driver/Src/stm32l4xx_ll_usb.o
                0x0800b650                USB_EP0_OutStart
 .text.USB_CoreReset
                0x0800b6e0       0x62 ./Drivers/STM32L4xx_HAL_Driver/Src/stm32l4xx_ll_usb.o
 *fill*         0x0800b742        0x2 
 .text.USBD_CDC_Init
                0x0800b744      0x1f0 ./Middlewares/ST/STM32_USB_Device_Library/Class/CDC/Src/usbd_cdc.o
 .text.USBD_CDC_DeInit
                0x0800b934      0x104 ./Middlewares/ST/STM32_USB_Device_Library/Class/CDC/Src/usbd_cdc.o
 .text.USBD_CDC_Setup
                0x0800ba38      0x1b8 ./Middlewares/ST/STM32_USB_Device_Library/Class/CDC/Src/usbd_cdc.o
 .text.USBD_CDC_DataIn
                0x0800bbf0       0xfe ./Middlewares/ST/STM32_USB_Device_Library/Class/CDC/Src/usbd_cdc.o
 .text.USBD_CDC_DataOut
                0x0800bcee       0x70 ./Middlewares/ST/STM32_USB_Device_Library/Class/CDC/Src/usbd_cdc.o
 .text.USBD_CDC_EP0_RxReady
                0x0800bd5e       0x74 ./Middlewares/ST/STM32_USB_Device_Library/Class/CDC/Src/usbd_cdc.o
 *fill*         0x0800bdd2        0x2 
 .text.USBD_CDC_GetFSCfgDesc
                0x0800bdd4       0x70 ./Middlewares/ST/STM32_USB_Device_Library/Class/CDC/Src/usbd_cdc.o
 .text.USBD_CDC_GetHSCfgDesc
                0x0800be44       0x70 ./Middlewares/ST/STM32_USB_Device_Library/Class/CDC/Src/usbd_cdc.o
 .text.USBD_CDC_GetOtherSpeedCfgDesc
                0x0800beb4       0x70 ./Middlewares/ST/STM32_USB_Device_Library/Class/CDC/Src/usbd_cdc.o
 .text.USBD_CDC_GetDeviceQualifierDescriptor
                0x0800bf24       0x20 ./Middlewares/ST/STM32_USB_Device_Library/Class/CDC/Src/usbd_cdc.o
                0x0800bf24                USBD_CDC_GetDeviceQualifierDescriptor
 .text.USBD_CDC_RegisterInterface
                0x0800bf44       0x34 ./Middlewares/ST/STM32_USB_Device_Library/Class/CDC/Src/usbd_cdc.o
                0x0800bf44                USBD_CDC_RegisterInterface
 .text.USBD_CDC_SetTxBuffer
                0x0800bf78       0x44 ./Middlewares/ST/STM32_USB_Device_Library/Class/CDC/Src/usbd_cdc.o
                0x0800bf78                USBD_CDC_SetTxBuffer
 .text.USBD_CDC_SetRxBuffer
                0x0800bfbc       0x3a ./Middlewares/ST/STM32_USB_Device_Library/Class/CDC/Src/usbd_cdc.o
                0x0800bfbc                USBD_CDC_SetRxBuffer
 *fill*         0x0800bff6        0x2 
 .text.USBD_CDC_ReceivePacket
                0x0800bff8       0x6c ./Middlewares/ST/STM32_USB_Device_Library/Class/CDC/Src/usbd_cdc.o
                0x0800bff8                USBD_CDC_ReceivePacket
 .text.USBD_Init
                0x0800c064       0x60 ./Middlewares/ST/STM32_USB_Device_Library/Core/Src/usbd_core.o
                0x0800c064                USBD_Init
 .text.USBD_RegisterClass
                0x0800c0c4       0x6c ./Middlewares/ST/STM32_USB_Device_Library/Core/Src/usbd_core.o
                0x0800c0c4                USBD_RegisterClass
 .text.USBD_Start
                0x0800c130       0x18 ./Middlewares/ST/STM32_USB_Device_Library/Core/Src/usbd_core.o
                0x0800c130                USBD_Start
 .text.USBD_RunTestMode
                0x0800c148       0x16 ./Middlewares/ST/STM32_USB_Device_Library/Core/Src/usbd_core.o
                0x0800c148                USBD_RunTestMode
 .text.USBD_SetClassConfig
                0x0800c15e       0x38 ./Middlewares/ST/STM32_USB_Device_Library/Core/Src/usbd_core.o
                0x0800c15e                USBD_SetClassConfig
 .text.USBD_ClrClassConfig
                0x0800c196       0x34 ./Middlewares/ST/STM32_USB_Device_Library/Core/Src/usbd_core.o
                0x0800c196                USBD_ClrClassConfig
 .text.USBD_LL_SetupStage
                0x0800c1ca       0xaa ./Middlewares/ST/STM32_USB_Device_Library/Core/Src/usbd_core.o
                0x0800c1ca                USBD_LL_SetupStage
 .text.USBD_LL_DataOutStage
                0x0800c274      0x166 ./Middlewares/ST/STM32_USB_Device_Library/Core/Src/usbd_core.o
                0x0800c274                USBD_LL_DataOutStage
 .text.USBD_LL_DataInStage
                0x0800c3da      0x164 ./Middlewares/ST/STM32_USB_Device_Library/Core/Src/usbd_core.o
                0x0800c3da                USBD_LL_DataInStage
 .text.USBD_LL_Reset
                0x0800c53e       0xa4 ./Middlewares/ST/STM32_USB_Device_Library/Core/Src/usbd_core.o
                0x0800c53e                USBD_LL_Reset
 .text.USBD_LL_SetSpeed
                0x0800c5e2       0x20 ./Middlewares/ST/STM32_USB_Device_Library/Core/Src/usbd_core.o
                0x0800c5e2                USBD_LL_SetSpeed
 .text.USBD_LL_Suspend
                0x0800c602       0x38 ./Middlewares/ST/STM32_USB_Device_Library/Core/Src/usbd_core.o
                0x0800c602                USBD_LL_Suspend
 .text.USBD_LL_Resume
                0x0800c63a       0x30 ./Middlewares/ST/STM32_USB_Device_Library/Core/Src/usbd_core.o
                0x0800c63a                USBD_LL_Resume
 .text.USBD_LL_SOF
                0x0800c66a       0x40 ./Middlewares/ST/STM32_USB_Device_Library/Core/Src/usbd_core.o
                0x0800c66a                USBD_LL_SOF
 .text.USBD_LL_IsoINIncomplete
                0x0800c6aa       0x64 ./Middlewares/ST/STM32_USB_Device_Library/Core/Src/usbd_core.o
                0x0800c6aa                USBD_LL_IsoINIncomplete
 .text.USBD_LL_IsoOUTIncomplete
                0x0800c70e       0x64 ./Middlewares/ST/STM32_USB_Device_Library/Core/Src/usbd_core.o
                0x0800c70e                USBD_LL_IsoOUTIncomplete
 .text.USBD_LL_DevConnected
                0x0800c772       0x16 ./Middlewares/ST/STM32_USB_Device_Library/Core/Src/usbd_core.o
                0x0800c772                USBD_LL_DevConnected
 .text.USBD_LL_DevDisconnected
                0x0800c788       0x46 ./Middlewares/ST/STM32_USB_Device_Library/Core/Src/usbd_core.o
                0x0800c788                USBD_LL_DevDisconnected
 .text.USBD_CoreFindIF
                0x0800c7ce       0x1a ./Middlewares/ST/STM32_USB_Device_Library/Core/Src/usbd_core.o
                0x0800c7ce                USBD_CoreFindIF
 .text.USBD_CoreFindEP
                0x0800c7e8       0x1a ./Middlewares/ST/STM32_USB_Device_Library/Core/Src/usbd_core.o
                0x0800c7e8                USBD_CoreFindEP
 .text.USBD_GetEpDesc
                0x0800c802       0x70 ./Middlewares/ST/STM32_USB_Device_Library/Core/Src/usbd_core.o
                0x0800c802                USBD_GetEpDesc
 .text.USBD_GetNextDesc
                0x0800c872       0x38 ./Middlewares/ST/STM32_USB_Device_Library/Core/Src/usbd_core.o
                0x0800c872                USBD_GetNextDesc
 .text.SWAPBYTE
                0x0800c8aa       0x3e ./Middlewares/ST/STM32_USB_Device_Library/Core/Src/usbd_ctlreq.o
 .text.USBD_StdDevReq
                0x0800c8e8       0xe4 ./Middlewares/ST/STM32_USB_Device_Library/Core/Src/usbd_ctlreq.o
                0x0800c8e8                USBD_StdDevReq
 .text.USBD_StdItfReq
                0x0800c9cc       0xd8 ./Middlewares/ST/STM32_USB_Device_Library/Core/Src/usbd_ctlreq.o
                0x0800c9cc                USBD_StdItfReq
 .text.USBD_StdEPReq
                0x0800caa4      0x33a ./Middlewares/ST/STM32_USB_Device_Library/Core/Src/usbd_ctlreq.o
                0x0800caa4                USBD_StdEPReq
 *fill*         0x0800cdde        0x2 
 .text.USBD_GetDescriptor
                0x0800cde0      0x328 ./Middlewares/ST/STM32_USB_Device_Library/Core/Src/usbd_ctlreq.o
 .text.USBD_SetAddress
                0x0800d108       0x88 ./Middlewares/ST/STM32_USB_Device_Library/Core/Src/usbd_ctlreq.o
 .text.USBD_SetConfig
                0x0800d190      0x154 ./Middlewares/ST/STM32_USB_Device_Library/Core/Src/usbd_ctlreq.o
 .text.USBD_GetConfig
                0x0800d2e4       0x6c ./Middlewares/ST/STM32_USB_Device_Library/Core/Src/usbd_ctlreq.o
 .text.USBD_GetStatus
                0x0800d350       0x68 ./Middlewares/ST/STM32_USB_Device_Library/Core/Src/usbd_ctlreq.o
 .text.USBD_SetFeature
                0x0800d3b8       0x52 ./Middlewares/ST/STM32_USB_Device_Library/Core/Src/usbd_ctlreq.o
 .text.USBD_ClrFeature
                0x0800d40a       0x44 ./Middlewares/ST/STM32_USB_Device_Library/Core/Src/usbd_ctlreq.o
 .text.USBD_ParseSetupRequest
                0x0800d44e       0x74 ./Middlewares/ST/STM32_USB_Device_Library/Core/Src/usbd_ctlreq.o
                0x0800d44e                USBD_ParseSetupRequest
 .text.USBD_CtlError
                0x0800d4c2       0x22 ./Middlewares/ST/STM32_USB_Device_Library/Core/Src/usbd_ctlreq.o
                0x0800d4c2                USBD_CtlError
 .text.USBD_GetString
                0x0800d4e4       0xa4 ./Middlewares/ST/STM32_USB_Device_Library/Core/Src/usbd_ctlreq.o
                0x0800d4e4                USBD_GetString
 .text.USBD_GetLen
                0x0800d588       0x34 ./Middlewares/ST/STM32_USB_Device_Library/Core/Src/usbd_ctlreq.o
 .text.USBD_CtlSendData
                0x0800d5bc       0x36 ./Middlewares/ST/STM32_USB_Device_Library/Core/Src/usbd_ioreq.o
                0x0800d5bc                USBD_CtlSendData
 .text.USBD_CtlContinueSendData
                0x0800d5f2       0x22 ./Middlewares/ST/STM32_USB_Device_Library/Core/Src/usbd_ioreq.o
                0x0800d5f2                USBD_CtlContinueSendData
 .text.USBD_CtlPrepareRx
                0x0800d614       0x3a ./Middlewares/ST/STM32_USB_Device_Library/Core/Src/usbd_ioreq.o
                0x0800d614                USBD_CtlPrepareRx
 .text.USBD_CtlContinueRx
                0x0800d64e       0x22 ./Middlewares/ST/STM32_USB_Device_Library/Core/Src/usbd_ioreq.o
                0x0800d64e                USBD_CtlContinueRx
 .text.USBD_CtlSendStatus
                0x0800d670       0x26 ./Middlewares/ST/STM32_USB_Device_Library/Core/Src/usbd_ioreq.o
                0x0800d670                USBD_CtlSendStatus
 .text.USBD_CtlReceiveStatus
                0x0800d696       0x26 ./Middlewares/ST/STM32_USB_Device_Library/Core/Src/usbd_ioreq.o
                0x0800d696                USBD_CtlReceiveStatus
 .text.MX_USB_DEVICE_Init
                0x0800d6bc       0x60 ./USB_DEVICE/App/usb_device.o
                0x0800d6bc                MX_USB_DEVICE_Init
 .text.CDC_Init_FS
                0x0800d71c       0x28 ./USB_DEVICE/App/usbd_cdc_if.o
 .text.CDC_DeInit_FS
                0x0800d744       0x10 ./USB_DEVICE/App/usbd_cdc_if.o
 .text.CDC_Control_FS
                0x0800d754       0xbc ./USB_DEVICE/App/usbd_cdc_if.o
 .text.CDC_Receive_FS
                0x0800d810       0x28 ./USB_DEVICE/App/usbd_cdc_if.o
 .text.CDC_TransmitCplt_FS
                0x0800d838       0x22 ./USB_DEVICE/App/usbd_cdc_if.o
 *fill*         0x0800d85a        0x2 
 .text.USBD_FS_DeviceDescriptor
                0x0800d85c       0x24 ./USB_DEVICE/App/usbd_desc.o
                0x0800d85c                USBD_FS_DeviceDescriptor
 .text.USBD_FS_LangIDStrDescriptor
                0x0800d880       0x24 ./USB_DEVICE/App/usbd_desc.o
                0x0800d880                USBD_FS_LangIDStrDescriptor
 .text.USBD_FS_ProductStrDescriptor
                0x0800d8a4       0x3c ./USB_DEVICE/App/usbd_desc.o
                0x0800d8a4                USBD_FS_ProductStrDescriptor
 .text.USBD_FS_ManufacturerStrDescriptor
                0x0800d8e0       0x28 ./USB_DEVICE/App/usbd_desc.o
                0x0800d8e0                USBD_FS_ManufacturerStrDescriptor
 .text.USBD_FS_SerialStrDescriptor
                0x0800d908       0x24 ./USB_DEVICE/App/usbd_desc.o
                0x0800d908                USBD_FS_SerialStrDescriptor
 .text.USBD_FS_ConfigStrDescriptor
                0x0800d92c       0x3c ./USB_DEVICE/App/usbd_desc.o
                0x0800d92c                USBD_FS_ConfigStrDescriptor
 .text.USBD_FS_InterfaceStrDescriptor
                0x0800d968       0x3c ./USB_DEVICE/App/usbd_desc.o
                0x0800d968                USBD_FS_InterfaceStrDescriptor
 .text.USBD_FS_USR_BOSDescriptor
                0x0800d9a4       0x24 ./USB_DEVICE/App/usbd_desc.o
                0x0800d9a4                USBD_FS_USR_BOSDescriptor
 .text.Get_SerialNum
                0x0800d9c8       0x58 ./USB_DEVICE/App/usbd_desc.o
 .text.IntToUnicode
                0x0800da20       0x7e ./USB_DEVICE/App/usbd_desc.o
 *fill*         0x0800da9e        0x2 
 .text.HAL_PCD_MspInit
                0x0800daa0       0xcc ./USB_DEVICE/Target/usbd_conf.o
                0x0800daa0                HAL_PCD_MspInit
 .text.HAL_PCD_SetupStageCallback
                0x0800db6c       0x24 ./USB_DEVICE/Target/usbd_conf.o
                0x0800db6c                HAL_PCD_SetupStageCallback
 .text.HAL_PCD_DataOutStageCallback
                0x0800db90       0x36 ./USB_DEVICE/Target/usbd_conf.o
                0x0800db90                HAL_PCD_DataOutStageCallback
 .text.HAL_PCD_DataInStageCallback
                0x0800dbc6       0x34 ./USB_DEVICE/Target/usbd_conf.o
                0x0800dbc6                HAL_PCD_DataInStageCallback
 .text.HAL_PCD_SOFCallback
                0x0800dbfa       0x1c ./USB_DEVICE/Target/usbd_conf.o
                0x0800dbfa                HAL_PCD_SOFCallback
 .text.HAL_PCD_ResetCallback
                0x0800dc16       0x3c ./USB_DEVICE/Target/usbd_conf.o
                0x0800dc16                HAL_PCD_ResetCallback
 *fill*         0x0800dc52        0x2 
 .text.HAL_PCD_SuspendCallback
                0x0800dc54       0x4c ./USB_DEVICE/Target/usbd_conf.o
                0x0800dc54                HAL_PCD_SuspendCallback
 .text.HAL_PCD_ResumeCallback
                0x0800dca0       0x50 ./USB_DEVICE/Target/usbd_conf.o
                0x0800dca0                HAL_PCD_ResumeCallback
 .text.HAL_PCD_ISOOUTIncompleteCallback
                0x0800dcf0       0x24 ./USB_DEVICE/Target/usbd_conf.o
                0x0800dcf0                HAL_PCD_ISOOUTIncompleteCallback
 .text.HAL_PCD_ISOINIncompleteCallback
                0x0800dd14       0x24 ./USB_DEVICE/Target/usbd_conf.o
                0x0800dd14                HAL_PCD_ISOINIncompleteCallback
 .text.HAL_PCD_ConnectCallback
                0x0800dd38       0x1c ./USB_DEVICE/Target/usbd_conf.o
                0x0800dd38                HAL_PCD_ConnectCallback
 .text.HAL_PCD_DisconnectCallback
                0x0800dd54       0x1c ./USB_DEVICE/Target/usbd_conf.o
                0x0800dd54                HAL_PCD_DisconnectCallback
 .text.USBD_LL_Init
                0x0800dd70       0x98 ./USB_DEVICE/Target/usbd_conf.o
                0x0800dd70                USBD_LL_Init
 .text.USBD_LL_Start
                0x0800de08       0x64 ./USB_DEVICE/Target/usbd_conf.o
                0x0800de08                USBD_LL_Start
 .text.USBD_LL_OpenEP
                0x0800de6c       0x7c ./USB_DEVICE/Target/usbd_conf.o
                0x0800de6c                USBD_LL_OpenEP
 .text.USBD_LL_CloseEP
                0x0800dee8       0x6c ./USB_DEVICE/Target/usbd_conf.o
                0x0800dee8                USBD_LL_CloseEP
 .text.USBD_LL_StallEP
                0x0800df54       0x6c ./USB_DEVICE/Target/usbd_conf.o
                0x0800df54                USBD_LL_StallEP
 .text.USBD_LL_ClearStallEP
                0x0800dfc0       0x6c ./USB_DEVICE/Target/usbd_conf.o
                0x0800dfc0                USBD_LL_ClearStallEP
 .text.USBD_LL_IsStallEP
                0x0800e02c       0x58 ./USB_DEVICE/Target/usbd_conf.o
                0x0800e02c                USBD_LL_IsStallEP
 .text.USBD_LL_SetUSBAddress
                0x0800e084       0x6c ./USB_DEVICE/Target/usbd_conf.o
                0x0800e084                USBD_LL_SetUSBAddress
 .text.USBD_LL_Transmit
                0x0800e0f0       0x70 ./USB_DEVICE/Target/usbd_conf.o
                0x0800e0f0                USBD_LL_Transmit
 .text.USBD_LL_PrepareReceive
                0x0800e160       0x70 ./USB_DEVICE/Target/usbd_conf.o
                0x0800e160                USBD_LL_PrepareReceive
 .text.USBD_LL_GetRxDataSize
                0x0800e1d0       0x26 ./USB_DEVICE/Target/usbd_conf.o
                0x0800e1d0                USBD_LL_GetRxDataSize
 *fill*         0x0800e1f6        0x2 
 .text.HAL_PCDEx_LPM_Callback
                0x0800e1f8       0x9c ./USB_DEVICE/Target/usbd_conf.o
                0x0800e1f8                HAL_PCDEx_LPM_Callback
 .text.USBD_static_malloc
                0x0800e294       0x1c ./USB_DEVICE/Target/usbd_conf.o
                0x0800e294                USBD_static_malloc
 .text.USBD_static_free
                0x0800e2b0       0x14 ./USB_DEVICE/Target/usbd_conf.o
                0x0800e2b0                USBD_static_free
 .text.SystemClockConfig_Resume
                0x0800e2c4        0xc ./USB_DEVICE/Target/usbd_conf.o
 .text.memset   0x0800e2d0       0x10 C:/ST/STM32CubeIDE_1.18.0/STM32CubeIDE/plugins/com.st.stm32cube.ide.mcu.externaltools.gnu-tools-for-stm32.13.3.rel1.win32_1.0.0.202411081344/tools/bin/../lib/gcc/arm-none-eabi/13.3.1/../../../../arm-none-eabi/lib/thumb/v7e-m+fp/hard\libc_nano.a(libc_a-memset.o)
                0x0800e2d0                memset
 .text.__libc_init_array
                0x0800e2e0       0x48 C:/ST/STM32CubeIDE_1.18.0/STM32CubeIDE/plugins/com.st.stm32cube.ide.mcu.externaltools.gnu-tools-for-stm32.13.3.rel1.win32_1.0.0.202411081344/tools/bin/../lib/gcc/arm-none-eabi/13.3.1/../../../../arm-none-eabi/lib/thumb/v7e-m+fp/hard\libc_nano.a(libc_a-init.o)
                0x0800e2e0                __libc_init_array
 *(.glue_7)
 .glue_7        0x0800e328        0x0 linker stubs
 *(.glue_7t)
 .glue_7t       0x0800e328        0x0 linker stubs
 *(.eh_frame)
 .eh_frame      0x0800e328        0x0 C:/ST/STM32CubeIDE_1.18.0/STM32CubeIDE/plugins/com.st.stm32cube.ide.mcu.externaltools.gnu-tools-for-stm32.13.3.rel1.win32_1.0.0.202411081344/tools/bin/../lib/gcc/arm-none-eabi/13.3.1/thumb/v7e-m+fp/hard/crtbegin.o
 *(.init)
 .init          0x0800e328        0x4 C:/ST/STM32CubeIDE_1.18.0/STM32CubeIDE/plugins/com.st.stm32cube.ide.mcu.externaltools.gnu-tools-for-stm32.13.3.rel1.win32_1.0.0.202411081344/tools/bin/../lib/gcc/arm-none-eabi/13.3.1/thumb/v7e-m+fp/hard/crti.o
                0x0800e328                _init
 .init          0x0800e32c        0x8 C:/ST/STM32CubeIDE_1.18.0/STM32CubeIDE/plugins/com.st.stm32cube.ide.mcu.externaltools.gnu-tools-for-stm32.13.3.rel1.win32_1.0.0.202411081344/tools/bin/../lib/gcc/arm-none-eabi/13.3.1/thumb/v7e-m+fp/hard/crtn.o
 *(.fini)
 .fini          0x0800e334        0x4 C:/ST/STM32CubeIDE_1.18.0/STM32CubeIDE/plugins/com.st.stm32cube.ide.mcu.externaltools.gnu-tools-for-stm32.13.3.rel1.win32_1.0.0.202411081344/tools/bin/../lib/gcc/arm-none-eabi/13.3.1/thumb/v7e-m+fp/hard/crti.o
                0x0800e334                _fini
 .fini          0x0800e338        0x8 C:/ST/STM32CubeIDE_1.18.0/STM32CubeIDE/plugins/com.st.stm32cube.ide.mcu.externaltools.gnu-tools-for-stm32.13.3.rel1.win32_1.0.0.202411081344/tools/bin/../lib/gcc/arm-none-eabi/13.3.1/thumb/v7e-m+fp/hard/crtn.o
                0x0800e340                        . = ALIGN (0x4)
                0x0800e340                        _etext = .

.vfp11_veneer   0x0800e340        0x0
 .vfp11_veneer  0x0800e340        0x0 linker stubs

.v4_bx          0x0800e340        0x0
 .v4_bx         0x0800e340        0x0 linker stubs

.iplt           0x0800e340        0x0
 .iplt          0x0800e340        0x0 C:/ST/STM32CubeIDE_1.18.0/STM32CubeIDE/plugins/com.st.stm32cube.ide.mcu.externaltools.gnu-tools-for-stm32.13.3.rel1.win32_1.0.0.202411081344/tools/bin/../lib/gcc/arm-none-eabi/13.3.1/thumb/v7e-m+fp/hard/crtbegin.o

.rodata         0x0800e340       0x90
                0x0800e340                        . = ALIGN (0x4)
 *(.rodata)
 .rodata        0x0800e340       0x46 ./USB_DEVICE/App/usbd_desc.o
 *(.rodata*)
 *fill*         0x0800e386        0x2 
 .rodata.AHBPrescTable
                0x0800e388       0x10 ./Core/Src/system_stm32l4xx.o
                0x0800e388                AHBPrescTable
 .rodata.APBPrescTable
                0x0800e398        0x8 ./Core/Src/system_stm32l4xx.o
                0x0800e398                APBPrescTable
 .rodata.MSIRangeTable
                0x0800e3a0       0x30 ./Core/Src/system_stm32l4xx.o
                0x0800e3a0                MSIRangeTable
                0x0800e3d0                        . = ALIGN (0x4)

.ARM.extab      0x0800e3d0        0x0
                0x0800e3d0                        . = ALIGN (0x4)
 *(.ARM.extab* .gnu.linkonce.armextab.*)
                0x0800e3d0                        . = ALIGN (0x4)

.ARM            0x0800e3d0        0x8
                0x0800e3d0                        . = ALIGN (0x4)
                0x0800e3d0                        __exidx_start = .
 *(.ARM.exidx*)
 .ARM.exidx     0x0800e3d0        0x8 C:/ST/STM32CubeIDE_1.18.0/STM32CubeIDE/plugins/com.st.stm32cube.ide.mcu.externaltools.gnu-tools-for-stm32.13.3.rel1.win32_1.0.0.202411081344/tools/bin/../lib/gcc/arm-none-eabi/13.3.1/thumb/v7e-m+fp/hard\libgcc.a(_udivmoddi4.o)
                0x0800e3d8                        __exidx_end = .
                0x0800e3d8                        . = ALIGN (0x4)

.preinit_array  0x0800e3d8        0x0
                0x0800e3d8                        . = ALIGN (0x4)
                0x0800e3d8                        PROVIDE (__preinit_array_start = .)
 *(.preinit_array*)
                0x0800e3d8                        PROVIDE (__preinit_array_end = .)
                0x0800e3d8                        . = ALIGN (0x4)

.init_array     0x0800e3d8        0x4
                0x0800e3d8                        . = ALIGN (0x4)
                0x0800e3d8                        PROVIDE (__init_array_start = .)
 *(SORT_BY_NAME(.init_array.*))
 *(.init_array*)
 .init_array    0x0800e3d8        0x4 C:/ST/STM32CubeIDE_1.18.0/STM32CubeIDE/plugins/com.st.stm32cube.ide.mcu.externaltools.gnu-tools-for-stm32.13.3.rel1.win32_1.0.0.202411081344/tools/bin/../lib/gcc/arm-none-eabi/13.3.1/thumb/v7e-m+fp/hard/crtbegin.o
                0x0800e3dc                        PROVIDE (__init_array_end = .)
                0x0800e3dc                        . = ALIGN (0x4)

.fini_array     0x0800e3dc        0x4
                0x0800e3dc                        . = ALIGN (0x4)
                [!provide]                        PROVIDE (__fini_array_start = .)
 *(SORT_BY_NAME(.fini_array.*))
 *(.fini_array*)
 .fini_array    0x0800e3dc        0x4 C:/ST/STM32CubeIDE_1.18.0/STM32CubeIDE/plugins/com.st.stm32cube.ide.mcu.externaltools.gnu-tools-for-stm32.13.3.rel1.win32_1.0.0.202411081344/tools/bin/../lib/gcc/arm-none-eabi/13.3.1/thumb/v7e-m+fp/hard/crtbegin.o
                [!provide]                        PROVIDE (__fini_array_end = .)
                0x0800e3e0                        . = ALIGN (0x4)
                0x0800e3e0                        _sidata = LOADADDR (.data)

.rel.dyn        0x0800e3e0        0x0
 .rel.iplt      0x0800e3e0        0x0 C:/ST/STM32CubeIDE_1.18.0/STM32CubeIDE/plugins/com.st.stm32cube.ide.mcu.externaltools.gnu-tools-for-stm32.13.3.rel1.win32_1.0.0.202411081344/tools/bin/../lib/gcc/arm-none-eabi/13.3.1/thumb/v7e-m+fp/hard/crtbegin.o

.data           0x20000000      0x10c load address 0x0800e3e0
                0x20000000                        . = ALIGN (0x4)
                0x20000000                        _sdata = .
 *(.data)
 *(.data*)
 .data.SystemCoreClock
                0x20000000        0x4 ./Core/Src/system_stm32l4xx.o
                0x20000000                SystemCoreClock
 .data.uwTickPrio
                0x20000004        0x4 ./Drivers/STM32L4xx_HAL_Driver/Src/stm32l4xx_hal.o
                0x20000004                uwTickPrio
 .data.uwTickFreq
                0x20000008        0x1 ./Drivers/STM32L4xx_HAL_Driver/Src/stm32l4xx_hal.o
                0x20000008                uwTickFreq
 *fill*         0x20000009        0x3 
 .data.USBD_CDC_DeviceQualifierDesc
                0x2000000c        0xa ./Middlewares/ST/STM32_USB_Device_Library/Class/CDC/Src/usbd_cdc.o
 *fill*         0x20000016        0x2 
 .data.USBD_CDC
                0x20000018       0x38 ./Middlewares/ST/STM32_USB_Device_Library/Class/CDC/Src/usbd_cdc.o
                0x20000018                USBD_CDC
 .data.USBD_CDC_CfgDesc
                0x20000050       0x43 ./Middlewares/ST/STM32_USB_Device_Library/Class/CDC/Src/usbd_cdc.o
 .data.CDCInEpAdd
                0x20000093        0x1 ./Middlewares/ST/STM32_USB_Device_Library/Class/CDC/Src/usbd_cdc.o
 .data.CDCOutEpAdd
                0x20000094        0x1 ./Middlewares/ST/STM32_USB_Device_Library/Class/CDC/Src/usbd_cdc.o
 .data.CDCCmdEpAdd
                0x20000095        0x1 ./Middlewares/ST/STM32_USB_Device_Library/Class/CDC/Src/usbd_cdc.o
 *fill*         0x20000096        0x2 
 .data.USBD_Interface_fops_FS
                0x20000098       0x14 ./USB_DEVICE/App/usbd_cdc_if.o
                0x20000098                USBD_Interface_fops_FS
 .data.FS_Desc  0x200000ac       0x20 ./USB_DEVICE/App/usbd_desc.o
                0x200000ac                FS_Desc
 .data.USBD_FS_DeviceDesc
                0x200000cc       0x12 ./USB_DEVICE/App/usbd_desc.o
                0x200000cc                USBD_FS_DeviceDesc
 *fill*         0x200000de        0x2 
 .data.USBD_FS_BOSDesc
                0x200000e0        0xc ./USB_DEVICE/App/usbd_desc.o
                0x200000e0                USBD_FS_BOSDesc
 .data.USBD_LangIDDesc
                0x200000ec        0x4 ./USB_DEVICE/App/usbd_desc.o
                0x200000ec                USBD_LangIDDesc
 .data.USBD_StringSerial
                0x200000f0       0x1a ./USB_DEVICE/App/usbd_desc.o
                0x200000f0                USBD_StringSerial
 *(.RamFunc)
 *(.RamFunc*)
                0x2000010c                        . = ALIGN (0x4)
 *fill*         0x2000010a        0x2 
                0x2000010c                        _edata = .

.igot.plt       0x2000010c        0x0 load address 0x0800e4ec
 .igot.plt      0x2000010c        0x0 C:/ST/STM32CubeIDE_1.18.0/STM32CubeIDE/plugins/com.st.stm32cube.ide.mcu.externaltools.gnu-tools-for-stm32.13.3.rel1.win32_1.0.0.202411081344/tools/bin/../lib/gcc/arm-none-eabi/13.3.1/thumb/v7e-m+fp/hard/crtbegin.o
                0x2000010c                        . = ALIGN (0x4)

.bss            0x2000010c     0x23e8 load address 0x0800e4ec
                0x2000010c                        _sbss = .
                0x2000010c                        __bss_start__ = _sbss
 *(.bss)
 .bss           0x2000010c       0x1c C:/ST/STM32CubeIDE_1.18.0/STM32CubeIDE/plugins/com.st.stm32cube.ide.mcu.externaltools.gnu-tools-for-stm32.13.3.rel1.win32_1.0.0.202411081344/tools/bin/../lib/gcc/arm-none-eabi/13.3.1/thumb/v7e-m+fp/hard/crtbegin.o
 *(.bss*)
 .bss.hadc1     0x20000128       0x68 ./Core/Src/main.o
                0x20000128                hadc1
 .bss.hadc2     0x20000190       0x68 ./Core/Src/main.o
                0x20000190                hadc2
 .bss.hadc3     0x200001f8       0x68 ./Core/Src/main.o
                0x200001f8                hadc3
 .bss.hdcmi     0x20000260       0x64 ./Core/Src/main.o
                0x20000260                hdcmi
 .bss.hdfsdm1_channel1
                0x200002c4       0x38 ./Core/Src/main.o
                0x200002c4                hdfsdm1_channel1
 .bss.hdfsdm1_channel2
                0x200002fc       0x38 ./Core/Src/main.o
                0x200002fc                hdfsdm1_channel2
 .bss.hi2c1     0x20000334       0x54 ./Core/Src/main.o
                0x20000334                hi2c1
 .bss.hi2c2     0x20000388       0x54 ./Core/Src/main.o
                0x20000388                hi2c2
 .bss.hlpuart1  0x200003dc       0x88 ./Core/Src/main.o
                0x200003dc                hlpuart1
 .bss.huart1    0x20000464       0x88 ./Core/Src/main.o
                0x20000464                huart1
 .bss.huart2    0x200004ec       0x88 ./Core/Src/main.o
                0x200004ec                huart2
 .bss.hqspi     0x20000574       0x4c ./Core/Src/main.o
                0x20000574                hqspi
 .bss.hrtc      0x200005c0       0x24 ./Core/Src/main.o
                0x200005c0                hrtc
 .bss.hsai_BlockA1
                0x200005e4       0x84 ./Core/Src/main.o
                0x200005e4                hsai_BlockA1
 .bss.hsai_BlockB1
                0x20000668       0x84 ./Core/Src/main.o
                0x20000668                hsai_BlockB1
 .bss.hsd1      0x200006ec       0x84 ./Core/Src/main.o
                0x200006ec                hsd1
 .bss.hspi1     0x20000770       0x64 ./Core/Src/main.o
                0x20000770                hspi1
 .bss.hspi2     0x200007d4       0x64 ./Core/Src/main.o
                0x200007d4                hspi2
 .bss.hsram1    0x20000838       0x50 ./Core/Src/main.o
                0x20000838                hsram1
 .bss.hsram2    0x20000888       0x50 ./Core/Src/main.o
                0x20000888                hsram2
 .bss.HAL_RCC_ADC_CLK_ENABLED
                0x200008d8        0x4 ./Core/Src/stm32l4xx_hal_msp.o
 .bss.DFSDM1_Init
                0x200008dc        0x4 ./Core/Src/stm32l4xx_hal_msp.o
 .bss.FMC_Initialized
                0x200008e0        0x4 ./Core/Src/stm32l4xx_hal_msp.o
 .bss.SAI1_client
                0x200008e4        0x4 ./Core/Src/stm32l4xx_hal_msp.o
 .bss.uwTick    0x200008e8        0x4 ./Drivers/STM32L4xx_HAL_Driver/Src/stm32l4xx_hal.o
                0x200008e8                uwTick
 .bss.v_dfsdm1ChannelCounter
                0x200008ec        0x4 ./Drivers/STM32L4xx_HAL_Driver/Src/stm32l4xx_hal_dfsdm.o
 .bss.a_dfsdm1ChannelHandle
                0x200008f0       0x20 ./Drivers/STM32L4xx_HAL_Driver/Src/stm32l4xx_hal_dfsdm.o
 .bss.cfgidx.0  0x20000910        0x1 ./Middlewares/ST/STM32_USB_Device_Library/Core/Src/usbd_ctlreq.o
 *fill*         0x20000911        0x3 
 .bss.hUsbDeviceFS
                0x20000914      0x2dc ./USB_DEVICE/App/usb_device.o
                0x20000914                hUsbDeviceFS
 .bss.UserRxBufferFS
                0x20000bf0      0x800 ./USB_DEVICE/App/usbd_cdc_if.o
                0x20000bf0                UserRxBufferFS
 .bss.UserTxBufferFS
                0x200013f0      0x800 ./USB_DEVICE/App/usbd_cdc_if.o
                0x200013f0                UserTxBufferFS
 .bss.USBD_StrDesc
                0x20001bf0      0x200 ./USB_DEVICE/App/usbd_desc.o
                0x20001bf0                USBD_StrDesc
 .bss.hpcd_USB_OTG_FS
                0x20001df0      0x4e4 ./USB_DEVICE/Target/usbd_conf.o
                0x20001df0                hpcd_USB_OTG_FS
 .bss.mem.0     0x200022d4      0x220 ./USB_DEVICE/Target/usbd_conf.o
 *(COMMON)
                0x200024f4                        . = ALIGN (0x4)
                0x200024f4                        _ebss = .
                0x200024f4                        __bss_end__ = _ebss

._user_heap_stack
                0x200024f4      0x604 load address 0x0800e4ec
                0x200024f8                        . = ALIGN (0x8)
 *fill*         0x200024f4        0x4 
                [!provide]                        PROVIDE (end = .)
                0x200024f8                        PROVIDE (_end = .)
                0x200026f8                        . = (. + _Min_Heap_Size)
 *fill*         0x200024f8      0x200 
                0x20002af8                        . = (. + _Min_Stack_Size)
 *fill*         0x200026f8      0x400 
                0x20002af8                        . = ALIGN (0x8)

/DISCARD/
 libc.a(*)
 libm.a(*)
 libgcc.a(*)

.ARM.attributes
                0x00000000       0x30
 *(.ARM.attributes)
 .ARM.attributes
                0x00000000       0x22 C:/ST/STM32CubeIDE_1.18.0/STM32CubeIDE/plugins/com.st.stm32cube.ide.mcu.externaltools.gnu-tools-for-stm32.13.3.rel1.win32_1.0.0.202411081344/tools/bin/../lib/gcc/arm-none-eabi/13.3.1/thumb/v7e-m+fp/hard/crti.o
 .ARM.attributes
                0x00000022       0x34 C:/ST/STM32CubeIDE_1.18.0/STM32CubeIDE/plugins/com.st.stm32cube.ide.mcu.externaltools.gnu-tools-for-stm32.13.3.rel1.win32_1.0.0.202411081344/tools/bin/../lib/gcc/arm-none-eabi/13.3.1/thumb/v7e-m+fp/hard/crtbegin.o
 .ARM.attributes
                0x00000056       0x34 ./Core/Src/main.o
 .ARM.attributes
                0x0000008a       0x34 ./Core/Src/stm32l4xx_hal_msp.o
 .ARM.attributes
                0x000000be       0x34 ./Core/Src/stm32l4xx_it.o
 .ARM.attributes
                0x000000f2       0x34 ./Core/Src/system_stm32l4xx.o
 .ARM.attributes
                0x00000126       0x21 ./Core/Startup/startup_stm32l496agix.o
 .ARM.attributes
                0x00000147       0x34 ./Drivers/STM32L4xx_HAL_Driver/Src/stm32l4xx_hal.o
 .ARM.attributes
                0x0000017b       0x34 ./Drivers/STM32L4xx_HAL_Driver/Src/stm32l4xx_hal_adc.o
 .ARM.attributes
                0x000001af       0x34 ./Drivers/STM32L4xx_HAL_Driver/Src/stm32l4xx_hal_adc_ex.o
 .ARM.attributes
                0x000001e3       0x34 ./Drivers/STM32L4xx_HAL_Driver/Src/stm32l4xx_hal_cortex.o
 .ARM.attributes
                0x00000217       0x34 ./Drivers/STM32L4xx_HAL_Driver/Src/stm32l4xx_hal_dcmi.o
 .ARM.attributes
                0x0000024b       0x34 ./Drivers/STM32L4xx_HAL_Driver/Src/stm32l4xx_hal_dfsdm.o
 .ARM.attributes
                0x0000027f       0x34 ./Drivers/STM32L4xx_HAL_Driver/Src/stm32l4xx_hal_gpio.o
 .ARM.attributes
                0x000002b3       0x34 ./Drivers/STM32L4xx_HAL_Driver/Src/stm32l4xx_hal_i2c.o
 .ARM.attributes
                0x000002e7       0x34 ./Drivers/STM32L4xx_HAL_Driver/Src/stm32l4xx_hal_i2c_ex.o
 .ARM.attributes
                0x0000031b       0x34 ./Drivers/STM32L4xx_HAL_Driver/Src/stm32l4xx_hal_pcd.o
 .ARM.attributes
                0x0000034f       0x34 ./Drivers/STM32L4xx_HAL_Driver/Src/stm32l4xx_hal_pcd_ex.o
 .ARM.attributes
                0x00000383       0x34 ./Drivers/STM32L4xx_HAL_Driver/Src/stm32l4xx_hal_pwr.o
 .ARM.attributes
                0x000003b7       0x34 ./Drivers/STM32L4xx_HAL_Driver/Src/stm32l4xx_hal_pwr_ex.o
 .ARM.attributes
                0x000003eb       0x34 ./Drivers/STM32L4xx_HAL_Driver/Src/stm32l4xx_hal_qspi.o
 .ARM.attributes
                0x0000041f       0x34 ./Drivers/STM32L4xx_HAL_Driver/Src/stm32l4xx_hal_rcc.o
 .ARM.attributes
                0x00000453       0x34 ./Drivers/STM32L4xx_HAL_Driver/Src/stm32l4xx_hal_rcc_ex.o
 .ARM.attributes
                0x00000487       0x34 ./Drivers/STM32L4xx_HAL_Driver/Src/stm32l4xx_hal_rtc.o
 .ARM.attributes
                0x000004bb       0x34 ./Drivers/STM32L4xx_HAL_Driver/Src/stm32l4xx_hal_sai.o
 .ARM.attributes
                0x000004ef       0x34 ./Drivers/STM32L4xx_HAL_Driver/Src/stm32l4xx_hal_sd.o
 .ARM.attributes
                0x00000523       0x34 ./Drivers/STM32L4xx_HAL_Driver/Src/stm32l4xx_hal_spi.o
 .ARM.attributes
                0x00000557       0x34 ./Drivers/STM32L4xx_HAL_Driver/Src/stm32l4xx_hal_sram.o
 .ARM.attributes
                0x0000058b       0x34 ./Drivers/STM32L4xx_HAL_Driver/Src/stm32l4xx_hal_uart.o
 .ARM.attributes
                0x000005bf       0x34 ./Drivers/STM32L4xx_HAL_Driver/Src/stm32l4xx_ll_fmc.o
 .ARM.attributes
                0x000005f3       0x34 ./Drivers/STM32L4xx_HAL_Driver/Src/stm32l4xx_ll_sdmmc.o
 .ARM.attributes
                0x00000627       0x34 ./Drivers/STM32L4xx_HAL_Driver/Src/stm32l4xx_ll_usb.o
 .ARM.attributes
                0x0000065b       0x34 ./Middlewares/ST/STM32_USB_Device_Library/Class/CDC/Src/usbd_cdc.o
 .ARM.attributes
                0x0000068f       0x34 ./Middlewares/ST/STM32_USB_Device_Library/Core/Src/usbd_core.o
 .ARM.attributes
                0x000006c3       0x34 ./Middlewares/ST/STM32_USB_Device_Library/Core/Src/usbd_ctlreq.o
 .ARM.attributes
                0x000006f7       0x34 ./Middlewares/ST/STM32_USB_Device_Library/Core/Src/usbd_ioreq.o
 .ARM.attributes
                0x0000072b       0x34 ./USB_DEVICE/App/usb_device.o
 .ARM.attributes
                0x0000075f       0x34 ./USB_DEVICE/App/usbd_cdc_if.o
 .ARM.attributes
                0x00000793       0x34 ./USB_DEVICE/App/usbd_desc.o
 .ARM.attributes
                0x000007c7       0x34 ./USB_DEVICE/Target/usbd_conf.o
 .ARM.attributes
                0x000007fb       0x34 C:/ST/STM32CubeIDE_1.18.0/STM32CubeIDE/plugins/com.st.stm32cube.ide.mcu.externaltools.gnu-tools-for-stm32.13.3.rel1.win32_1.0.0.202411081344/tools/bin/../lib/gcc/arm-none-eabi/13.3.1/../../../../arm-none-eabi/lib/thumb/v7e-m+fp/hard\libc_nano.a(libc_a-memset.o)
 .ARM.attributes
                0x0000082f       0x34 C:/ST/STM32CubeIDE_1.18.0/STM32CubeIDE/plugins/com.st.stm32cube.ide.mcu.externaltools.gnu-tools-for-stm32.13.3.rel1.win32_1.0.0.202411081344/tools/bin/../lib/gcc/arm-none-eabi/13.3.1/../../../../arm-none-eabi/lib/thumb/v7e-m+fp/hard\libc_nano.a(libc_a-init.o)
 .ARM.attributes
                0x00000863       0x22 C:/ST/STM32CubeIDE_1.18.0/STM32CubeIDE/plugins/com.st.stm32cube.ide.mcu.externaltools.gnu-tools-for-stm32.13.3.rel1.win32_1.0.0.202411081344/tools/bin/../lib/gcc/arm-none-eabi/13.3.1/thumb/v7e-m+fp/hard\libgcc.a(_aeabi_uldivmod.o)
 .ARM.attributes
                0x00000885       0x34 C:/ST/STM32CubeIDE_1.18.0/STM32CubeIDE/plugins/com.st.stm32cube.ide.mcu.externaltools.gnu-tools-for-stm32.13.3.rel1.win32_1.0.0.202411081344/tools/bin/../lib/gcc/arm-none-eabi/13.3.1/thumb/v7e-m+fp/hard\libgcc.a(_udivmoddi4.o)
 .ARM.attributes
                0x000008b9       0x22 C:/ST/STM32CubeIDE_1.18.0/STM32CubeIDE/plugins/com.st.stm32cube.ide.mcu.externaltools.gnu-tools-for-stm32.13.3.rel1.win32_1.0.0.202411081344/tools/bin/../lib/gcc/arm-none-eabi/13.3.1/thumb/v7e-m+fp/hard\libgcc.a(_dvmd_tls.o)
 .ARM.attributes
                0x000008db       0x22 C:/ST/STM32CubeIDE_1.18.0/STM32CubeIDE/plugins/com.st.stm32cube.ide.mcu.externaltools.gnu-tools-for-stm32.13.3.rel1.win32_1.0.0.202411081344/tools/bin/../lib/gcc/arm-none-eabi/13.3.1/thumb/v7e-m+fp/hard/crtn.o
OUTPUT(DISCO_blink_2.elf elf32-littlearm)
LOAD linker stubs
LOAD C:/ST/STM32CubeIDE_1.18.0/STM32CubeIDE/plugins/com.st.stm32cube.ide.mcu.externaltools.gnu-tools-for-stm32.13.3.rel1.win32_1.0.0.202411081344/tools/bin/../lib/gcc/arm-none-eabi/13.3.1/../../../../arm-none-eabi/lib/thumb/v7e-m+fp/hard\libc.a
LOAD C:/ST/STM32CubeIDE_1.18.0/STM32CubeIDE/plugins/com.st.stm32cube.ide.mcu.externaltools.gnu-tools-for-stm32.13.3.rel1.win32_1.0.0.202411081344/tools/bin/../lib/gcc/arm-none-eabi/13.3.1/../../../../arm-none-eabi/lib/thumb/v7e-m+fp/hard\libm.a
LOAD C:/ST/STM32CubeIDE_1.18.0/STM32CubeIDE/plugins/com.st.stm32cube.ide.mcu.externaltools.gnu-tools-for-stm32.13.3.rel1.win32_1.0.0.202411081344/tools/bin/../lib/gcc/arm-none-eabi/13.3.1/thumb/v7e-m+fp/hard\libgcc.a

.debug_info     0x00000000    0x2b11f
 .debug_info    0x00000000     0x344c ./Core/Src/main.o
 .debug_info    0x0000344c     0x32e4 ./Core/Src/stm32l4xx_hal_msp.o
 .debug_info    0x00006730      0x69f ./Core/Src/stm32l4xx_it.o
 .debug_info    0x00006dcf      0x5cd ./Core/Src/system_stm32l4xx.o
 .debug_info    0x0000739c       0x30 ./Core/Startup/startup_stm32l496agix.o
 .debug_info    0x000073cc      0xb4b ./Drivers/STM32L4xx_HAL_Driver/Src/stm32l4xx_hal.o
 .debug_info    0x00007f17     0x1dfb ./Drivers/STM32L4xx_HAL_Driver/Src/stm32l4xx_hal_adc.o
 .debug_info    0x00009d12     0x1b67 ./Drivers/STM32L4xx_HAL_Driver/Src/stm32l4xx_hal_adc_ex.o
 .debug_info    0x0000b879      0xdb7 ./Drivers/STM32L4xx_HAL_Driver/Src/stm32l4xx_hal_cortex.o
 .debug_info    0x0000c630      0xdad ./Drivers/STM32L4xx_HAL_Driver/Src/stm32l4xx_hal_dcmi.o
 .debug_info    0x0000d3dd     0x1a51 ./Drivers/STM32L4xx_HAL_Driver/Src/stm32l4xx_hal_dfsdm.o
 .debug_info    0x0000ee2e      0x76f ./Drivers/STM32L4xx_HAL_Driver/Src/stm32l4xx_hal_gpio.o
 .debug_info    0x0000f59d     0x20d2 ./Drivers/STM32L4xx_HAL_Driver/Src/stm32l4xx_hal_i2c.o
 .debug_info    0x0001166f      0x999 ./Drivers/STM32L4xx_HAL_Driver/Src/stm32l4xx_hal_i2c_ex.o
 .debug_info    0x00012008     0x14d6 ./Drivers/STM32L4xx_HAL_Driver/Src/stm32l4xx_hal_pcd.o
 .debug_info    0x000134de      0x8a0 ./Drivers/STM32L4xx_HAL_Driver/Src/stm32l4xx_hal_pcd_ex.o
 .debug_info    0x00013d7e      0x956 ./Drivers/STM32L4xx_HAL_Driver/Src/stm32l4xx_hal_pwr.o
 .debug_info    0x000146d4      0x996 ./Drivers/STM32L4xx_HAL_Driver/Src/stm32l4xx_hal_pwr_ex.o
 .debug_info    0x0001506a     0x11bf ./Drivers/STM32L4xx_HAL_Driver/Src/stm32l4xx_hal_qspi.o
 .debug_info    0x00016229      0xc3b ./Drivers/STM32L4xx_HAL_Driver/Src/stm32l4xx_hal_rcc.o
 .debug_info    0x00016e64     0x10c1 ./Drivers/STM32L4xx_HAL_Driver/Src/stm32l4xx_hal_rcc_ex.o
 .debug_info    0x00017f25      0xd7d ./Drivers/STM32L4xx_HAL_Driver/Src/stm32l4xx_hal_rtc.o
 .debug_info    0x00018ca2     0x1192 ./Drivers/STM32L4xx_HAL_Driver/Src/stm32l4xx_hal_sai.o
 .debug_info    0x00019e34     0x1bc9 ./Drivers/STM32L4xx_HAL_Driver/Src/stm32l4xx_hal_sd.o
 .debug_info    0x0001b9fd     0x1549 ./Drivers/STM32L4xx_HAL_Driver/Src/stm32l4xx_hal_spi.o
 .debug_info    0x0001cf46      0xd18 ./Drivers/STM32L4xx_HAL_Driver/Src/stm32l4xx_hal_sram.o
 .debug_info    0x0001dc5e     0x3b85 ./Drivers/STM32L4xx_HAL_Driver/Src/stm32l4xx_hal_uart.o
 .debug_info    0x000217e3      0x7a0 ./Drivers/STM32L4xx_HAL_Driver/Src/stm32l4xx_ll_fmc.o
 .debug_info    0x00021f83     0x1146 ./Drivers/STM32L4xx_HAL_Driver/Src/stm32l4xx_ll_sdmmc.o
 .debug_info    0x000230c9     0x1994 ./Drivers/STM32L4xx_HAL_Driver/Src/stm32l4xx_ll_usb.o
 .debug_info    0x00024a5d     0x1338 ./Middlewares/ST/STM32_USB_Device_Library/Class/CDC/Src/usbd_cdc.o
 .debug_info    0x00025d95      0xe12 ./Middlewares/ST/STM32_USB_Device_Library/Core/Src/usbd_core.o
 .debug_info    0x00026ba7      0xaeb ./Middlewares/ST/STM32_USB_Device_Library/Core/Src/usbd_ctlreq.o
 .debug_info    0x00027692      0x762 ./Middlewares/ST/STM32_USB_Device_Library/Core/Src/usbd_ioreq.o
 .debug_info    0x00027df4      0x70e ./USB_DEVICE/App/usb_device.o
 .debug_info    0x00028502      0x907 ./USB_DEVICE/App/usbd_cdc_if.o
 .debug_info    0x00028e09      0x4ba ./USB_DEVICE/App/usbd_desc.o
 .debug_info    0x000292c3     0x1e5c ./USB_DEVICE/Target/usbd_conf.o

.debug_abbrev   0x00000000     0x5623
 .debug_abbrev  0x00000000      0x2a8 ./Core/Src/main.o
 .debug_abbrev  0x000002a8      0x294 ./Core/Src/stm32l4xx_hal_msp.o
 .debug_abbrev  0x0000053c      0x1a4 ./Core/Src/stm32l4xx_it.o
 .debug_abbrev  0x000006e0      0x11a ./Core/Src/system_stm32l4xx.o
 .debug_abbrev  0x000007fa       0x24 ./Core/Startup/startup_stm32l496agix.o
 .debug_abbrev  0x0000081e      0x242 ./Drivers/STM32L4xx_HAL_Driver/Src/stm32l4xx_hal.o
 .debug_abbrev  0x00000a60      0x2de ./Drivers/STM32L4xx_HAL_Driver/Src/stm32l4xx_hal_adc.o
 .debug_abbrev  0x00000d3e      0x2f1 ./Drivers/STM32L4xx_HAL_Driver/Src/stm32l4xx_hal_adc_ex.o
 .debug_abbrev  0x0000102f      0x31c ./Drivers/STM32L4xx_HAL_Driver/Src/stm32l4xx_hal_cortex.o
 .debug_abbrev  0x0000134b      0x277 ./Drivers/STM32L4xx_HAL_Driver/Src/stm32l4xx_hal_dcmi.o
 .debug_abbrev  0x000015c2      0x27e ./Drivers/STM32L4xx_HAL_Driver/Src/stm32l4xx_hal_dfsdm.o
 .debug_abbrev  0x00001840      0x1cb ./Drivers/STM32L4xx_HAL_Driver/Src/stm32l4xx_hal_gpio.o
 .debug_abbrev  0x00001a0b      0x261 ./Drivers/STM32L4xx_HAL_Driver/Src/stm32l4xx_hal_i2c.o
 .debug_abbrev  0x00001c6c      0x1c3 ./Drivers/STM32L4xx_HAL_Driver/Src/stm32l4xx_hal_i2c_ex.o
 .debug_abbrev  0x00001e2f      0x2da ./Drivers/STM32L4xx_HAL_Driver/Src/stm32l4xx_hal_pcd.o
 .debug_abbrev  0x00002109      0x256 ./Drivers/STM32L4xx_HAL_Driver/Src/stm32l4xx_hal_pcd_ex.o
 .debug_abbrev  0x0000235f      0x1d4 ./Drivers/STM32L4xx_HAL_Driver/Src/stm32l4xx_hal_pwr.o
 .debug_abbrev  0x00002533      0x1f9 ./Drivers/STM32L4xx_HAL_Driver/Src/stm32l4xx_hal_pwr_ex.o
 .debug_abbrev  0x0000272c      0x250 ./Drivers/STM32L4xx_HAL_Driver/Src/stm32l4xx_hal_qspi.o
 .debug_abbrev  0x0000297c      0x2cb ./Drivers/STM32L4xx_HAL_Driver/Src/stm32l4xx_hal_rcc.o
 .debug_abbrev  0x00002c47      0x2a3 ./Drivers/STM32L4xx_HAL_Driver/Src/stm32l4xx_hal_rcc_ex.o
 .debug_abbrev  0x00002eea      0x201 ./Drivers/STM32L4xx_HAL_Driver/Src/stm32l4xx_hal_rtc.o
 .debug_abbrev  0x000030eb      0x26d ./Drivers/STM32L4xx_HAL_Driver/Src/stm32l4xx_hal_sai.o
 .debug_abbrev  0x00003358      0x296 ./Drivers/STM32L4xx_HAL_Driver/Src/stm32l4xx_hal_sd.o
 .debug_abbrev  0x000035ee      0x260 ./Drivers/STM32L4xx_HAL_Driver/Src/stm32l4xx_hal_spi.o
 .debug_abbrev  0x0000384e      0x1f4 ./Drivers/STM32L4xx_HAL_Driver/Src/stm32l4xx_hal_sram.o
 .debug_abbrev  0x00003a42      0x2d0 ./Drivers/STM32L4xx_HAL_Driver/Src/stm32l4xx_hal_uart.o
 .debug_abbrev  0x00003d12      0x1ad ./Drivers/STM32L4xx_HAL_Driver/Src/stm32l4xx_ll_fmc.o
 .debug_abbrev  0x00003ebf      0x1f3 ./Drivers/STM32L4xx_HAL_Driver/Src/stm32l4xx_ll_sdmmc.o
 .debug_abbrev  0x000040b2      0x2b1 ./Drivers/STM32L4xx_HAL_Driver/Src/stm32l4xx_ll_usb.o
 .debug_abbrev  0x00004363      0x2d1 ./Middlewares/ST/STM32_USB_Device_Library/Class/CDC/Src/usbd_cdc.o
 .debug_abbrev  0x00004634      0x27c ./Middlewares/ST/STM32_USB_Device_Library/Core/Src/usbd_core.o
 .debug_abbrev  0x000048b0      0x26f ./Middlewares/ST/STM32_USB_Device_Library/Core/Src/usbd_ctlreq.o
 .debug_abbrev  0x00004b1f      0x19a ./Middlewares/ST/STM32_USB_Device_Library/Core/Src/usbd_ioreq.o
 .debug_abbrev  0x00004cb9      0x195 ./USB_DEVICE/App/usb_device.o
 .debug_abbrev  0x00004e4e      0x29d ./USB_DEVICE/App/usbd_cdc_if.o
 .debug_abbrev  0x000050eb      0x1e3 ./USB_DEVICE/App/usbd_desc.o
 .debug_abbrev  0x000052ce      0x355 ./USB_DEVICE/Target/usbd_conf.o

.debug_aranges  0x00000000     0x25c8
 .debug_aranges
                0x00000000       0xc8 ./Core/Src/main.o
 .debug_aranges
                0x000000c8       0xe0 ./Core/Src/stm32l4xx_hal_msp.o
 .debug_aranges
                0x000001a8       0x68 ./Core/Src/stm32l4xx_it.o
 .debug_aranges