17:16:01 **** Incremental Build of configuration Debug for project Black_pill_blink ****
make -j6 all 
arm-none-eabi-gcc "../Core/Src/main.c" -mcpu=cortex-m4 -std=gnu11 -g3 -DDEBUG -DUSE_HAL_DRIVER -DSTM32F411xE -c -I../Core/Inc -I../Drivers/STM32F4xx_HAL_Driver/Inc -I../Drivers/STM32F4xx_HAL_Driver/Inc/Legacy -I../Drivers/CMSIS/Device/ST/STM32F4xx/Include -I../Drivers/CMSIS/Include -O0 -ffunction-sections -fdata-sections -Wall -fstack-usage -fcyclomatic-complexity -MMD -MP -MF"Core/Src/main.d" -MT"Core/Src/main.o" --specs=nano.specs -mfpu=fpv4-sp-d16 -mfloat-abi=hard -mthumb -o "Core/Src/main.o"
arm-none-eabi-gcc -o "Black_pill_blink.elf" @"objects.list"   -mcpu=cortex-m4 -T"C:\Users\User03\Desktop\STM32\Black_pill_blink\STM32F411CEUX_FLASH.ld" --specs=nosys.specs -Wl,-Map="Black_pill_blink.map" -Wl,--gc-sections -static --specs=nano.specs -mfpu=fpv4-sp-d16 -mfloat-abi=hard -mthumb -Wl,--start-group -lc -lm -Wl,--end-group
Finished building target: Black_pill_blink.elf
 
arm-none-eabi-size  Black_pill_blink.elf 
arm-none-eabi-objdump -h -S Black_pill_blink.elf  > "Black_pill_blink.list"
   text	   data	    bss	    dec	    hex	filename
   5912	     12	   1572	   7496	   1d48	Black_pill_blink.elf
Finished building: default.size.stdout
 
Finished building: Black_pill_blink.list
 

17:16:03 Build Finished. 0 errors, 0 warnings. (took 1s.442ms)

